ARM Linker, 4.1 [Build 713] [Standard]

==============================================================================

Section Cross References

    main.o(.text) refers to stm32f10x_iwdg.o(.text) for IWDG_ReloadCounter
    main.o(.text) refers to rf_target.o(.text) for InitTarget
    main.o(.text) refers to stm32f10x_rcc.o(.text) for RCC_GetFlagStatus
    main.o(.text) refers to rf_parameter.o(.text) for InitParam
    main.o(.text) refers to rf_control.o(.text) for InitControl
    main.o(.text) refers to rf_protocol.o(.text) for InitProtocol
    main.o(.text) refers to rf_task.o(.text) for AddTaskTimer
    rf_task.o(.text) refers to user_timer.o(.text) for UserTimerReset
    rf_task.o(.text) refers to rf_task.o(.data) for .data
    rf_task.o(.text) refers to rf_task.o(.bss) for .bss
    rf_control.o(.text) refers to dev_att.o(.text) for WritePe4302
    rf_control.o(.text) refers to fflt_clz.o(x$fpl$fflt) for __aeabi_i2f
    rf_control.o(.text) refers to fdiv.o(x$fpl$fdiv) for __aeabi_fdiv
    rf_control.o(.text) refers to fmul.o(x$fpl$fmul) for __aeabi_fmul
    rf_control.o(.text) refers to faddsub_clz.o(x$fpl$fadd) for __aeabi_fadd
    rf_control.o(.text) refers to ffix.o(x$fpl$ffix) for __aeabi_f2iz
    rf_control.o(.text) refers to rf_parameter.o(.text) for SaveParam
    rf_control.o(.text) refers to rf_parameter.o(.bss) for gFctParam
    rf_control.o(.text) refers to rf_target.o(.constdata) for attBus
    rf_control.o(.text) refers to rf_control.o(.bss) for .bss
    rf_control.o(.text) refers to stm32f10x_gpio.o(.text) for GPIO_WriteBit
    rf_control.o(.text) refers to user_uart.o(.text) for SetUartBufInfo
    rf_control.o(.text) refers to dflt_clz.o(x$fpl$dflt) for __aeabi_i2d
    rf_control.o(.text) refers to ddiv.o(x$fpl$ddiv) for __aeabi_ddiv
    rf_control.o(.text) refers to daddsub_clz.o(x$fpl$dadd) for __aeabi_dadd
    rf_control.o(.text) refers to d2f.o(x$fpl$d2f) for __aeabi_d2f
    rf_control.o(.text) refers to rf_control.o(.data) for .data
    rf_control.o(.text) refers to user_adc.o(.text) for ReadAdcValue
    rf_control.o(.text) refers to dev_temp.o(.text) for ReadExternalTemperatureSensor
    rf_control.o(.text) refers to f2d.o(x$fpl$f2d) for __aeabi_f2d
    rf_control.o(.text) refers to pow.o(i.pow) for pow
    rf_control.o(.text) refers to sqrt.o(i.sqrt) for sqrt
    rf_control.o(.text) refers to faddsub_clz.o(x$fpl$fsub) for __aeabi_fsub
    rf_control.o(.text) refers to ffixu.o(x$fpl$ffixu) for __aeabi_f2uiz
    rf_control.o(.constdata) refers to rf_parameter.o(.bss) for gAsbParam
    rf_control.o(.constdata) refers to rf_control.o(.text) for AsbSetLna1
    rf_control.o(.constdata) refers to user_uart.o(.bss) for uartBuf
    rf_control.o(.constdata) refers to rf_parameter.o(.bss) for gFctParam
    rf_control.o(.constdata) refers to rf_control.o(.data) for upgradeReply
    rf_control.o(.constdata) refers to rf_protocol.o(.text) for I2cUpgradeWrite
    rf_control.o(.constdata) refers to rf_parameter.o(.bss) for gFctParam
    rf_control.o(.constdata) refers to rf_control.o(.text) for JLna1AttSet
    rf_control.o(.constdata) refers to rf_control.o(.data) for outPwrBuf
    rf_control.o(.constdata) refers to rf_control.o(.data) for refPwrBuf
    rf_parameter.o(.text) refers to dev_e2prom.o(.text) for ReadE2prom
    rf_parameter.o(.text) refers to rt_memclr.o(.text) for __aeabi_memclr
    rf_parameter.o(.text) refers to rf_control.o(.text) for JointExeTabSize
    rf_parameter.o(.text) refers to rf_parameter.o(.bss) for .bss
    rf_parameter.o(.text) refers to rf_control.o(.constdata) for jointExeTab
    rf_parameter.o(.text) refers to rf_control.o(.bss) for gOutAdjVal
    rf_protocol.o(.text) refers to user_flash.o(.text) for InitCode2Flash
    rf_protocol.o(.text) refers to rt_memcpy_v6.o(.text) for __aeabi_memcpy
    rf_protocol.o(.text) refers to rf_parameter.o(.text) for SaveParam
    rf_protocol.o(.text) refers to aeabi_memset.o(.text) for __aeabi_memset
    rf_protocol.o(.text) refers to rf_control.o(.text) for JointExeTabSize
    rf_protocol.o(.text) refers to user_uart.o(.text) for SetUartBufInfo
    rf_protocol.o(.text) refers to user_i2c.o(.text) for InitI2cProc
    rf_protocol.o(.text) refers to rf_protocol.o(.data) for .data
    rf_protocol.o(.text) refers to rf_protocol.o(.constdata) for .constdata
    rf_protocol.o(.text) refers to rf_control.o(.constdata) for jointExeTab
    rf_protocol.o(.text) refers to rf_parameter.o(.bss) for gFctParam
    rf_protocol.o(.text) refers to rf_control.o(.constdata) for asbExeTab
    rf_target.o(.text) refers to stm32f10x_rcc.o(.text) for RCC_PCLK1Config
    rf_target.o(.text) refers to misc.o(.text) for NVIC_PriorityGroupConfig
    rf_target.o(.text) refers to stm32f10x_gpio.o(.text) for GPIO_PinRemapConfig
    rf_target.o(.text) refers to user_adc.o(.text) for InitAdc
    rf_target.o(.text) refers to user_uart.o(.text) for InitUart
    rf_target.o(.text) refers to user_i2c.o(.text) for InitI2c
[...]
    .text                                    0x08003e7e   Section       78  rt_memclr_w.o(.text)
    .text                                    0x08003ecc   Section        8  rt_errno_addr_intlibspace.o(.text)
    .text                                    0x08003ed4   Section        8  libspace.o(.text)
    .text                                    0x08003edc   Section       74  sys_stackheap_outer.o(.text)
    .text                                    0x08003f26   Section        0  exit.o(.text)
    .text                                    0x08003f34   Section        8  rt_fp_status_addr_intlibspace.o(.text)
    .text                                    0x08003f3c   Section        0  sys_exit.o(.text)
    .text                                    0x08003f48   Section        2  use_no_semi.o(.text)
    .text                                    0x08003f4a   Section        0  indicate_semi.o(.text)
    i.__ARM_fpclassify                       0x08003f4a   Section        0  fpclassify.o(i.__ARM_fpclassify)
    i.__kernel_poly                          0x08003f72   Section        0  poly.o(i.__kernel_poly)
    i.__mathlib_dbl_underflow                0x0800401c   Section        0  dunder.o(i.__mathlib_dbl_underflow)
    i.pow                                    0x0800402c   Section        0  pow.o(i.pow)
    i.sqrt                                   0x08004a1c   Section        0  sqrt.o(i.sqrt)
    i.usdelay                                0x08004a68   Section        0  dev_spi.o(i.usdelay)
    x$fpl$d2f                                0x08004a80   Section       98  d2f.o(x$fpl$d2f)
    x$fpl$dadd                               0x08004ae4   Section      336  daddsub_clz.o(x$fpl$dadd)
    _dadd1                                   0x08004af5   Thumb Code     0  daddsub_clz.o(x$fpl$dadd)
    x$fpl$dcheck1                            0x08004c34   Section       16  dcheck1.o(x$fpl$dcheck1)
    x$fpl$dcmpinf                            0x08004c44   Section       24  dcmpi.o(x$fpl$dcmpinf)
    x$fpl$ddiv                               0x08004c5c   Section      688  ddiv.o(x$fpl$ddiv)
    ddiv_entry                               0x08004c63   Thumb Code     0  ddiv.o(x$fpl$ddiv)
    x$fpl$dflt                               0x08004f0c   Section       46  dflt_clz.o(x$fpl$dflt)
    x$fpl$dfltu                              0x08004f3a   Section       38  dflt_clz.o(x$fpl$dfltu)
    x$fpl$dleqf                              0x08004f60   Section      120  dleqf.o(x$fpl$dleqf)
    x$fpl$dmul                               0x08004fd8   Section      340  dmul.o(x$fpl$dmul)
    x$fpl$dnaninf                            0x0800512c   Section      156  dnaninf.o(x$fpl$dnaninf)
    x$fpl$dretinf                            0x080051c8   Section       12  dretinf.o(x$fpl$dretinf)
    x$fpl$drleqf                             0x080051d4   Section      108  drleqf.o(x$fpl$drleqf)
    x$fpl$drsb                               0x08005240   Section       22  daddsub_clz.o(x$fpl$drsb)
    x$fpl$dsqrt                              0x08005258   Section      460  dsqrt_noumaal.o(x$fpl$dsqrt)
    x$fpl$dsub                               0x08005424   Section      468  daddsub_clz.o(x$fpl$dsub)
    _dsub1                                   0x08005435   Thumb Code     0  daddsub_clz.o(x$fpl$dsub)
    x$fpl$f2d                                0x080055f8   Section       86  f2d.o(x$fpl$f2d)
    x$fpl$fadd                               0x08005650   Section      196  faddsub_clz.o(x$fpl$fadd)
    _fadd1                                   0x0800565f   Thumb Code     0  faddsub_clz.o(x$fpl$fadd)
    x$fpl$fdiv                               0x08005714   Section      388  fdiv.o(x$fpl$fdiv)
    _fdiv1                                   0x08005715   Thumb Code     0  fdiv.o(x$fpl$fdiv)
    x$fpl$ffix                               0x08005898   Section       54  ffix.o(x$fpl$ffix)
    x$fpl$ffixu                              0x080058d0   Section       62  ffixu.o(x$fpl$ffixu)
    x$fpl$fflt                               0x08005910   Section       48  fflt_clz.o(x$fpl$fflt)
    x$fpl$fmul                               0x08005940   Section      258  fmul.o(x$fpl$fmul)
    x$fpl$fnaninf                            0x08005a42   Section      140  fnaninf.o(x$fpl$fnaninf)
    x$fpl$fpinit                             0x08005ace   Section       14  fpinit.o(x$fpl$fpinit)
    x$fpl$fretinf                            0x08005adc   Section       10  fretinf.o(x$fpl$fretinf)
    x$fpl$fsub                               0x08005ae8   Section      234  faddsub_clz.o(x$fpl$fsub)
    _fsub1                                   0x08005af7   Thumb Code     0  faddsub_clz.o(x$fpl$fsub)
    x$fpl$retnan                             0x08005bd2   Section      100  retnan.o(x$fpl$retnan)
    x$fpl$scalbn                             0x08005c36   Section       96  scalbn.o(x$fpl$scalbn)
    x$fpl$trapveneer                         0x08005c96   Section       48  trapv.o(x$fpl$trapveneer)
    x$fpl$usenofp                            0x08005cc6   Section        0  usenofp.o(x$fpl$usenofp)
    .constdata                               0x08005cc8   Section      180  rf_control.o(.constdata)
    .constdata                               0x08005d7c   Section     1568  rf_control.o(.constdata)
    .constdata                               0x0800639c   Section      256  rf_protocol.o(.constdata)
    .constdata                               0x0800649c   Section       48  rf_target.o(.constdata)
    .constdata                               0x080064cc   Section      528  rf_target.o(.constdata)
    gpioTable                                0x080064cc   Data         528  rf_target.o(.constdata)
    .constdata                               0x080066e0   Section      136  pow.o(.constdata)
    bp                                       0x080066e0   Data          16  pow.o(.constdata)
    dp_h                                     0x080066f0   Data          16  pow.o(.constdata)
    dp_l                                     0x08006700   Data          16  pow.o(.constdata)
    L                                        0x08006710   Data          48  pow.o(.constdata)
    P                                        0x08006740   Data          40  pow.o(.constdata)
    .constdata                               0x08006768   Section        8  qnan.o(.constdata)
    .text                                    0x08007000   Section        0  stm32f10x_flash.o(.text)
    .text                                    0x08007478   Section        0  stm32f10x_iwdg.o(.text)
    BOOTLOADER                               0x080074b4   Section        0  user_flash.o(BOOTLOADER)
    .data                                    0x20000000   Section        1  rf_task.o(.data)
    taskNum                                  0x20000000   Data           1  rf_task.o(.data)
    .data                                    0x20000002   Section        6  rf_control.o(.data)
    state                                    0x20000002   Data           1  rf_control.o(.data)
    curPwrOutSend                            0x20000004   Data           2  rf_control.o(.data)
    curVswrSend                              0x20000006   Data           2  rf_control.o(.data)
    .data                                    0x20000008   Section        4  rf_control.o(.data)
    outPwrBuf                                0x20000008   Data           4  rf_control.o(.data)
    .data                                    0x2000000c   Section        4  rf_control.o(.data)
    refPwrBuf                                0x2000000c   Data           4  rf_control.o(.data)
    .data                                    0x20000010   Section        1  rf_control.o(.data)
    upgradeReply                             0x20000010   Data           1  rf_control.o(.data)
    .data                                    0x20000012   Section        4  rf_protocol.o(.data)
    i2cUpgradeState                          0x20000012   Data           1  rf_protocol.o(.data)
    codePktNextIdx                           0x20000014   Data           2  rf_protocol.o(.data)
    .data                                    0x20000018   Section       20  system_stm32f10x.o(.data)
    .data                                    0x2000002c   Section       16  user_i2c.o(.data)
    rxCnt                                    0x2000002c   Data           2  user_i2c.o(.data)
    txCnt                                    0x2000002e   Data           2  user_i2c.o(.data)
    txSum                                    0x20000030   Data           2  user_i2c.o(.data)
    txBuf                                    0x20000034   Data           4  user_i2c.o(.data)
    .data                                    0x2000003c   Section       20  stm32f10x_rcc.o(.data)
    ADCPrescTable                            0x2000003c   Data           4  stm32f10x_rcc.o(.data)
    APBAHBPrescTable                         0x20000040   Data          16  stm32f10x_rcc.o(.data)
    .bss                                     0x20000050   Section      200  rf_task.o(.bss)
    taskTable                                0x20000050   Data         200  rf_task.o(.bss)
    .bss                                     0x20000118   Section      396  rf_control.o(.bss)
    refAdVal                                 0x20000118   Data          32  rf_control.o(.bss)
    outAdVal                                 0x20000138   Data          32  rf_control.o(.bss)
    .bss                                     0x200002a4   Section       88  rf_parameter.o(.bss)
    .bss                                     0x200002fc   Section       12  rf_parameter.o(.bss)
    .bss                                     0x20000308   Section      512  user_i2c.o(.bss)
    rxBuf                                    0x20000308   Data         512  user_i2c.o(.bss)
    .bss                                     0x20000508   Section      536  user_uart.o(.bss)
    rxTimer                                  0x20000508   Data          12  user_uart.o(.bss)
    uartBufQS                                0x20000714   Data          12  user_uart.o(.bss)
    .bss                                     0x20000720   Section     1032  user_flash.o(.bss)
    bufQueue                                 0x20000720   Data        1032  user_flash.o(.bss)
    .bss                                     0x20000b28   Section       96  libspace.o(.bss)
    HEAP                                     0x20000b88   Section      512  startup_stm32f10x_md_vl.o(HEAP)
    Heap_Mem                                 0x20000b88   Data         512  startup_stm32f10x_md_vl.o(HEAP)
    STACK                                    0x20000d88   Section     1024  startup_stm32f10x_md_vl.o(STACK)
    Stack_Mem                                0x20000d88   Data        1024  startup_stm32f10x_md_vl.o(STACK)
    __initial_sp                             0x20001188   Data           0  startup_stm32f10x_md_vl.o(STACK)

    Global Symbols

    Symbol Name                              Value     Ov Type        Size  Object(Section)

    BuildAttributes$$THM_ISAv4$P$D$K$B$S$PE$A:L22UL41UL21$X:L11$S22US41US21$IEEE1$IW$USESV6$~STKCKD$USESV7$~SHL$OTIME$ROPI$IEEEX$EBA8$UX$STANDARDLIB$REQ8$PRES8$EABIv2 0x00000000   Number         0  anon$$obj.o ABSOLUTE
    __ARM_use_no_argv                        0x00000000   Number         0  main.o ABSOLUTE
    __ARM_exceptions_init                     - Undefined Weak Reference
    __alloca_initialize                       - Undefined Weak Reference
    __cpp_initialize__aeabi_                  - Undefined Weak Reference
    __cxa_finalize                            - Undefined Weak Reference
    __fpl_infinity                            - Undefined Weak Reference
    __rt_locale                               - Undefined Weak Reference
    __sigvec_lookup                           - Undefined Weak Reference
    _atexit_init                              - Undefined Weak Reference
    _call_atexit_fns                          - Undefined Weak Reference
    _clock_init                               - Undefined Weak Reference
    _fp_trap_init                             - Undefined Weak Reference
    _fp_trap_shutdown                         - Undefined Weak Reference
    _get_lc_collate                           - Undefined Weak Reference
    _get_lc_ctype                             - Undefined Weak Reference
    _get_lc_monetary                          - Undefined Weak Reference
    _get_lc_numeric                           - Undefined Weak Reference
    _get_lc_time                              - Undefined Weak Reference
    _getenv_init                              - Undefined Weak Reference
    _handle_redirection                       - Undefined Weak Reference
    _init_alloc                               - Undefined Weak Reference
    _init_user_alloc                          - Undefined Weak Reference
    _initio                                   - Undefined Weak Reference
    _rand_init                                - Undefined Weak Reference
    _signal_finish                            - Undefined Weak Reference
    _signal_init                              - Undefined Weak Reference
    _terminate_alloc                          - Undefined Weak Reference
    _terminate_user_alloc                     - Undefined Weak Reference
    _terminateio                              - Undefined Weak Reference
    __Vectors_Size                           0x00000120   Number         0  startup_stm32f10x_md_vl.o ABSOLUTE
    __Vectors                                0x08000000   Data           4  startup_stm32f10x_md_vl.o(RESET)
    __Vectors_End                            0x08000120   Data           0  startup_stm32f10x_md_vl.o(RESET)
    __main                                   0x08000121   Thumb Code     8  __main.o(!!!main)
    __scatterload                            0x08000129   Thumb Code     0  __scatter.o(!!!scatter)
    __scatterload_rt2                        0x08000129   Thumb Code    44  __scatter.o(!!!scatter)
    __scatterload_rt2_thumb_only             0x08000129   Thumb Code     0  __scatter.o(!!!scatter)
    __scatterload_null                       0x08000137   Thumb Code     0  __scatter.o(!!!scatter)
    __scatterload_copy                       0x0800015d   Thumb Code    26  __scatter_copy.o(!!handler_copy)
    __scatterload_zeroinit                   0x08000179   Thumb Code    28  __scatter_zi.o(!!handler_zi)
    __rt_lib_init                            0x08000195   Thumb Code     0  libinit.o(.ARM.Collect$$libinit$$00000000)
    __rt_lib_init_alloca_1                   0x0800019b   Thumb Code     0  libinit2.o(.ARM.Collect$$libinit$$0000002A)
    __rt_lib_init_argv_1                     0x0800019b   Thumb Code     0  libinit2.o(.ARM.Collect$$libinit$$00000028)
    __rt_lib_init_atexit_1                   0x0800019b   Thumb Code     0  libinit2.o(.ARM.Collect$$libinit$$00000017)
    __rt_lib_init_clock_1                    0x0800019b   Thumb Code     0  libinit2.o(.ARM.Collect$$libinit$$0000001D)
    __rt_lib_init_cpp_1                      0x0800019b   Thumb Code     0  libinit2.o(.ARM.Collect$$libinit$$0000002E)
    __rt_lib_init_exceptions_1               0x0800019b   Thumb Code     0  libinit2.o(.ARM.Collect$$libinit$$0000002C)
    __rt_lib_init_fp_trap_1                  0x0800019b   Thumb Code     0  libinit2.o(.ARM.Collect$$libinit$$0000001B)
    __rt_lib_init_getenv_1                   0x0800019b   Thumb Code     0  libinit2.o(.ARM.Collect$$libinit$$0000001F)
    __rt_lib_init_heap_1                     0x0800019b   Thumb Code     0  libinit2.o(.ARM.Collect$$libinit$$00000006)
    __rt_lib_init_lc_collate_1               0x0800019b   Thumb Code     0  libinit2.o(.ARM.Collect$$libinit$$0000000D)
    __rt_lib_init_lc_ctype_1                 0x0800019b   Thumb Code     0  libinit2.o(.ARM.Collect$$libinit$$0000000F)
    __rt_lib_init_lc_monetary_1              0x0800019b   Thumb Code     0  libinit2.o(.ARM.Collect$$libinit$$00000011)
    __rt_lib_init_lc_numeric_1               0x0800019b   Thumb Code     0  libinit2.o(.ARM.Collect$$libinit$$00000013)
    __rt_lib_init_lc_time_1                  0x0800019b   Thumb Code     0  libinit2.o(.ARM.Collect$$libinit$$00000015)
    __rt_lib_init_rand_1                     0x0800019b   Thumb Code     0  libinit2.o(.ARM.Collect$$libinit$$0000000A)
    __rt_lib_init_return                     0x0800019b   Thumb Code     0  libinit2.o(.ARM.Collect$$libinit$$0000002F)
    __rt_lib_init_signal_1                   0x0800019b   Thumb Code     0  libinit2.o(.ARM.Collect$$libinit$$00000019)
    __rt_lib_init_stdio_1                    0x0800019b   Thumb Code     0  libinit2.o(.ARM.Collect$$libinit$$00000021)
    __rt_lib_init_user_alloc_1               0x0800019b   Thumb Code     0  libinit2.o(.ARM.Collect$$libinit$$00000008)
    __rt_lib_shutdown                        0x0800019d   Thumb Code     0  libshutdown.o(.ARM.Collect$$libshutdown$$00000000)
    __rt_lib_shutdown_fp_trap_1              0x0800019f   Thumb Code     0  libshutdown2.o(.ARM.Collect$$libshutdown$$00000006)
    __rt_lib_shutdown_heap_1                 0x0800019f   Thumb Code     0  libshutdown2.o(.ARM.Collect$$libshutdown$$0000000E)
    __rt_lib_shutdown_return                 0x0800019f   Thumb Code     0  libshutdown2.o(.ARM.Collect$$libshutdown$$0000000F)
    __rt_lib_shutdown_signal_1               0x0800019f   Thumb Code     0  libshutdown2.o(.ARM.Collect$$libshutdown$$00000009)
    __rt_lib_shutdown_stdio_1                0x0800019f   Thumb Code     0  libshutdown2.o(.ARM.Collect$$libshutdown$$00000003)
    __rt_lib_shutdown_user_alloc_1           0x0800019f   Thumb Code     0  libshutdown2.o(.ARM.Collect$$libshutdown$$0000000B)
    __rt_entry                               0x080001a1   Thumb Code     0  rtentry.o(.ARM.Collect$$rtentry$$00000000)
    __rt_entry_presh_1                       0x080001a1   Thumb Code     0  rtentry2.o(.ARM.Collect$$rtentry$$00000002)
    __rt_entry_sh                            0x080001a1   Thumb Code     0  rtentry4.o(.ARM.Collect$$rtentry$$00000004)
    __rt_entry_li                            0x080001a7   Thumb Code     0  rtentry2.o(.ARM.Collect$$rtentry$$0000000A)
    __rt_entry_postsh_1                      0x080001a7   Thumb Code     0  rtentry2.o(.ARM.Collect$$rtentry$$00000009)
    __rt_entry_main                          0x080001ab   Thumb Code     0  rtentry2.o(.ARM.Collect$$rtentry$$0000000D)
    __rt_entry_postli_1                      0x080001ab   Thumb Code     0  rtentry2.o(.ARM.Collect$$rtentry$$0000000C)
    __rt_exit                                0x080001b3   Thumb Code     0  rtexit.o(.ARM.Collect$$rtexit$$00000000)
    __rt_exit_ls                             0x080001b5   Thumb Code     0  rtexit2.o(.ARM.Collect$$rtexit$$00000003)
    __rt_exit_prels_1                        0x080001b5   Thumb Code     0  rtexit2.o(.ARM.Collect$$rtexit$$00000002)
    __rt_exit_exit                           0x080001b9   Thumb Code     0  rtexit2.o(.ARM.Collect$$rtexit$$00000004)
    main                                     0x080001c5   Thumb Code   132  main.o(.text)
    AddTaskTimer                             0x0800025d   Thumb Code    50  rf_task.o(.text)
    DelTaskTimer                             0x0800028f   Thumb Code    88  rf_task.o(.text)
    InitTaskTimer                            0x080002e7   Thumb Code    44  rf_task.o(.text)
    TaskTimerRoutine                         0x08000313   Thumb Code    62  rf_task.o(.text)
    swapBytes                                0x08000359   Thumb Code    28  rf_control.o(.text)
    JLna1AttSet                              0x08000375   Thumb Code    26  rf_control.o(.text)
    JLna1AttAdj                              0x0800038f   Thumb Code    34  rf_control.o(.text)
    JLna2AttSet                              0x080003b1   Thumb Code    28  rf_control.o(.text)
    JLna2AttAdj                              0x080003cd   Thumb Code    34  rf_control.o(.text)
    TempCompensate                           0x080003ef   Thumb Code    88  rf_control.o(.text)
    getRefAdjValManual                       0x08000447   Thumb Code    62  rf_control.o(.text)
    getOutAdjValManual                       0x08000485   Thumb Code    64  rf_control.o(.text)
    setOutAdjVal                             0x08000577   Thumb Code   178  rf_control.o(.text)
    setRefAdjVal                             0x08000629   Thumb Code   176  rf_control.o(.text)
    setOutAdjValManual                       0x080006d9   Thumb Code   204  rf_control.o(.text)
    setRefAdjValManual                       0x080007a5   Thumb Code   186  rf_control.o(.text)
    JGC1Set                                  0x0800085f   Thumb Code    24  rf_control.o(.text)
    JGC2Set                                  0x08000877   Thumb Code    24  rf_control.o(.text)
    JGC3Set                                  0x0800088f   Thumb Code    24  rf_control.o(.text)
    JSwitch1                                 0x080008a7   Thumb Code    50  rf_control.o(.text)
    JSwitch2                                 0x080008d9   Thumb Code    50  rf_control.o(.text)
    JSwitchRx2                               0x0800090b   Thumb Code    64  rf_control.o(.text)
    AsbSetLna1                               0x0800094b   Thumb Code    40  rf_control.o(.text)
    AsbSetLna2                               0x08000973   Thumb Code    92  rf_control.o(.text)
    AsbGetLna1                               0x080009cf   Thumb Code    46  rf_control.o(.text)
    AsbGetLna2                               0x080009fd   Thumb Code    38  rf_control.o(.text)
    AsbGetTemperature                        0x08000a23   Thumb Code    20  rf_control.o(.text)
    AsbGetVersion                            0x08000a37   Thumb Code    26  rf_control.o(.text)
    AsbGetVswr                               0x08000a51   Thumb Code    14  rf_control.o(.text)
    AsbGetPower                              0x08000a5f   Thumb Code    16  rf_control.o(.text)
    AsbSetJointcomWrite                      0x08000a6f   Thumb Code    10  rf_control.o(.text)
    checkStrOrder                            0x08000b2b   Thumb Code    34  rf_control.o(.text)
    calPwr                                   0x08000b4d   Thumb Code    70  rf_control.o(.text)
    InitControl                              0x08000cb3   Thumb Code    86  rf_control.o(.text)
    TaskControl                              0x08000d09   Thumb Code   130  rf_control.o(.text)
    TaskSample                               0x08000d8b   Thumb Code   210  rf_control.o(.text)
    AsbExeTabSize                            0x08000e5d   Thumb Code     4  rf_control.o(.text)
    JointExeTabSize                          0x08000e61   Thumb Code     4  rf_control.o(.text)
    CheckDownFlag                            0x08000fa9   Thumb Code    58  rf_parameter.o(.text)
    SetDownFlag                              0x08000fe3   Thumb Code    22  rf_parameter.o(.text)
    SaveParam                                0x08000ff9   Thumb Code    10  rf_parameter.o(.text)
    FetchParam                               0x08001003   Thumb Code    10  rf_parameter.o(.text)
    InitParam                                0x0800100d   Thumb Code   292  rf_parameter.o(.text)
    TaskParameter                            0x08001131   Thumb Code     2  rf_parameter.o(.text)
    I2cUpgradeReply                          0x08001149   Thumb Code    18  rf_protocol.o(.text)
    I2cUpgradeWrite                          0x0800115b   Thumb Code   148  rf_protocol.o(.text)
    I2cUpgradeRead                           0x080011ef   Thumb Code     8  rf_protocol.o(.text)
    InitProtocol                             0x0800147d   Thumb Code    26  rf_protocol.o(.text)
    TaskProtocol                             0x08001497   Thumb Code    46  rf_protocol.o(.text)
    InitTarget                               0x080015c9   Thumb Code   156  rf_target.o(.text)
    NMI_Handler                              0x08001671   Thumb Code     2  stm32f10x_it.o(.text)
    HardFault_Handler                        0x08001673   Thumb Code     2  stm32f10x_it.o(.text)
    MemManage_Handler                        0x08001675   Thumb Code     2  stm32f10x_it.o(.text)
    BusFault_Handler                         0x08001677   Thumb Code     2  stm32f10x_it.o(.text)
    UsageFault_Handler                       0x08001679   Thumb Code     2  stm32f10x_it.o(.text)
    SVC_Handler                              0x0800167b   Thumb Code     2  stm32f10x_it.o(.text)
    DebugMon_Handler                         0x0800167d   Thumb Code     2  stm32f10x_it.o(.text)
    PendSV_Handler                           0x0800167f   Thumb Code     2  stm32f10x_it.o(.text)
    SysTick_Handler                          0x08001681   Thumb Code     2  stm32f10x_it.o(.text)
    SystemInit                               0x08001685   Thumb Code    68  system_stm32f10x.o(.text)
    SystemCoreClockUpdate                    0x080016c9   Thumb Code    98  system_stm32f10x.o(.text)
    WriteSpiOneWord                          0x08001845   Thumb Code   128  dev_spi.o(.text)
    WritePe4302                              0x08001921   Thumb Code    58  dev_att.o(.text)
    WriteE2prom                              0x08001961   Thumb Code   102  dev_e2prom.o(.text)
    ReadE2prom                               0x080019c7   Thumb Code    32  dev_e2prom.o(.text)
    ReadInternalTemperatureSensor            0x080019ed   Thumb Code     4  dev_temp.o(.text)
    ReadExternalTemperatureSensor            0x080019f1   Thumb Code    54  dev_temp.o(.text)
    InitTimer                                0x08001a2d   Thumb Code    60  user_timer.o(.text)
    UserTimerReset                           0x08001a69   Thumb Code    12  user_timer.o(.text)
    UserTimerOver                            0x08001a75   Thumb Code    94  user_timer.o(.text)
    InitAdc                                  0x08001ad9   Thumb Code    84  user_adc.o(.text)
    ReadAdcValue                             0x08001b2d   Thumb Code    96  user_adc.o(.text)
    ReadAdcTemperature                       0x08001b8d   Thumb Code   150  user_adc.o(.text)
    I2C1_EV_IRQHandler                       0x08001c3d   Thumb Code   244  user_i2c.o(.text)
    I2C2_EV_IRQHandler                       0x08001d31   Thumb Code     2  user_i2c.o(.text)
    I2cReadDevice                            0x08001de5   Thumb Code    50  user_i2c.o(.text)
    I2cWriteDevice                           0x08001e17   Thumb Code    16  user_i2c.o(.text)
    InitI2c                                  0x08001e27   Thumb Code   128  user_i2c.o(.text)
    InitI2cProc                              0x08001ea7   Thumb Code     6  user_i2c.o(.text)
    InitUartBuf                              0x08001fa5   Thumb Code    30  user_uart.o(.text)
    ResetUartBuf                             0x08001fc3   Thumb Code    20  user_uart.o(.text)
    GetUartBufInfo                           0x08002003   Thumb Code    30  user_uart.o(.text)
    SetUartBufInfo                           0x08002021   Thumb Code    14  user_uart.o(.text)
    InitUart                                 0x0800202f   Thumb Code    96  user_uart.o(.text)
    USART1_IRQHandler                        0x0800208f   Thumb Code   160  user_uart.o(.text)
    UartTxOpen                               0x0800212f   Thumb Code    40  user_uart.o(.text)
    Code2Flash                               0x08002165   Thumb Code   400  user_flash.o(.text)
    EndCode2Flash                            0x080022f5   Thumb Code     8  user_flash.o(.text)
    InitCode2Flash                           0x080022fd   Thumb Code     8  user_flash.o(.text)
    NVIC_PriorityGroupConfig                 0x08002311   Thumb Code    10  misc.o(.text)
    NVIC_Init                                0x0800231b   Thumb Code    90  misc.o(.text)
    NVIC_SetVectorTable                      0x08002375   Thumb Code    14  misc.o(.text)
    NVIC_SystemLPConfig                      0x08002383   Thumb Code    20  misc.o(.text)
    SysTick_CLKSourceConfig                  0x08002397   Thumb Code    24  misc.o(.text)
    ADC_DeInit                               0x080023c1   Thumb Code    56  stm32f10x_adc.o(.text)
    ADC_Init                                 0x080023f9   Thumb Code    62  stm32f10x_adc.o(.text)
    ADC_StructInit                           0x08002437   Thumb Code    18  stm32f10x_adc.o(.text)
    ADC_Cmd                                  0x08002449   Thumb Code    20  stm32f10x_adc.o(.text)
    ADC_DMACmd                               0x0800245d   Thumb Code    20  stm32f10x_adc.o(.text)
    ADC_ITConfig                             0x08002471   Thumb Code    18  stm32f10x_adc.o(.text)
    ADC_ResetCalibration                     0x08002483   Thumb Code    10  stm32f10x_adc.o(.text)
    ADC_GetResetCalibrationStatus            0x0800248d   Thumb Code    14  stm32f10x_adc.o(.text)
    ADC_StartCalibration                     0x0800249b   Thumb Code    10  stm32f10x_adc.o(.text)
    ADC_GetCalibrationStatus                 0x080024a5   Thumb Code    14  stm32f10x_adc.o(.text)
    ADC_SoftwareStartConvCmd                 0x080024b3   Thumb Code    20  stm32f10x_adc.o(.text)
    ADC_GetSoftwareStartConvStatus           0x080024c7   Thumb Code    14  stm32f10x_adc.o(.text)
    ADC_DiscModeChannelCountConfig           0x080024d5   Thumb Code    16  stm32f10x_adc.o(.text)
    ADC_DiscModeCmd                          0x080024e5   Thumb Code    20  stm32f10x_adc.o(.text)
    ADC_RegularChannelConfig                 0x080024f9   Thumb Code   116  stm32f10x_adc.o(.text)
    ADC_ExternalTrigConvCmd                  0x0800256d   Thumb Code    20  stm32f10x_adc.o(.text)
    ADC_GetConversionValue                   0x08002581   Thumb Code     6  stm32f10x_adc.o(.text)
    ADC_GetDualModeConversionValue           0x08002587   Thumb Code     8  stm32f10x_adc.o(.text)
    ADC_AutoInjectedConvCmd                  0x0800258f   Thumb Code    20  stm32f10x_adc.o(.text)
    ADC_InjectedDiscModeCmd                  0x080025a3   Thumb Code    20  stm32f10x_adc.o(.text)
    ADC_ExternalTrigInjectedConvConfig       0x080025b7   Thumb Code    12  stm32f10x_adc.o(.text)
    ADC_ExternalTrigInjectedConvCmd          0x080025c3   Thumb Code    20  stm32f10x_adc.o(.text)
    ADC_SoftwareStartInjectedConvCmd         0x080025d7   Thumb Code    20  stm32f10x_adc.o(.text)
    ADC_GetSoftwareStartInjectedConvCmdStatus 0x080025eb   Thumb Code    14  stm32f10x_adc.o(.text)
    ADC_InjectedChannelConfig                0x080025f9   Thumb Code    74  stm32f10x_adc.o(.text)
    ADC_InjectedSequencerLengthConfig        0x08002643   Thumb Code    16  stm32f10x_adc.o(.text)
    ADC_SetInjectedOffset                    0x08002653   Thumb Code     4  stm32f10x_adc.o(.text)
    ADC_GetInjectedConversionValue           0x08002657   Thumb Code     8  stm32f10x_adc.o(.text)
    ADC_AnalogWatchdogCmd                    0x0800265f   Thumb Code    12  stm32f10x_adc.o(.text)
    ADC_AnalogWatchdogThresholdsConfig       0x0800266b   Thumb Code     6  stm32f10x_adc.o(.text)
    ADC_AnalogWatchdogSingleChannelConfig    0x08002671   Thumb Code    12  stm32f10x_adc.o(.text)
    ADC_TempSensorVrefintCmd                 0x0800267d   Thumb Code    24  stm32f10x_adc.o(.text)
    ADC_GetFlagStatus                        0x08002695   Thumb Code    14  stm32f10x_adc.o(.text)
    ADC_ClearFlag                            0x080026a3   Thumb Code     6  stm32f10x_adc.o(.text)
    ADC_GetITStatus                          0x080026a9   Thumb Code    28  stm32f10x_adc.o(.text)
    ADC_ClearITPendingBit                    0x080026c5   Thumb Code     8  stm32f10x_adc.o(.text)
    GPIO_DeInit                              0x080026e5   Thumb Code   152  stm32f10x_gpio.o(.text)
    GPIO_AFIODeInit                          0x0800277d   Thumb Code    22  stm32f10x_gpio.o(.text)
    GPIO_Init                                0x08002793   Thumb Code   156  stm32f10x_gpio.o(.text)
    GPIO_StructInit                          0x0800282f   Thumb Code    16  stm32f10x_gpio.o(.text)
    GPIO_ReadInputDataBit                    0x0800283f   Thumb Code    14  stm32f10x_gpio.o(.text)
    GPIO_ReadInputData                       0x0800284d   Thumb Code     6  stm32f10x_gpio.o(.text)
    GPIO_ReadOutputDataBit                   0x08002853   Thumb Code    14  stm32f10x_gpio.o(.text)
    GPIO_ReadOutputData                      0x08002861   Thumb Code     6  stm32f10x_gpio.o(.text)
    GPIO_SetBits                             0x08002867   Thumb Code     4  stm32f10x_gpio.o(.text)
    GPIO_ResetBits                           0x0800286b   Thumb Code     4  stm32f10x_gpio.o(.text)
    GPIO_WriteBit                            0x0800286f   Thumb Code    10  stm32f10x_gpio.o(.text)
    GPIO_Write                               0x08002879   Thumb Code     4  stm32f10x_gpio.o(.text)
    GPIO_PinLockConfig                       0x0800287d   Thumb Code    16  stm32f10x_gpio.o(.text)
    GPIO_EventOutputConfig                   0x0800288d   Thumb Code    22  stm32f10x_gpio.o(.text)
    GPIO_EventOutputCmd                      0x080028a3   Thumb Code     6  stm32f10x_gpio.o(.text)
    GPIO_PinRemapConfig                      0x080028a9   Thumb Code    82  stm32f10x_gpio.o(.text)
    GPIO_EXTILineConfig                      0x080028fb   Thumb Code    34  stm32f10x_gpio.o(.text)
    GPIO_ETH_MediaInterfaceConfig            0x0800291d   Thumb Code     6  stm32f10x_gpio.o(.text)
    I2C_DeInit                               0x0800294d   Thumb Code    38  stm32f10x_i2c.o(.text)
    I2C_Init                                 0x08002973   Thumb Code   176  stm32f10x_i2c.o(.text)
    I2C_StructInit                           0x08002a23   Thumb Code    28  stm32f10x_i2c.o(.text)
    I2C_Cmd                                  0x08002a3f   Thumb Code    20  stm32f10x_i2c.o(.text)
    I2C_DMACmd                               0x08002a53   Thumb Code    20  stm32f10x_i2c.o(.text)
    I2C_DMALastTransferCmd                   0x08002a67   Thumb Code    20  stm32f10x_i2c.o(.text)
    I2C_GenerateSTART                        0x08002a7b   Thumb Code    20  stm32f10x_i2c.o(.text)
    I2C_GenerateSTOP                         0x08002a8f   Thumb Code    20  stm32f10x_i2c.o(.text)
    I2C_AcknowledgeConfig                    0x08002aa3   Thumb Code    20  stm32f10x_i2c.o(.text)
    I2C_OwnAddress2Config                    0x08002ab7   Thumb Code    16  stm32f10x_i2c.o(.text)
    I2C_DualAddressCmd                       0x08002ac7   Thumb Code    20  stm32f10x_i2c.o(.text)
    I2C_GeneralCallCmd                       0x08002adb   Thumb Code    20  stm32f10x_i2c.o(.text)
    I2C_ITConfig                             0x08002aef   Thumb Code    16  stm32f10x_i2c.o(.text)
    I2C_SendData                             0x08002aff   Thumb Code     4  stm32f10x_i2c.o(.text)
    I2C_ReceiveData                          0x08002b03   Thumb Code     6  stm32f10x_i2c.o(.text)
    I2C_Send7bitAddress                      0x08002b09   Thumb Code    16  stm32f10x_i2c.o(.text)
    I2C_ReadRegister                         0x08002b19   Thumb Code     4  stm32f10x_i2c.o(.text)
    I2C_SoftwareResetCmd                     0x08002b1d   Thumb Code    20  stm32f10x_i2c.o(.text)
    I2C_NACKPositionConfig                   0x08002b31   Thumb Code    22  stm32f10x_i2c.o(.text)
    I2C_SMBusAlertConfig                     0x08002b47   Thumb Code    22  stm32f10x_i2c.o(.text)
    I2C_TransmitPEC                          0x08002b5d   Thumb Code    20  stm32f10x_i2c.o(.text)
    I2C_PECPositionConfig                    0x08002b71   Thumb Code    22  stm32f10x_i2c.o(.text)
    I2C_CalculatePEC                         0x08002b87   Thumb Code    20  stm32f10x_i2c.o(.text)
    I2C_GetPEC                               0x08002b9b   Thumb Code     6  stm32f10x_i2c.o(.text)
    I2C_ARPCmd                               0x08002ba1   Thumb Code    20  stm32f10x_i2c.o(.text)
    I2C_StretchClockCmd                      0x08002bb5   Thumb Code    20  stm32f10x_i2c.o(.text)
    I2C_FastModeDutyCycleConfig              0x08002bc9   Thumb Code    22  stm32f10x_i2c.o(.text)
    I2C_CheckEvent                           0x08002bdf   Thumb Code    24  stm32f10x_i2c.o(.text)
    I2C_GetLastEvent                         0x08002bf7   Thumb Code    14  stm32f10x_i2c.o(.text)
    I2C_GetFlagStatus                        0x08002c05   Thumb Code    30  stm32f10x_i2c.o(.text)
    I2C_ClearFlag                            0x08002c23   Thumb Code     6  stm32f10x_i2c.o(.text)
    I2C_GetITStatus                          0x08002c29   Thumb Code    34  stm32f10x_i2c.o(.text)
    I2C_ClearITPendingBit                    0x08002c4b   Thumb Code     6  stm32f10x_i2c.o(.text)
    RCC_DeInit                               0x08002c5d   Thumb Code    54  stm32f10x_rcc.o(.text)
    RCC_HSEConfig                            0x08002c93   Thumb Code    48  stm32f10x_rcc.o(.text)
    RCC_GetFlagStatus                        0x08002cc3   Thumb Code    42  stm32f10x_rcc.o(.text)
    RCC_WaitForHSEStartUp                    0x08002ced   Thumb Code    38  stm32f10x_rcc.o(.text)
    RCC_AdjustHSICalibrationValue            0x08002d13   Thumb Code    16  stm32f10x_rcc.o(.text)
    RCC_HSICmd                               0x08002d23   Thumb Code     6  stm32f10x_rcc.o(.text)
    RCC_PLLConfig                            0x08002d29   Thumb Code    16  stm32f10x_rcc.o(.text)
    RCC_PLLCmd                               0x08002d39   Thumb Code     6  stm32f10x_rcc.o(.text)
    RCC_PREDIV1Config                        0x08002d3f   Thumb Code    18  stm32f10x_rcc.o(.text)
    RCC_SYSCLKConfig                         0x08002d51   Thumb Code    14  stm32f10x_rcc.o(.text)
    RCC_GetSYSCLKSource                      0x08002d5f   Thumb Code    10  stm32f10x_rcc.o(.text)
    RCC_HCLKConfig                           0x08002d69   Thumb Code    14  stm32f10x_rcc.o(.text)
    RCC_PCLK1Config                          0x08002d77   Thumb Code    14  stm32f10x_rcc.o(.text)
    RCC_PCLK2Config                          0x08002d85   Thumb Code    16  stm32f10x_rcc.o(.text)
    RCC_ITConfig                             0x08002d95   Thumb Code    18  stm32f10x_rcc.o(.text)
    RCC_USBCLKConfig                         0x08002da7   Thumb Code     6  stm32f10x_rcc.o(.text)
    RCC_ADCCLKConfig                         0x08002dad   Thumb Code    14  stm32f10x_rcc.o(.text)
    RCC_LSEConfig                            0x08002dbb   Thumb Code    26  stm32f10x_rcc.o(.text)
    RCC_LSICmd                               0x08002dd5   Thumb Code     6  stm32f10x_rcc.o(.text)
    RCC_RTCCLKConfig                         0x08002ddb   Thumb Code    10  stm32f10x_rcc.o(.text)
    RCC_RTCCLKCmd                            0x08002de5   Thumb Code     8  stm32f10x_rcc.o(.text)
    RCC_GetClocksFreq                        0x08002ded   Thumb Code   146  stm32f10x_rcc.o(.text)
    RCC_AHBPeriphClockCmd                    0x08002e7f   Thumb Code    18  stm32f10x_rcc.o(.text)
    RCC_APB2PeriphClockCmd                   0x08002e91   Thumb Code    18  stm32f10x_rcc.o(.text)
    RCC_APB1PeriphClockCmd                   0x08002ea3   Thumb Code    18  stm32f10x_rcc.o(.text)
    RCC_APB2PeriphResetCmd                   0x08002eb5   Thumb Code    18  stm32f10x_rcc.o(.text)
    RCC_APB1PeriphResetCmd                   0x08002ec7   Thumb Code    18  stm32f10x_rcc.o(.text)
    RCC_BackupResetCmd                       0x08002ed9   Thumb Code     8  stm32f10x_rcc.o(.text)
    RCC_ClockSecuritySystemCmd               0x08002ee1   Thumb Code     6  stm32f10x_rcc.o(.text)
    RCC_MCOConfig                            0x08002ee7   Thumb Code     6  stm32f10x_rcc.o(.text)
    RCC_ClearFlag                            0x08002eed   Thumb Code    12  stm32f10x_rcc.o(.text)
    RCC_GetITStatus                          0x08002ef9   Thumb Code    16  stm32f10x_rcc.o(.text)
    RCC_ClearITPendingBit                    0x08002f09   Thumb Code     6  stm32f10x_rcc.o(.text)
    TIM_DeInit                               0x08002f41   Thumb Code   304  stm32f10x_tim.o(.text)
    TIM_TimeBaseInit                         0x08003071   Thumb Code   114  stm32f10x_tim.o(.text)
    TIM_OC1Init                              0x080030e3   Thumb Code   106  stm32f10x_tim.o(.text)
    TIM_OC2Init                              0x0800314d   Thumb Code   116  stm32f10x_tim.o(.text)
    TIM_OC3Init                              0x080031c1   Thumb Code   112  stm32f10x_tim.o(.text)
    TIM_OC4Init                              0x08003231   Thumb Code    86  stm32f10x_tim.o(.text)
    TIM_SetIC4Prescaler                      0x08003287   Thumb Code    18  stm32f10x_tim.o(.text)
    TIM_SetIC3Prescaler                      0x08003299   Thumb Code    16  stm32f10x_tim.o(.text)
    TIM_SetIC2Prescaler                      0x080032a9   Thumb Code    18  stm32f10x_tim.o(.text)
    TIM_SetIC1Prescaler                      0x0800331d   Thumb Code    80  stm32f10x_tim.o(.text)
    TIM_ICInit                               0x080033c1   Thumb Code   270  stm32f10x_tim.o(.text)
    TIM_PWMIConfig                           0x080034cf   Thumb Code   104  stm32f10x_tim.o(.text)
    TIM_BDTRConfig                           0x08003537   Thumb Code    34  stm32f10x_tim.o(.text)
    TIM_TimeBaseStructInit                   0x08003559   Thumb Code    18  stm32f10x_tim.o(.text)
    TIM_OCStructInit                         0x0800356b   Thumb Code    20  stm32f10x_tim.o(.text)
    TIM_ICStructInit                         0x0800357f   Thumb Code    16  stm32f10x_tim.o(.text)
    TIM_BDTRStructInit                       0x0800358f   Thumb Code    18  stm32f10x_tim.o(.text)
    TIM_Cmd                                  0x080035a1   Thumb Code    20  stm32f10x_tim.o(.text)
    TIM_CtrlPWMOutputs                       0x080035b5   Thumb Code    22  stm32f10x_tim.o(.text)
    TIM_ITConfig                             0x080035cb   Thumb Code    16  stm32f10x_tim.o(.text)
    TIM_GenerateEvent                        0x080035db   Thumb Code     4  stm32f10x_tim.o(.text)
    TIM_DMAConfig                            0x080035df   Thumb Code     8  stm32f10x_tim.o(.text)
    TIM_DMACmd                               0x080035e7   Thumb Code    16  stm32f10x_tim.o(.text)
    TIM_InternalClockConfig                  0x080035f7   Thumb Code    10  stm32f10x_tim.o(.text)
    TIM_SelectInputTrigger                   0x08003601   Thumb Code    12  stm32f10x_tim.o(.text)
    TIM_ITRxExternalClockConfig              0x0800360d   Thumb Code    18  stm32f10x_tim.o(.text)
    TIM_TIxExternalClockConfig               0x0800361f   Thumb Code    44  stm32f10x_tim.o(.text)
    TIM_ETRConfig                            0x0800364b   Thumb Code    18  stm32f10x_tim.o(.text)
    TIM_ETRClockMode1Config                  0x0800365d   Thumb Code    18  stm32f10x_tim.o(.text)
    TIM_ETRClockMode2Config                  0x0800366f   Thumb Code    18  stm32f10x_tim.o(.text)
    TIM_PrescalerConfig                      0x08003681   Thumb Code     6  stm32f10x_tim.o(.text)
    TIM_CounterModeConfig                    0x08003687   Thumb Code    12  stm32f10x_tim.o(.text)
    TIM_EncoderInterfaceConfig               0x08003693   Thumb Code    44  stm32f10x_tim.o(.text)
    TIM_ForcedOC1Config                      0x080036bf   Thumb Code    12  stm32f10x_tim.o(.text)
    TIM_ForcedOC2Config                      0x080036cb   Thumb Code    14  stm32f10x_tim.o(.text)
    TIM_ForcedOC3Config                      0x080036d9   Thumb Code    12  stm32f10x_tim.o(.text)
    TIM_ForcedOC4Config                      0x080036e5   Thumb Code    14  stm32f10x_tim.o(.text)
    TIM_ARRPreloadConfig                     0x080036f3   Thumb Code    20  stm32f10x_tim.o(.text)
    TIM_SelectCOM                            0x08003707   Thumb Code    20  stm32f10x_tim.o(.text)
    TIM_SelectCCDMA                          0x0800371b   Thumb Code    20  stm32f10x_tim.o(.text)
    TIM_CCPreloadControl                     0x0800372f   Thumb Code    20  stm32f10x_tim.o(.text)
    TIM_OC1PreloadConfig                     0x08003743   Thumb Code    12  stm32f10x_tim.o(.text)
    TIM_OC2PreloadConfig                     0x0800374f   Thumb Code    14  stm32f10x_tim.o(.text)
    TIM_OC3PreloadConfig                     0x0800375d   Thumb Code    32  stm32f10x_tim.o(.text)
    TIM_OC4PreloadConfig                     0x0800377d   Thumb Code    14  stm32f10x_tim.o(.text)
    TIM_OC1FastConfig                        0x0800378b   Thumb Code    12  stm32f10x_tim.o(.text)
    TIM_OC2FastConfig                        0x08003797   Thumb Code    14  stm32f10x_tim.o(.text)
    TIM_OC3FastConfig                        0x080037a5   Thumb Code    12  stm32f10x_tim.o(.text)
    TIM_OC4FastConfig                        0x080037b1   Thumb Code    14  stm32f10x_tim.o(.text)
    TIM_ClearOC1Ref                          0x080037bf   Thumb Code    12  stm32f10x_tim.o(.text)
    TIM_ClearOC2Ref                          0x080037cb   Thumb Code    14  stm32f10x_tim.o(.text)
    TIM_ClearOC3Ref                          0x080037d9   Thumb Code    12  stm32f10x_tim.o(.text)
    TIM_ClearOC4Ref                          0x080037e5   Thumb Code    14  stm32f10x_tim.o(.text)
    TIM_OC1PolarityConfig                    0x080037f3   Thumb Code    12  stm32f10x_tim.o(.text)
    TIM_OC1NPolarityConfig                   0x080037ff   Thumb Code    12  stm32f10x_tim.o(.text)
    TIM_OC2PolarityConfig                    0x0800380b   Thumb Code    14  stm32f10x_tim.o(.text)
    TIM_OC2NPolarityConfig                   0x08003819   Thumb Code    14  stm32f10x_tim.o(.text)
    TIM_OC3PolarityConfig                    0x08003827   Thumb Code    14  stm32f10x_tim.o(.text)
    TIM_OC3NPolarityConfig                   0x08003835   Thumb Code    14  stm32f10x_tim.o(.text)
    TIM_OC4PolarityConfig                    0x08003843   Thumb Code    14  stm32f10x_tim.o(.text)
    TIM_CCxCmd                               0x08003851   Thumb Code    22  stm32f10x_tim.o(.text)
    TIM_CCxNCmd                              0x08003867   Thumb Code    22  stm32f10x_tim.o(.text)
    TIM_SelectOCxM                           0x0800387d   Thumb Code    66  stm32f10x_tim.o(.text)
    TIM_UpdateDisableConfig                  0x080038bf   Thumb Code    20  stm32f10x_tim.o(.text)
    TIM_UpdateRequestConfig                  0x080038d3   Thumb Code    20  stm32f10x_tim.o(.text)
    TIM_SelectHallSensor                     0x080038e7   Thumb Code    20  stm32f10x_tim.o(.text)
    TIM_SelectOnePulseMode                   0x080038fb   Thumb Code    16  stm32f10x_tim.o(.text)
    TIM_SelectOutputTrigger                  0x0800390b   Thumb Code    16  stm32f10x_tim.o(.text)
    TIM_SelectSlaveMode                      0x0800391b   Thumb Code    16  stm32f10x_tim.o(.text)
    TIM_SelectMasterSlaveMode                0x0800392b   Thumb Code    16  stm32f10x_tim.o(.text)
    TIM_SetCounter                           0x0800393b   Thumb Code     4  stm32f10x_tim.o(.text)
    TIM_SetAutoreload                        0x0800393f   Thumb Code     4  stm32f10x_tim.o(.text)
    TIM_SetCompare1                          0x08003943   Thumb Code     4  stm32f10x_tim.o(.text)
    TIM_SetCompare2                          0x08003947   Thumb Code     4  stm32f10x_tim.o(.text)
    TIM_SetCompare3                          0x0800394b   Thumb Code     4  stm32f10x_tim.o(.text)
    TIM_SetCompare4                          0x0800394f   Thumb Code     6  stm32f10x_tim.o(.text)
    TIM_SetClockDivision                     0x08003955   Thumb Code    16  stm32f10x_tim.o(.text)
    TIM_GetCapture1                          0x08003965   Thumb Code     4  stm32f10x_tim.o(.text)
    TIM_GetCapture2                          0x08003969   Thumb Code     4  stm32f10x_tim.o(.text)
    TIM_GetCapture3                          0x0800396d   Thumb Code     4  stm32f10x_tim.o(.text)
    TIM_GetCapture4                          0x08003971   Thumb Code     6  stm32f10x_tim.o(.text)
    TIM_GetCounter                           0x08003977   Thumb Code     4  stm32f10x_tim.o(.text)
    TIM_GetPrescaler                         0x0800397b   Thumb Code     4  stm32f10x_tim.o(.text)
    TIM_GetFlagStatus                        0x0800397f   Thumb Code    14  stm32f10x_tim.o(.text)
    TIM_ClearFlag                            0x0800398d   Thumb Code     6  stm32f10x_tim.o(.text)
    TIM_GetITStatus                          0x08003993   Thumb Code    24  stm32f10x_tim.o(.text)
    TIM_ClearITPendingBit                    0x080039ab   Thumb Code     6  stm32f10x_tim.o(.text)
    USART_DeInit                             0x080039b1   Thumb Code    96  stm32f10x_usart.o(.text)
    USART_Init                               0x08003a11   Thumb Code   176  stm32f10x_usart.o(.text)
    USART_StructInit                         0x08003ac1   Thumb Code    22  stm32f10x_usart.o(.text)
    USART_ClockInit                          0x08003ad7   Thumb Code    30  stm32f10x_usart.o(.text)
    USART_ClockStructInit                    0x08003af5   Thumb Code    12  stm32f10x_usart.o(.text)
    USART_Cmd                                0x08003b01   Thumb Code    20  stm32f10x_usart.o(.text)
    USART_ITConfig                           0x08003b15   Thumb Code    48  stm32f10x_usart.o(.text)
    USART_DMACmd                             0x08003b45   Thumb Code    16  stm32f10x_usart.o(.text)
    USART_SetAddress                         0x08003b55   Thumb Code    16  stm32f10x_usart.o(.text)
    USART_WakeUpConfig                       0x08003b65   Thumb Code    16  stm32f10x_usart.o(.text)
    USART_ReceiverWakeUpCmd                  0x08003b75   Thumb Code    20  stm32f10x_usart.o(.text)
    USART_LINBreakDetectLengthConfig         0x08003b89   Thumb Code    16  stm32f10x_usart.o(.text)
    USART_LINCmd                             0x08003b99   Thumb Code    20  stm32f10x_usart.o(.text)
    USART_SendData                           0x08003bad   Thumb Code     8  stm32f10x_usart.o(.text)
    USART_ReceiveData                        0x08003bb5   Thumb Code     8  stm32f10x_usart.o(.text)
    USART_SendBreak                          0x08003bbd   Thumb Code    10  stm32f10x_usart.o(.text)
    USART_SetGuardTime                       0x08003bc7   Thumb Code    16  stm32f10x_usart.o(.text)
    USART_SetPrescaler                       0x08003bd7   Thumb Code    16  stm32f10x_usart.o(.text)
    USART_SmartCardCmd                       0x08003be7   Thumb Code    20  stm32f10x_usart.o(.text)
    USART_SmartCardNACKCmd                   0x08003bfb   Thumb Code    20  stm32f10x_usart.o(.text)
    USART_HalfDuplexCmd                      0x08003c0f   Thumb Code    20  stm32f10x_usart.o(.text)
    USART_OverSampling8Cmd                   0x08003c23   Thumb Code    20  stm32f10x_usart.o(.text)
    USART_OneBitMethodCmd                    0x08003c37   Thumb Code    20  stm32f10x_usart.o(.text)
    USART_IrDAConfig                         0x08003c4b   Thumb Code    16  stm32f10x_usart.o(.text)
    USART_IrDACmd                            0x08003c5b   Thumb Code    20  stm32f10x_usart.o(.text)
    USART_GetFlagStatus                      0x08003c6f   Thumb Code    14  stm32f10x_usart.o(.text)
    USART_ClearFlag                          0x08003c7d   Thumb Code     6  stm32f10x_usart.o(.text)
    USART_GetITStatus                        0x08003c83   Thumb Code    62  stm32f10x_usart.o(.text)
    USART_ClearITPendingBit                  0x08003cc1   Thumb Code    12  stm32f10x_usart.o(.text)
    Reset_Handler                            0x08003ce1   Thumb Code     8  startup_stm32f10x_md_vl.o(.text)
    ADC1_IRQHandler                          0x08003cfb   Thumb Code     0  startup_stm32f10x_md_vl.o(.text)
    CEC_IRQHandler                           0x08003cfb   Thumb Code     0  startup_stm32f10x_md_vl.o(.text)
    DMA1_Channel1_IRQHandler                 0x08003cfb   Thumb Code     0  startup_stm32f10x_md_vl.o(.text)
    DMA1_Channel2_IRQHandler                 0x08003cfb   Thumb Code     0  startup_stm32f10x_md_vl.o(.text)
    DMA1_Channel3_IRQHandler                 0x08003cfb   Thumb Code     0  startup_stm32f10x_md_vl.o(.text)
    DMA1_Channel4_IRQHandler                 0x08003cfb   Thumb Code     0  startup_stm32f10x_md_vl.o(.text)
    DMA1_Channel5_IRQHandler                 0x08003cfb   Thumb Code     0  startup_stm32f10x_md_vl.o(.text)
    DMA1_Channel6_IRQHandler                 0x08003cfb   Thumb Code     0  startup_stm32f10x_md_vl.o(.text)
    DMA1_Channel7_IRQHandler                 0x08003cfb   Thumb Code     0  startup_stm32f10x_md_vl.o(.text)
    EXTI0_IRQHandler                         0x08003cfb   Thumb Code     0  startup_stm32f10x_md_vl.o(.text)
    EXTI15_10_IRQHandler                     0x08003cfb   Thumb Code     0  startup_stm32f10x_md_vl.o(.text)
    EXTI1_IRQHandler                         0x08003cfb   Thumb Code     0  startup_stm32f10x_md_vl.o(.text)
    EXTI2_IRQHandler                         0x08003cfb   Thumb Code     0  startup_stm32f10x_md_vl.o(.text)
    EXTI3_IRQHandler                         0x08003cfb   Thumb Code     0  startup_stm32f10x_md_vl.o(.text)
    EXTI4_IRQHandler                         0x08003cfb   Thumb Code     0  startup_stm32f10x_md_vl.o(.text)
    EXTI9_5_IRQHandler                       0x08003cfb   Thumb Code     0  startup_stm32f10x_md_vl.o(.text)
    FLASH_IRQHandler                         0x08003cfb   Thumb Code     0  startup_stm32f10x_md_vl.o(.text)
    I2C1_ER_IRQHandler                       0x08003cfb   Thumb Code     0  startup_stm32f10x_md_vl.o(.text)
    I2C2_ER_IRQHandler                       0x08003cfb   Thumb Code     0  startup_stm32f10x_md_vl.o(.text)
    PVD_IRQHandler                           0x08003cfb   Thumb Code     0  startup_stm32f10x_md_vl.o(.text)
    RCC_IRQHandler                           0x08003cfb   Thumb Code     0  startup_stm32f10x_md_vl.o(.text)
    RTCAlarm_IRQHandler                      0x08003cfb   Thumb Code     0  startup_stm32f10x_md_vl.o(.text)
    RTC_IRQHandler                           0x08003cfb   Thumb Code     0  startup_stm32f10x_md_vl.o(.text)
    SPI1_IRQHandler                          0x08003cfb   Thumb Code     0  startup_stm32f10x_md_vl.o(.text)
    SPI2_IRQHandler                          0x08003cfb   Thumb Code     0  startup_stm32f10x_md_vl.o(.text)
    TAMPER_IRQHandler                        0x08003cfb   Thumb Code     0  startup_stm32f10x_md_vl.o(.text)
    TIM1_BRK_TIM15_IRQHandler                0x08003cfb   Thumb Code     0  startup_stm32f10x_md_vl.o(.text)
    TIM1_CC_IRQHandler                       0x08003cfb   Thumb Code     0  startup_stm32f10x_md_vl.o(.text)
    TIM1_TRG_COM_TIM17_IRQHandler            0x08003cfb   Thumb Code     0  startup_stm32f10x_md_vl.o(.text)
    TIM1_UP_TIM16_IRQHandler                 0x08003cfb   Thumb Code     0  startup_stm32f10x_md_vl.o(.text)
    TIM2_IRQHandler                          0x08003cfb   Thumb Code     0  startup_stm32f10x_md_vl.o(.text)
    TIM3_IRQHandler                          0x08003cfb   Thumb Code     0  startup_stm32f10x_md_vl.o(.text)
    TIM4_IRQHandler                          0x08003cfb   Thumb Code     0  startup_stm32f10x_md_vl.o(.text)
    TIM6_DAC_IRQHandler                      0x08003cfb   Thumb Code     0  startup_stm32f10x_md_vl.o(.text)
    TIM7_IRQHandler                          0x08003cfb   Thumb Code     0  startup_stm32f10x_md_vl.o(.text)
    USART2_IRQHandler                        0x08003cfb   Thumb Code     0  startup_stm32f10x_md_vl.o(.text)
    USART3_IRQHandler                        0x08003cfb   Thumb Code     0  startup_stm32f10x_md_vl.o(.text)
    WWDG_IRQHandler                          0x08003cfb   Thumb Code     0  startup_stm32f10x_md_vl.o(.text)
    __user_initial_stackheap                 0x08003cfd   Thumb Code     0  startup_stm32f10x_md_vl.o(.text)
    __aeabi_memcpy                           0x08003d21   Thumb Code     0  rt_memcpy_v6.o(.text)
    __rt_memcpy                              0x08003d21   Thumb Code   138  rt_memcpy_v6.o(.text)
    _memcpy_lastbytes                        0x08003d87   Thumb Code     0  rt_memcpy_v6.o(.text)
    __aeabi_memset                           0x08003dab   Thumb Code    16  aeabi_memset.o(.text)
    __aeabi_memclr                           0x08003dbb   Thumb Code     0  rt_memclr.o(.text)
    __rt_memclr                              0x08003dbb   Thumb Code    68  rt_memclr.o(.text)
    _memset                                  0x08003dbf   Thumb Code     0  rt_memclr.o(.text)
    __use_two_region_memory                  0x08003dff   Thumb Code     2  heapauxi.o(.text)
    __rt_heap_escrow$2region                 0x08003e01   Thumb Code     2  heapauxi.o(.text)
    __rt_heap_expand$2region                 0x08003e03   Thumb Code     2  heapauxi.o(.text)
    __read_errno                             0x08003e05   Thumb Code    10  _rserrno.o(.text)
    __set_errno                              0x08003e0f   Thumb Code    12  _rserrno.o(.text)
    __aeabi_memcpy4                          0x08003e1b   Thumb Code     0  rt_memcpy_w.o(.text)
    __aeabi_memcpy8                          0x08003e1b   Thumb Code     0  rt_memcpy_w.o(.text)
    __rt_memcpy_w                            0x08003e1b   Thumb Code   100  rt_memcpy_w.o(.text)
    _memcpy_lastbytes_aligned                0x08003e63   Thumb Code     0  rt_memcpy_w.o(.text)
    __aeabi_memclr4                          0x08003e7f   Thumb Code     0  rt_memclr_w.o(.text)
    __aeabi_memclr8                          0x08003e7f   Thumb Code     0  rt_memclr_w.o(.text)
    __rt_memclr_w                            0x08003e7f   Thumb Code    78  rt_memclr_w.o(.text)
    _memset_w                                0x08003e83   Thumb Code     0  rt_memclr_w.o(.text)
    __aeabi_errno_addr                       0x08003ecd   Thumb Code     8  rt_errno_addr_intlibspace.o(.text)
    __errno$intlibspace                      0x08003ecd   Thumb Code     0  rt_errno_addr_intlibspace.o(.text)
    __rt_errno_addr$intlibspace              0x08003ecd   Thumb Code     0  rt_errno_addr_intlibspace.o(.text)
    __user_libspace                          0x08003ed5   Thumb Code     8  libspace.o(.text)
    __user_perproc_libspace                  0x08003ed5   Thumb Code     0  libspace.o(.text)
    __user_perthread_libspace                0x08003ed5   Thumb Code     0  libspace.o(.text)
    __user_setup_stackheap                   0x08003edd   Thumb Code    74  sys_stackheap_outer.o(.text)
    exit                                     0x08003f27   Thumb Code    12  exit.o(.text)
    __rt_fp_status_addr                      0x08003f35   Thumb Code     8  rt_fp_status_addr_intlibspace.o(.text)
    _sys_exit                                0x08003f3d   Thumb Code     8  sys_exit.o(.text)
    __I$use$semihosting                      0x08003f49   Thumb Code     0  use_no_semi.o(.text)
    __use_no_semihosting_swi                 0x08003f49   Thumb Code     2  use_no_semi.o(.text)
    __ARM_fpclassify                         0x08003f4b   Thumb Code    40  fpclassify.o(i.__ARM_fpclassify)
    __semihosting_library_function           0x08003f4b   Thumb Code     0  indicate_semi.o(.text)
    __kernel_poly                            0x08003f73   Thumb Code   170  poly.o(i.__kernel_poly)
    __mathlib_dbl_underflow                  0x0800401d   Thumb Code    10  dunder.o(i.__mathlib_dbl_underflow)
    pow                                      0x0800402d   Thumb Code  2534  pow.o(i.pow)
    sqrt                                     0x08004a1d   Thumb Code    76  sqrt.o(i.sqrt)
    usdelay                                  0x08004a69   Thumb Code    24  dev_spi.o(i.usdelay)
    __aeabi_d2f                              0x08004a81   Thumb Code     0  d2f.o(x$fpl$d2f)
    _d2f                                     0x08004a81   Thumb Code    98  d2f.o(x$fpl$d2f)
    __aeabi_dadd                             0x08004ae5   Thumb Code     0  daddsub_clz.o(x$fpl$dadd)
    _dadd                                    0x08004ae5   Thumb Code   332  daddsub_clz.o(x$fpl$dadd)
    __fpl_dcheck_NaN1                        0x08004c35   Thumb Code    10  dcheck1.o(x$fpl$dcheck1)
    __fpl_dcmp_Inf                           0x08004c45   Thumb Code    24  dcmpi.o(x$fpl$dcmpinf)
    __aeabi_ddiv                             0x08004c5d   Thumb Code     0  ddiv.o(x$fpl$ddiv)
    _ddiv                                    0x08004c5d   Thumb Code   552  ddiv.o(x$fpl$ddiv)
    __aeabi_i2d                              0x08004f0d   Thumb Code     0  dflt_clz.o(x$fpl$dflt)
    _dflt                                    0x08004f0d   Thumb Code    46  dflt_clz.o(x$fpl$dflt)
    __aeabi_ui2d                             0x08004f3b   Thumb Code     0  dflt_clz.o(x$fpl$dfltu)
    _dfltu                                   0x08004f3b   Thumb Code    38  dflt_clz.o(x$fpl$dfltu)
    __aeabi_cdcmple                          0x08004f61   Thumb Code     0  dleqf.o(x$fpl$dleqf)
    _dcmple                                  0x08004f61   Thumb Code   120  dleqf.o(x$fpl$dleqf)
    __fpl_dcmple_InfNaN                      0x08004fc3   Thumb Code     0  dleqf.o(x$fpl$dleqf)
    __aeabi_dmul                             0x08004fd9   Thumb Code     0  dmul.o(x$fpl$dmul)
    _dmul                                    0x08004fd9   Thumb Code   332  dmul.o(x$fpl$dmul)
    __fpl_dnaninf                            0x0800512d   Thumb Code   156  dnaninf.o(x$fpl$dnaninf)
    __fpl_dretinf                            0x080051c9   Thumb Code    12  dretinf.o(x$fpl$dretinf)
    __aeabi_cdrcmple                         0x080051d5   Thumb Code     0  drleqf.o(x$fpl$drleqf)
    _drcmple                                 0x080051d5   Thumb Code   108  drleqf.o(x$fpl$drleqf)
    __aeabi_drsub                            0x08005241   Thumb Code     0  daddsub_clz.o(x$fpl$drsb)
    _drsb                                    0x08005241   Thumb Code    22  daddsub_clz.o(x$fpl$drsb)
    _dsqrt                                   0x08005259   Thumb Code   456  dsqrt_noumaal.o(x$fpl$dsqrt)
    __aeabi_dsub                             0x08005425   Thumb Code     0  daddsub_clz.o(x$fpl$dsub)
    _dsub                                    0x08005425   Thumb Code   464  daddsub_clz.o(x$fpl$dsub)
    __aeabi_f2d                              0x080055f9   Thumb Code     0  f2d.o(x$fpl$f2d)
    _f2d                                     0x080055f9   Thumb Code    86  f2d.o(x$fpl$f2d)
    __aeabi_fadd                             0x08005651   Thumb Code     0  faddsub_clz.o(x$fpl$fadd)
    _fadd                                    0x08005651   Thumb Code   196  faddsub_clz.o(x$fpl$fadd)
    __aeabi_fdiv                             0x08005715   Thumb Code     0  fdiv.o(x$fpl$fdiv)
    _fdiv                                    0x08005715   Thumb Code   384  fdiv.o(x$fpl$fdiv)
    __aeabi_f2iz                             0x08005899   Thumb Code     0  ffix.o(x$fpl$ffix)
    _ffix                                    0x08005899   Thumb Code    54  ffix.o(x$fpl$ffix)
    __aeabi_f2uiz                            0x080058d1   Thumb Code     0  ffixu.o(x$fpl$ffixu)
    _ffixu                                   0x080058d1   Thumb Code    62  ffixu.o(x$fpl$ffixu)
    __aeabi_i2f                              0x08005911   Thumb Code     0  fflt_clz.o(x$fpl$fflt)
    _fflt                                    0x08005911   Thumb Code    48  fflt_clz.o(x$fpl$fflt)
    __aeabi_fmul                             0x08005941   Thumb Code     0  fmul.o(x$fpl$fmul)
    _fmul                                    0x08005941   Thumb Code   258  fmul.o(x$fpl$fmul)
    __fpl_fnaninf                            0x08005a43   Thumb Code   140  fnaninf.o(x$fpl$fnaninf)
    _fp_init                                 0x08005acf   Thumb Code    14  fpinit.o(x$fpl$fpinit)
    __fplib_config_pureend_doubles           0x08005adb   Thumb Code     0  fpinit.o(x$fpl$fpinit)
    __fpl_fretinf                            0x08005add   Thumb Code    10  fretinf.o(x$fpl$fretinf)
    __aeabi_fsub                             0x08005ae9   Thumb Code     0  faddsub_clz.o(x$fpl$fsub)
    _fsub                                    0x08005ae9   Thumb Code   234  faddsub_clz.o(x$fpl$fsub)
    __fpl_return_NaN                         0x08005bd3   Thumb Code   100  retnan.o(x$fpl$retnan)
    __ARM_scalbn                             0x08005c37   Thumb Code    96  scalbn.o(x$fpl$scalbn)
    __fpl_inf_scalbn                         0x08005c95   Thumb Code     0  scalbn.o(x$fpl$scalbn)
    __fpl_cmpreturn                          0x08005c97   Thumb Code    48  trapv.o(x$fpl$trapveneer)
    __I$use$fp                               0x08005cc7   Thumb Code     0  usenofp.o(x$fpl$usenofp)
    asbExeTab                                0x08005cc8   Data         180  rf_control.o(.constdata)
    jointExeTab                              0x08005d7c   Data        1568  rf_control.o(.constdata)
    CRC8Table                                0x0800639c   Data         256  rf_protocol.o(.constdata)
    attBus                                   0x0800649c   Data          48  rf_target.o(.constdata)
    __mathlib_zero                           0x08006768   Data           8  qnan.o(.constdata)
    Region$$Table$$Base                      0x08006770   Number         0  anon$$obj.o(Region$$Table)
    Region$$Table$$Limit                     0x08006790   Number         0  anon$$obj.o(Region$$Table)
    FLASH_SetLatency                         0x08007001   Thumb Code    14  stm32f10x_flash.o(.text)
    FLASH_HalfCycleAccessCmd                 0x0800700f   Thumb Code    18  stm32f10x_flash.o(.text)
    FLASH_PrefetchBufferCmd                  0x08007021   Thumb Code    18  stm32f10x_flash.o(.text)
    FLASH_Unlock                             0x08007033   Thumb Code    12  stm32f10x_flash.o(.text)
    FLASH_UnlockBank1                        0x0800703f   Thumb Code    12  stm32f10x_flash.o(.text)
    FLASH_Lock                               0x0800704b   Thumb Code    12  stm32f10x_flash.o(.text)
    FLASH_LockBank1                          0x08007057   Thumb Code    12  stm32f10x_flash.o(.text)
    FLASH_GetBank1Status                     0x08007063   Thumb Code    34  stm32f10x_flash.o(.text)
    FLASH_WaitForLastOperation               0x08007085   Thumb Code    34  stm32f10x_flash.o(.text)
    FLASH_ErasePage                          0x080070a7   Thumb Code    56  stm32f10x_flash.o(.text)
    FLASH_EraseAllPages                      0x080070df   Thumb Code    52  stm32f10x_flash.o(.text)
    FLASH_WaitForLastBank1Operation          0x08007113   Thumb Code    34  stm32f10x_flash.o(.text)
    FLASH_EraseAllBank1Pages                 0x08007135   Thumb Code    52  stm32f10x_flash.o(.text)
    FLASH_GetReadOutProtectionStatus         0x08007169   Thumb Code    14  stm32f10x_flash.o(.text)
    FLASH_EraseOptionBytes                   0x08007177   Thumb Code   108  stm32f10x_flash.o(.text)
    FLASH_ProgramWord                        0x080071e3   Thumb Code    64  stm32f10x_flash.o(.text)
    FLASH_ProgramHalfWord                    0x08007223   Thumb Code    48  stm32f10x_flash.o(.text)
    FLASH_ProgramOptionByteData              0x08007253   Thumb Code    62  stm32f10x_flash.o(.text)
    FLASH_EnableWriteProtection              0x08007291   Thumb Code   158  stm32f10x_flash.o(.text)
    FLASH_ReadOutProtection                  0x0800732f   Thumb Code   118  stm32f10x_flash.o(.text)
    FLASH_UserOptionByteConfig               0x080073a5   Thumb Code    92  stm32f10x_flash.o(.text)
    FLASH_GetUserOptionByte                  0x08007401   Thumb Code     8  stm32f10x_flash.o(.text)
    FLASH_GetWriteProtectionOptionByte       0x08007409   Thumb Code     6  stm32f10x_flash.o(.text)
    FLASH_GetPrefetchBufferStatus            0x0800740f   Thumb Code    14  stm32f10x_flash.o(.text)
    FLASH_ITConfig                           0x0800741d   Thumb Code    18  stm32f10x_flash.o(.text)
    FLASH_GetFlagStatus                      0x0800742f   Thumb Code    28  stm32f10x_flash.o(.text)
    FLASH_ClearFlag                          0x0800744b   Thumb Code     6  stm32f10x_flash.o(.text)
    FLASH_GetStatus                          0x08007451   Thumb Code    34  stm32f10x_flash.o(.text)
    IWDG_WriteAccessCmd                      0x08007479   Thumb Code     6  stm32f10x_iwdg.o(.text)
    IWDG_SetPrescaler                        0x0800747f   Thumb Code     6  stm32f10x_iwdg.o(.text)
    IWDG_SetReload                           0x08007485   Thumb Code     6  stm32f10x_iwdg.o(.text)
    IWDG_ReloadCounter                       0x0800748b   Thumb Code    10  stm32f10x_iwdg.o(.text)
    IWDG_Enable                              0x08007495   Thumb Code    10  stm32f10x_iwdg.o(.text)
    IWDG_GetFlagStatus                       0x0800749f   Thumb Code    16  stm32f10x_iwdg.o(.text)
    Bootloader                               0x080074b5   Thumb Code   104  user_flash.o(BOOTLOADER)
    SystemCoreClock                          0x20000018   Data           4  system_stm32f10x.o(.data)
    AHBPrescTable                            0x2000001c   Data          16  system_stm32f10x.o(.data)
    i2c_slave_handle                         0x20000038   Data           4  user_i2c.o(.data)
    gRefAdjVal                               0x20000158   Data         164  rf_control.o(.bss)
    gOutAdjVal                               0x200001fc   Data         168  rf_control.o(.bss)
    gFctParam                                0x200002a4   Data          88  rf_parameter.o(.bss)
    gAsbParam                                0x200002fc   Data          12  rf_parameter.o(.bss)
    uartBuf                                  0x20000514   Data         512  user_uart.o(.bss)
    __libspace_start                         0x20000b28   Data          96  libspace.o(.bss)
    __temporary_stack_top$libspace           0x20000b88   Data           0  libspace.o(.bss)



==============================================================================

Memory Map of the image

  Image Entry point : 0x08000121

  Load Region LR_IROM1 (Base: 0x08000000, Size: 0x0000752c, Max: 0x00010000, ABSOLUTE)

    Execution Region ER_IROM1 (Base: 0x08000000, Size: 0x00006790, Max: 0x00010000, ABSOLUTE)

    Base Addr    Size         Type   Attr      Idx    E Section Name        Object

    0x08000000   0x00000120   Data   RO           55    RESET               startup_stm32f10x_md_vl.o
    0x08000120   0x00000008   Code   RO           63  * !!!main             c_w.l(__main.o)
    0x08000128   0x00000034   Code   RO          248    !!!scatter          c_w.l(__scatter.o)
    0x0800015c   0x0000001a   Code   RO          249    !!handler_copy      c_w.l(__scatter_copy.o)
    0x08000176   0x00000002   PAD
    0x08000178   0x0000001c   Code   RO          250    !!handler_zi        c_w.l(__scatter_zi.o)
    0x08000194   0x00000006   Code   RO          147    .ARM.Collect$$libinit$$00000000  c_w.l(libinit.o)
    0x0800019a   0x00000000   Code   RO          153    .ARM.Collect$$libinit$$00000006  c_w.l(libinit2.o)
    0x0800019a   0x00000000   Code   RO          155    .ARM.Collect$$libinit$$00000008  c_w.l(libinit2.o)
    0x0800019a   0x00000000   Code   RO          157    .ARM.Collect$$libinit$$0000000A  c_w.l(libinit2.o)
    0x0800019a   0x00000000   Code   RO          160    .ARM.Collect$$libinit$$0000000D  c_w.l(libinit2.o)
    0x0800019a   0x00000000   Code   RO          162    .ARM.Collect$$libinit$$0000000F  c_w.l(libinit2.o)
    0x0800019a   0x00000000   Code   RO          164    .ARM.Collect$$libinit$$00000011  c_w.l(libinit2.o)
    0x0800019a   0x00000000   Code   RO          166    .ARM.Collect$$libinit$$00000013  c_w.l(libinit2.o)
    0x0800019a   0x00000000   Code   RO          168    .ARM.Collect$$libinit$$00000015  c_w.l(libinit2.o)
    0x0800019a   0x00000000   Code   RO          170    .ARM.Collect$$libinit$$00000017  c_w.l(libinit2.o)
    0x0800019a   0x00000000   Code   RO          172    .ARM.Collect$$libinit$$00000019  c_w.l(libinit2.o)
    0x0800019a   0x00000000   Code   RO          174    .ARM.Collect$$libinit$$0000001B  c_w.l(libinit2.o)
    0x0800019a   0x00000000   Code   RO          176    .ARM.Collect$$libinit$$0000001D  c_w.l(libinit2.o)
    0x0800019a   0x00000000   Code   RO          178    .ARM.Collect$$libinit$$0000001F  c_w.l(libinit2.o)
    0x0800019a   0x00000000   Code   RO          180    .ARM.Collect$$libinit$$00000021  c_w.l(libinit2.o)
    0x0800019a   0x00000000   Code   RO          184    .ARM.Collect$$libinit$$00000028  c_w.l(libinit2.o)
    0x0800019a   0x00000000   Code   RO          186    .ARM.Collect$$libinit$$0000002A  c_w.l(libinit2.o)
    0x0800019a   0x00000000   Code   RO          188    .ARM.Collect$$libinit$$0000002C  c_w.l(libinit2.o)
    0x0800019a   0x00000000   Code   RO          190    .ARM.Collect$$libinit$$0000002E  c_w.l(libinit2.o)
    0x0800019a   0x00000002   Code   RO          191    .ARM.Collect$$libinit$$0000002F  c_w.l(libinit2.o)
    0x0800019c   0x00000002   Code   RO          209    .ARM.Collect$$libshutdown$$00000000  c_w.l(libshutdown.o)
    0x0800019e   0x00000000   Code   RO          218    .ARM.Collect$$libshutdown$$00000003  c_w.l(libshutdown2.o)
    0x0800019e   0x00000000   Code   RO          221    .ARM.Collect$$libshutdown$$00000006  c_w.l(libshutdown2.o)
    0x0800019e   0x00000000   Code   RO          224    .ARM.Collect$$libshutdown$$00000009  c_w.l(libshutdown2.o)
    0x0800019e   0x00000000   Code   RO          226    .ARM.Collect$$libshutdown$$0000000B  c_w.l(libshutdown2.o)
    0x0800019e   0x00000000   Code   RO          229    .ARM.Collect$$libshutdown$$0000000E  c_w.l(libshutdown2.o)
    0x0800019e   0x00000002   Code   RO          230    .ARM.Collect$$libshutdown$$0000000F  c_w.l(libshutdown2.o)
    0x080001a0   0x00000000   Code   RO           99    .ARM.Collect$$rtentry$$00000000  c_w.l(rtentry.o)
    0x080001a0   0x00000000   Code   RO          118    .ARM.Collect$$rtentry$$00000002  c_w.l(rtentry2.o)
    0x080001a0   0x00000006   Code   RO          133    .ARM.Collect$$rtentry$$00000004  c_w.l(rtentry4.o)
    0x080001a6   0x00000000   Code   RO          120    .ARM.Collect$$rtentry$$00000009  c_w.l(rtentry2.o)
    0x080001a6   0x00000004   Code   RO          121    .ARM.Collect$$rtentry$$0000000A  c_w.l(rtentry2.o)
    0x080001aa   0x00000000   Code   RO          123    .ARM.Collect$$rtentry$$0000000C  c_w.l(rtentry2.o)
    0x080001aa   0x00000008   Code   RO          124    .ARM.Collect$$rtentry$$0000000D  c_w.l(rtentry2.o)
    0x080001b2   0x00000002   Code   RO          149    .ARM.Collect$$rtexit$$00000000  c_w.l(rtexit.o)
    0x080001b4   0x00000000   Code   RO          194    .ARM.Collect$$rtexit$$00000002  c_w.l(rtexit2.o)
    0x080001b4   0x00000004   Code   RO          195    .ARM.Collect$$rtexit$$00000003  c_w.l(rtexit2.o)
    0x080001b8   0x00000006   Code   RO          196    .ARM.Collect$$rtexit$$00000004  c_w.l(rtexit2.o)
    0x080001be   0x00000002   PAD
    0x080001c0   0x0000009c   Code   RO            1    .text               main.o
    0x0800025c   0x000000fc   Code   RO            2    .text               rf_task.o
    0x08000358   0x00000c50   Code   RO            5    .text               rf_control.o
    0x08000fa8   0x000001a0   Code   RO           13    .text               rf_parameter.o
    0x08001148   0x00000480   Code   RO           16    .text               rf_protocol.o
    0x080015c8   0x000000a8   Code   RO           19    .text               rf_target.o
    0x08001670   0x00000012   Code   RO           23    .text               stm32f10x_it.o
    0x08001682   0x00000002   PAD
    0x08001684   0x00000134   Code   RO           24    .text               system_stm32f10x.o
    0x080017b8   0x00000168   Code   RO           26    .text               dev_spi.o
    0x08001920   0x00000040   Code   RO           29    .text               dev_att.o
    0x08001960   0x0000008c   Code   RO           30    .text               dev_e2prom.o
    0x080019ec   0x00000040   Code   RO           31    .text               dev_temp.o
    0x08001a2c   0x000000ac   Code   RO           32    .text               user_timer.o
    0x08001ad8   0x00000164   Code   RO           33    .text               user_adc.o
    0x08001c3c   0x00000368   Code   RO           34    .text               user_i2c.o
    0x08001fa4   0x000001c0   Code   RO           37    .text               user_uart.o
    0x08002164   0x000001ac   Code   RO           39    .text               user_flash.o
    0x08002310   0x000000b0   Code   RO           42    .text               misc.o
    0x080023c0   0x00000324   Code   RO           43    .text               stm32f10x_adc.o
    0x080026e4   0x00000268   Code   RO           44    .text               stm32f10x_gpio.o
    0x0800294c   0x00000310   Code   RO           45    .text               stm32f10x_i2c.o
    0x08002c5c   0x000002e4   Code   RO           46    .text               stm32f10x_rcc.o
    0x08002f40   0x00000a70   Code   RO           48    .text               stm32f10x_tim.o
    0x080039b0   0x00000330   Code   RO           49    .text               stm32f10x_usart.o
    0x08003ce0   0x00000040   Code   RO           56    .text               startup_stm32f10x_md_vl.o
    0x08003d20   0x0000008a   Code   RO           59    .text               c_w.l(rt_memcpy_v6.o)
    0x08003daa   0x00000010   Code   RO           60    .text               c_w.l(aeabi_memset.o)
    0x08003dba   0x00000044   Code   RO           61    .text               c_w.l(rt_memclr.o)
    0x08003dfe   0x00000006   Code   RO           62    .text               c_w.l(heapauxi.o)
    0x08003e04   0x00000016   Code   RO          101    .text               c_w.l(_rserrno.o)
    0x08003e1a   0x00000064   Code   RO          102    .text               c_w.l(rt_memcpy_w.o)
    0x08003e7e   0x0000004e   Code   RO          103    .text               c_w.l(rt_memclr_w.o)
    0x08003ecc   0x00000008   Code   RO          137    .text               c_w.l(rt_errno_addr_intlibspace.o)
    0x08003ed4   0x00000008   Code   RO          140    .text               c_w.l(libspace.o)
    0x08003edc   0x0000004a   Code   RO          142    .text               c_w.l(sys_stackheap_outer.o)
    0x08003f26   0x0000000c   Code   RO          143    .text               c_w.l(exit.o)
    0x08003f32   0x00000002   PAD
    0x08003f34   0x00000008   Code   RO          203    .text               c_w.l(rt_fp_status_addr_intlibspace.o)
    0x08003f3c   0x0000000c   Code   RO          205    .text               c_w.l(sys_exit.o)
    0x08003f48   0x00000002   Code   RO          211    .text               c_w.l(use_no_semi.o)
    0x08003f4a   0x00000000   Code   RO          212    .text               c_w.l(indicate_semi.o)
    0x08003f4a   0x00000028   Code   RO          114    i.__ARM_fpclassify  m_ws.l(fpclassify.o)
    0x08003f72   0x000000aa   Code   RO          115    i.__kernel_poly     m_ws.l(poly.o)
    0x0800401c   0x00000010   Code   RO          113    i.__mathlib_dbl_underflow  m_ws.l(dunder.o)
    0x0800402c   0x000009f0   Code   RO           90    i.pow               m_ws.l(pow.o)
    0x08004a1c   0x0000004c   Code   RO           96    i.sqrt              m_ws.l(sqrt.o)
    0x08004a68   0x00000018   Code   RO           28    i.usdelay           dev_spi.o
    0x08004a80   0x00000062   Code   RO           64    x$fpl$d2f           fz_ws.l(d2f.o)
    0x08004ae2   0x00000002   PAD
    0x08004ae4   0x00000150   Code   RO           65    x$fpl$dadd          fz_ws.l(daddsub_clz.o)
    0x08004c34   0x00000010   Code   RO          104    x$fpl$dcheck1       fz_ws.l(dcheck1.o)
    0x08004c44   0x00000018   Code   RO          138    x$fpl$dcmpinf       fz_ws.l(dcmpi.o)
    0x08004c5c   0x000002b0   Code   RO           69    x$fpl$ddiv          fz_ws.l(ddiv.o)
    0x08004f0c   0x0000002e   Code   RO           71    x$fpl$dflt          fz_ws.l(dflt_clz.o)
    0x08004f3a   0x00000026   Code   RO           70    x$fpl$dfltu         fz_ws.l(dflt_clz.o)
    0x08004f60   0x00000078   Code   RO          105    x$fpl$dleqf         fz_ws.l(dleqf.o)
    0x08004fd8   0x00000154   Code   RO           73    x$fpl$dmul          fz_ws.l(dmul.o)
    0x0800512c   0x0000009c   Code   RO          106    x$fpl$dnaninf       fz_ws.l(dnaninf.o)
    0x080051c8   0x0000000c   Code   RO          107    x$fpl$dretinf       fz_ws.l(dretinf.o)
    0x080051d4   0x0000006c   Code   RO          108    x$fpl$drleqf        fz_ws.l(drleqf.o)
    0x08005240   0x00000016   Code   RO           66    x$fpl$drsb          fz_ws.l(daddsub_clz.o)
    0x08005256   0x00000002   PAD
    0x08005258   0x000001cc   Code   RO          109    x$fpl$dsqrt         fz_ws.l(dsqrt_noumaal.o)
    0x08005424   0x000001d4   Code   RO           67    x$fpl$dsub          fz_ws.l(daddsub_clz.o)
    0x080055f8   0x00000056   Code   RO           74    x$fpl$f2d           fz_ws.l(f2d.o)
    0x0800564e   0x00000002   PAD
    0x08005650   0x000000c4   Code   RO           75    x$fpl$fadd          fz_ws.l(faddsub_clz.o)
    0x08005714   0x00000184   Code   RO           79    x$fpl$fdiv          fz_ws.l(fdiv.o)
    0x08005898   0x00000036   Code   RO           80    x$fpl$ffix          fz_ws.l(ffix.o)
    0x080058ce   0x00000002   PAD
    0x080058d0   0x0000003e   Code   RO           82    x$fpl$ffixu         fz_ws.l(ffixu.o)
    0x0800590e   0x00000002   PAD
    0x08005910   0x00000030   Code   RO           85    x$fpl$fflt          fz_ws.l(fflt_clz.o)
    0x08005940   0x00000102   Code   RO           87    x$fpl$fmul          fz_ws.l(fmul.o)
    0x08005a42   0x0000008c   Code   RO          110    x$fpl$fnaninf       fz_ws.l(fnaninf.o)
    0x08005ace   0x0000000e   Code   RO          192    x$fpl$fpinit        fz_ws.l(fpinit.o)
    0x08005adc   0x0000000a   Code   RO          111    x$fpl$fretinf       fz_ws.l(fretinf.o)
    0x08005ae6   0x00000002   PAD
    0x08005ae8   0x000000ea   Code   RO           77    x$fpl$fsub          fz_ws.l(faddsub_clz.o)
    0x08005bd2   0x00000064   Code   RO          139    x$fpl$retnan        fz_ws.l(retnan.o)
    0x08005c36   0x00000060   Code   RO           88    x$fpl$scalbn        fz_ws.l(scalbn.o)
    0x08005c96   0x00000030   Code   RO          148    x$fpl$trapveneer    fz_ws.l(trapv.o)
    0x08005cc6   0x00000000   Code   RO          112    x$fpl$usenofp       fz_ws.l(usenofp.o)
    0x08005cc6   0x00000002   PAD
    0x08005cc8   0x000000b4   Data   RO            7    .constdata          rf_control.o
    0x08005d7c   0x00000620   Data   RO            8    .constdata          rf_control.o
    0x0800639c   0x00000100   Data   RO           17    .constdata          rf_protocol.o
    0x0800649c   0x00000030   Data   RO           20    .constdata          rf_target.o
    0x080064cc   0x00000210   Data   RO           21    .constdata          rf_target.o
    0x080066dc   0x00000004   PAD
    0x080066e0   0x00000088   Data   RO           91    .constdata          m_ws.l(pow.o)
    0x08006768   0x00000008   Data   RO          116    .constdata          m_ws.l(qnan.o)
    0x08006770   0x00000020   Data   RO          246    Region$$Table       anon$$obj.o


    Execution Region USER (Base: 0x08007000, Size: 0x0000052c, Max: 0x00001000, ABSOLUTE, FIXED)

    Base Addr    Size         Type   Attr      Idx    E Section Name        Object

    0x08007000   0x00000478   Code   RO           50    .text               stm32f10x_flash.o
    0x08007478   0x0000003c   Code   RO           51    .text               stm32f10x_iwdg.o
    0x080074b4   0x00000078   Code   RO           40    BOOTLOADER          user_flash.o


    Execution Region RW_IRAM1 (Base: 0x20000000, Size: 0x00001188, Max: 0x00002000, ABSOLUTE)

    Base Addr    Size         Type   Attr      Idx    E Section Name        Object

    0x20000000   0x00000001   Data   RW            4    .data               rf_task.o
    0x20000001   0x00000001   PAD
    0x20000002   0x00000006   Data   RW            9    .data               rf_control.o
    0x20000008   0x00000004   Data   RW           10    .data               rf_control.o
    0x2000000c   0x00000004   Data   RW           11    .data               rf_control.o
    0x20000010   0x00000001   Data   RW           12    .data               rf_control.o
    0x20000011   0x00000001   PAD
    0x20000012   0x00000004   Data   RW           18    .data               rf_protocol.o
    0x20000016   0x00000002   PAD
    0x20000018   0x00000014   Data   RW           25    .data               system_stm32f10x.o
    0x2000002c   0x00000010   Data   RW           36    .data               user_i2c.o
    0x2000003c   0x00000014   Data   RW           47    .data               stm32f10x_rcc.o
    0x20000050   0x000000c8   Zero   RW            3    .bss                rf_task.o
    0x20000118   0x0000018c   Zero   RW            6    .bss                rf_control.o
    0x200002a4   0x00000058   Zero   RW           14    .bss                rf_parameter.o
    0x200002fc   0x0000000c   Zero   RW           15    .bss                rf_parameter.o
    0x20000308   0x00000200   Zero   RW           35    .bss                user_i2c.o
    0x20000508   0x00000218   Zero   RW           38    .bss                user_uart.o
    0x20000720   0x00000408   Zero   RW           41    .bss                user_flash.o
    0x20000b28   0x00000060   Zero   RW          141    .bss                c_w.l(libspace.o)
    0x20000b88   0x00000200   Zero   RW           54    HEAP                startup_stm32f10x_md_vl.o
    0x20000d88   0x00000400   Zero   RW           53    STACK               startup_stm32f10x_md_vl.o


==============================================================================

Image component sizes


      Code (inc. data)   RO Data    RW Data    ZI Data      Debug   Object Name

        64          6          0          0          0          0   dev_att.o
       140          6          0          0          0          0   dev_e2prom.o
       384         16          0          0          0          0   dev_spi.o
        64          6          0          0          0          0   dev_temp.o
       156         20          0          0          0          0   main.o
       176         18          0          0          0          0   misc.o
      3152         92       1748         15        396          0   rf_control.o
       416         22          0          0        100          0   rf_parameter.o
      1152         52        256          4          0          0   rf_protocol.o
       168         12        576          0          0          0   rf_target.o
       252          8          0          1        200          0   rf_task.o
        64         26        288          0       1536          0   startup_stm32f10x_md_vl.o
       804         24          0          0          0          0   stm32f10x_adc.o
      1144         22          0          0          0          0   stm32f10x_flash.o
       616         42          0          0          0          0   stm32f10x_gpio.o
       784         12          0          0          0          0   stm32f10x_i2c.o
        18          0          0          0          0          0   stm32f10x_it.o
        60          6          0          0          0          0   stm32f10x_iwdg.o
       740         50          0         20          0          0   stm32f10x_rcc.o
      2672         84          0          0          0          0   stm32f10x_tim.o
       816         20          0          0          0          0   stm32f10x_usart.o
       308         34          0         20          0          0   system_stm32f10x.o
       356         26          0          0          0          0   user_adc.o
       548         28          0          0       1032          0   user_flash.o
       872         44          0         16        512          0   user_i2c.o
       172          6          0          0          0          0   user_timer.o
       448         14          0          0        536          0   user_uart.o

    ----------------------------------------------------------------------
     16548        696       2904         80       4312          0   Object Totals
         0          0         32          0          0          0   (incl. Generated)
         2          0          4          4          0          0   (incl. Padding)

    ----------------------------------------------------------------------

      Code (inc. data)   RO Data    RW Data    ZI Data      Debug   Library Member Name

         8          0          0          0          0          0   __main.o
        52          8          0          0          0          0   __scatter.o
        26          0          0          0          0          0   __scatter_copy.o
        28          0          0          0          0          0   __scatter_zi.o
        22          0          0          0          0          0   _rserrno.o
        16          0          0          0          0          0   aeabi_memset.o
        12          0          0          0          0          0   exit.o
         6          0          0          0          0          0   heapauxi.o
         0          0          0          0          0          0   indicate_semi.o
         6          0          0          0          0          0   libinit.o
         2          0          0          0          0          0   libinit2.o
         2          0          0          0          0          0   libshutdown.o
         2          0          0          0          0          0   libshutdown2.o
         8          4          0          0         96          0   libspace.o
         8          4          0          0          0          0   rt_errno_addr_intlibspace.o
         8          4          0          0          0          0   rt_fp_status_addr_intlibspace.o
        68          0          0          0          0          0   rt_memclr.o
        78          0          0          0          0          0   rt_memclr_w.o
       138          0          0          0          0          0   rt_memcpy_v6.o
       100          0          0          0          0          0   rt_memcpy_w.o
         0          0          0          0          0          0   rtentry.o
        12          0          0          0          0          0   rtentry2.o
         6          0          0          0          0          0   rtentry4.o
         2          0          0          0          0          0   rtexit.o
        10          0          0          0          0          0   rtexit2.o
        12          4          0          0          0          0   sys_exit.o
        74          0          0          0          0          0   sys_stackheap_outer.o
         2          0          0          0          0          0   use_no_semi.o
        98          4          0          0          0          0   d2f.o
       826         16          0          0          0          0   daddsub_clz.o
        16          4          0          0          0          0   dcheck1.o
        24          0          0          0          0          0   dcmpi.o
       688        140          0          0          0          0   ddiv.o
        84          0          0          0          0          0   dflt_clz.o
       120          4          0          0          0          0   dleqf.o
       340         12          0          0          0          0   dmul.o
       156          4          0          0          0          0   dnaninf.o
        12          0          0          0          0          0   dretinf.o
       108          0          0          0          0          0   drleqf.o
       460         56          0          0          0          0   dsqrt_noumaal.o
        86          4          0          0          0          0   f2d.o
       430          8          0          0          0          0   faddsub_clz.o
       388         76          0          0          0          0   fdiv.o
        54          4          0          0          0          0   ffix.o
        62          4          0          0          0          0   ffixu.o
        48          0          0          0          0          0   fflt_clz.o
       258          4          0          0          0          0   fmul.o
       140          4          0          0          0          0   fnaninf.o
        14          0          0          0          0          0   fpinit.o
        10          0          0          0          0          0   fretinf.o
       100          0          0          0          0          0   retnan.o
        96          0          0          0          0          0   scalbn.o
        48          0          0          0          0          0   trapv.o
         0          0          0          0          0          0   usenofp.o
        16          6          0          0          0          0   dunder.o
        40          0          0          0          0          0   fpclassify.o
       170          0          0          0          0          0   poly.o
      2544        192        136          0          0          0   pow.o
         0          0          8          0          0          0   qnan.o
        76          0          0          0          0          0   sqrt.o

    ----------------------------------------------------------------------
      8240        566        144          0         96          0   Library Totals
        20          0          0          0          0          0   (incl. Padding)

    ----------------------------------------------------------------------

      Code (inc. data)   RO Data    RW Data    ZI Data      Debug   Library Name

       708         24          0          0         96          0   c_w.l
      4666        344          0          0          0          0   fz_ws.l
      2846        198        144          0          0          0   m_ws.l

    ----------------------------------------------------------------------
      8240        566        144          0         96          0   Library Totals

    ----------------------------------------------------------------------

==============================================================================


      Code (inc. data)   RO Data    RW Data    ZI Data      Debug   

     24788       1262       3048         80       4408          0   Grand Totals
     24788       1262       3048         80       4408          0   ELF Image Totals
     24788       1262       3048         80          0          0   ROM Totals

==============================================================================

    Total RO  Size (Code + RO Data)                27836 (  27.18kB)
    Total RW  Size (RW Data + ZI Data)              4488 (   4.38kB)
    Total ROM Size (Code + RO Data + RW Data)      27916 (  27.26kB)

==============================================================================

