ARM Linker, 4.1 [Build 713] [Standard]

==============================================================================

Section Cross References

    main.o(.text) refers to dev_att.o(.text) for WritePe4302
    main.o(.text) refers to stm32f10x_gpio.o(.text) for GPIO_WriteBit
    main.o(.text) refers to target.o(.text) for InitTarget
    main.o(.text) refers to rf_parameter.o(.text) for InitParam
    main.o(.text) refers to task.o(.text) for AddTaskTimer
    main.o(.text) refers to main.o(.data) for .data
    main.o(.text) refers to target.o(.constdata) for attBus
    rf_control.o(.text) refers to rt_memcpy_v6.o(.text) for __aeabi_memcpy
    rf_control.o(.text) refers to rf_control.o(.bss) for .bss
    rf_control.o(.text) refers to rf_control.o(.constdata) for .constdata
    rf_control.o(.constdata) refers to rf_control.o(.bss) for gDevData
    rf_control.o(.constdata) refers to rf_control.o(.text) for V11ProcGetDeviceType
    rf_control.o(.constdata) refers to rf_control.o(.text) for V20ProcUserRead
    rf_protocol.o(.text) refers to rt_memcpy_w.o(.text) for __aeabi_memcpy4
    rf_protocol.o(.text) refers to user_timer.o(.text) for UserTimerOver
    rf_protocol.o(.text) refers to user_uart.o(.text) for GetUartBufInfo
    rf_protocol.o(.text) refers to rt_memcpy_v6.o(.text) for __aeabi_memcpy
    rf_protocol.o(.text) refers to memcmp.o(.text) for memcmp
    rf_protocol.o(.text) refers to rf_protocol.o(.constdata) for .constdata
    rf_protocol.o(.text) refers to rf_protocol.o(.data) for .data
    rf_protocol.o(.text) refers to rf_protocol.o(.bss) for .bss
    rf_protocol.o(.text) refers to rf_control.o(.text) for NumItemOfAISG11
    rf_protocol.o(.text) refers to rf_control.o(.constdata) for gLayer7AISGV11
    rf_protocol.o(.text) refers to rf_control.o(.constdata) for gLayer7AISGV20
    task.o(.text) refers to user_timer.o(.text) for UserTimerReset
    task.o(.text) refers to task.o(.data) for .data
    task.o(.text) refers to task.o(.bss) for .bss
    target.o(.text) refers to stm32f10x_rcc.o(.text) for RCC_PCLK1Config
    target.o(.text) refers to misc.o(.text) for NVIC_PriorityGroupConfig
    target.o(.text) refers to stm32f10x_gpio.o(.text) for GPIO_PinRemapConfig
    target.o(.text) refers to user_adc.o(.text) for InitAdc
    target.o(.text) refers to user_uart.o(.text) for InitUart
    target.o(.text) refers to user_i2c.o(.text) for InitI2c
    target.o(.text) refers to user_timer.o(.text) for InitTimer
    target.o(.text) refers to target.o(.constdata) for .constdata
    system_stm32f10x.o(.text) refers to system_stm32f10x.o(.data) for .data
    dev_spi.o(.text) refers to stm32f10x_gpio.o(.text) for GPIO_WriteBit
    dev_spi.o(.text) refers to dev_spi.o(i.usdelay) for usdelay
    dev_att.o(.text) refers to dev_spi.o(.text) for WriteSpiOneWord
    dev_att.o(.text) refers to target.o(.constdata) for attBus
    dev_e2prom.o(.text) refers to user_i2c.o(.text) for I2cWriteDevice
    dev_e2prom.o(.text) refers to dev_spi.o(i.usdelay) for usdelay
    dev_temp.o(.text) refers to user_adc.o(.text) for ReadAdcTemperature
    dev_temp.o(.text) refers to user_i2c.o(.text) for I2cReadDevice
    user_timer.o(.text) refers to stm32f10x_tim.o(.text) for TIM_TimeBaseInit
    user_timer.o(.text) refers to system_stm32f10x.o(.data) for SystemCoreClock
    user_adc.o(.text) refers to stm32f10x_adc.o(.text) for ADC_Init
    user_adc.o(.text) refers to dflt_clz.o(x$fpl$dfltu) for __aeabi_ui2d
    user_adc.o(.text) refers to dmul.o(x$fpl$dmul) for __aeabi_dmul
    user_adc.o(.text) refers to scalbn.o(x$fpl$scalbn) for __ARM_scalbn
    user_adc.o(.text) refers to daddsub_clz.o(x$fpl$drsb) for __aeabi_drsub
    user_adc.o(.text) refers to ddiv.o(x$fpl$ddiv) for __aeabi_ddiv
    user_adc.o(.text) refers to daddsub_clz.o(x$fpl$dadd) for __aeabi_dadd
    user_adc.o(.text) refers to d2f.o(x$fpl$d2f) for __aeabi_d2f
    user_adc.o(.text) refers to ffix.o(x$fpl$ffix) for __aeabi_f2iz
    user_i2c.o(.text) refers to stm32f10x_i2c.o(.text) for I2C_GetLastEvent
    user_i2c.o(.text) refers to user_i2c.o(.data) for .data
    user_i2c.o(.text) refers to user_i2c.o(.bss) for .bss
    user_uart.o(.text) refers to stm32f10x_usart.o(.text) for USART_Init
    user_uart.o(.text) refers to user_timer.o(.text) for UserTimerOver
    user_uart.o(.text) refers to user_uart.o(.bss) for .bss
    user_flash.o(.text) refers to stm32f10x_flash.o(.text) for FLASH_Unlock
    user_flash.o(.text) refers to rf_parameter.o(.text) for SetDownFlag
    user_flash.o(.text) refers to user_flash.o(BOOTLOADER) for Bootloader
    user_flash.o(.text) refers to user_flash.o(.bss) for .bss
    user_flash.o(BOOTLOADER) refers to stm32f10x_flash.o(.text) for FLASH_Unlock
    user_flash.o(BOOTLOADER) refers to stm32f10x_iwdg.o(.text) for IWDG_ReloadCounter
    stm32f10x_adc.o(.text) refers to stm32f10x_rcc.o(.text) for RCC_APB2PeriphResetCmd
    stm32f10x_gpio.o(.text) refers to stm32f10x_rcc.o(.text) for RCC_APB2PeriphResetCmd
[...]
    sys_command.o(.text) refers (Special) to use_no_semi.o(.text) for __I$use$semihosting
    sys_command.o(.text) refers (Special) to indicate_semi.o(.text) for __semihosting_library_function
    defsig_rtmem_outer.o(.text) refers to defsig_rtmem_inner.o(.text) for __rt_SIGRTMEM_inner
    defsig_rtmem_outer.o(.text) refers to defsig_exit.o(.text) for __sig_exit
    defsig_rtmem_formal.o(.text) refers to rt_raise.o(.text) for __rt_raise
    rt_raise.o(.text) refers to __raise.o(.text) for __raise
    rt_raise.o(.text) refers to sys_exit.o(.text) for _sys_exit
    defsig_exit.o(.text) refers to sys_exit.o(.text) for _sys_exit
    defsig_rtmem_inner.o(.text) refers to defsig_general.o(.text) for __default_signal_display
    __raise.o(.text) refers to defsig.o(CL$$defsig) for __default_signal_handler
    defsig_general.o(.text) refers to sys_wrch.o(.text) for _ttywrch
    sys_wrch.o(.text) refers (Special) to use_no_semi.o(.text) for __I$use$semihosting
    sys_wrch.o(.text) refers (Special) to indicate_semi.o(.text) for __semihosting_library_function
    defsig.o(CL$$defsig) refers to defsig_rtmem_inner.o(.text) for __rt_SIGRTMEM_inner
    defsig_abrt_inner.o(.text) refers to defsig_general.o(.text) for __default_signal_display
    defsig_fpe_inner.o(.text) refers to defsig_general.o(.text) for __default_signal_display
    defsig_rtred_inner.o(.text) refers to defsig_general.o(.text) for __default_signal_display
    defsig_stak_inner.o(.text) refers to defsig_general.o(.text) for __default_signal_display
    defsig_pvfn_inner.o(.text) refers to defsig_general.o(.text) for __default_signal_display
    defsig_cppl_inner.o(.text) refers to defsig_general.o(.text) for __default_signal_display
    defsig_segv_inner.o(.text) refers to defsig_general.o(.text) for __default_signal_display
    defsig_other.o(.text) refers to defsig_general.o(.text) for __default_signal_display


==============================================================================

Removing Unused input sections from the image.

    Removing rf_control.o(.text), (584 bytes).
    Removing rf_control.o(.bss), (304 bytes).
    Removing rf_control.o(.constdata), (408 bytes).
    Removing rf_control.o(.constdata), (288 bytes).
    Removing rf_control.o(.constdata), (288 bytes).
    Removing rf_parameter.o(.bss), (88 bytes).
    Removing rf_parameter.o(.bss), (12 bytes).
    Removing rf_protocol.o(.text), (1568 bytes).
    Removing rf_protocol.o(.bss), (88 bytes).
    Removing rf_protocol.o(.constdata), (32 bytes).
    Removing rf_protocol.o(.data), (3 bytes).
    Removing target.o(.data), (2 bytes).
    Removing dev_e2prom.o(.text), (140 bytes).
    Removing dev_temp.o(.text), (64 bytes).
    Removing user_flash.o(.text), (428 bytes).
    Removing user_flash.o(.bss), (1032 bytes).
    Removing core_cm3.o(.emb_text), (32 bytes).

17 unused section(s) (total 5361 bytes) removed from the image.

==============================================================================

Image Symbol Table

    Local Symbols

    Symbol Name                              Value     Ov Type        Size  Object(Section)

    ../../angel/boardlib.s                   0x00000000   Number         0  boardinit1.o ABSOLUTE
    ../../angel/boardlib.s                   0x00000000   Number         0  boardinit2.o ABSOLUTE
    ../../angel/boardlib.s                   0x00000000   Number         0  boardinit3.o ABSOLUTE
    ../../angel/boardlib.s                   0x00000000   Number         0  boardshut.o ABSOLUTE
    ../../angel/handlers.s                   0x00000000   Number         0  __scatter_copy.o ABSOLUTE
    ../../angel/handlers.s                   0x00000000   Number         0  __scatter_zi.o ABSOLUTE
    ../../angel/kernel.s                     0x00000000   Number         0  rtentry.o ABSOLUTE
    ../../angel/kernel.s                     0x00000000   Number         0  rtexit2.o ABSOLUTE
    ../../angel/kernel.s                     0x00000000   Number         0  rtentry4.o ABSOLUTE
    ../../angel/kernel.s                     0x00000000   Number         0  rtexit.o ABSOLUTE
    ../../angel/kernel.s                     0x00000000   Number         0  rtentry2.o ABSOLUTE
    ../../angel/rt.s                         0x00000000   Number         0  rt_fp_status_addr_intlibspace.o ABSOLUTE
    ../../angel/rt.s                         0x00000000   Number         0  rt_fp_status_addr.o ABSOLUTE
    ../../angel/rt.s                         0x00000000   Number         0  rt_raise.o ABSOLUTE
    ../../angel/scatter.s                    0x00000000   Number         0  __scatter.o ABSOLUTE
    ../../angel/startup.s                    0x00000000   Number         0  __main.o ABSOLUTE
    ../../angel/sys.s                        0x00000000   Number         0  sys_stackheap_outer.o ABSOLUTE
    ../../angel/sys.s                        0x00000000   Number         0  libspace.o ABSOLUTE
    ../../angel/sys.s                        0x00000000   Number         0  use_no_semi.o ABSOLUTE
    ../../angel/sys.s                        0x00000000   Number         0  indicate_semi.o ABSOLUTE
    ../../angel/sysapp.c                     0x00000000   Number         0  sys_exit.o ABSOLUTE
    ../../angel/sysapp.c                     0x00000000   Number         0  sys_wrch.o ABSOLUTE
    ../../angel/sysapp.c                     0x00000000   Number         0  sys_command.o ABSOLUTE
    ../../armsys.c                           0x00000000   Number         0  no_argv.o ABSOLUTE
    ../../armsys.c                           0x00000000   Number         0  argv_veneer.o ABSOLUTE
    ../../armsys.c                           0x00000000   Number         0  _get_argv_nomalloc.o ABSOLUTE
    ../../armsys.c                           0x00000000   Number         0  argv_veneer.o ABSOLUTE
    ../../d2f.s                              0x00000000   Number         0  d2f.o ABSOLUTE
    ../../daddsub.s                          0x00000000   Number         0  daddsub_clz.o ABSOLUTE
    ../../dcheck1.s                          0x00000000   Number         0  dcheck1.o ABSOLUTE
    ../../ddiv.s                             0x00000000   Number         0  ddiv.o ABSOLUTE
    ../../dflt.s                             0x00000000   Number         0  dflt_clz.o ABSOLUTE
    ../../dmul.s                             0x00000000   Number         0  dmul.o ABSOLUTE
    ../../dnaninf.s                          0x00000000   Number         0  dnaninf.o ABSOLUTE
    ../../dretinf.s                          0x00000000   Number         0  dretinf.o ABSOLUTE
    ../../ffix.s                             0x00000000   Number         0  ffix.o ABSOLUTE
    ../../fnaninf.s                          0x00000000   Number         0  fnaninf.o ABSOLUTE
    ../../fpinit.s                           0x00000000   Number         0  fpinit.o ABSOLUTE
    ../../fretinf.s                          0x00000000   Number         0  fretinf.o ABSOLUTE
    ../../heapalloc.c                        0x00000000   Number         0  hrguard.o ABSOLUTE
    ../../heapaux.c                          0x00000000   Number         0  heapauxi.o ABSOLUTE
    ../../libinit.s                          0x00000000   Number         0  libinit.o ABSOLUTE
    ../../libinit.s                          0x00000000   Number         0  libshutdown.o ABSOLUTE
    ../../libinit.s                          0x00000000   Number         0  libinit2.o ABSOLUTE
    ../../libinit.s                          0x00000000   Number         0  libshutdown2.o ABSOLUTE
    ../../memcpset.s                         0x00000000   Number         0  rt_memcpy_w.o ABSOLUTE
    ../../memcpset.s                         0x00000000   Number         0  rt_memcpy_v6.o ABSOLUTE
    ../../retnan.s                           0x00000000   Number         0  retnan.o ABSOLUTE
    ../../scalbn.s                           0x00000000   Number         0  scalbn.o ABSOLUTE
    ../../signal.c                           0x00000000   Number         0  defsig_exit.o ABSOLUTE
    ../../signal.c                           0x00000000   Number         0  __raise.o ABSOLUTE
    ../../signal.c                           0x00000000   Number         0  defsig_general.o ABSOLUTE
    ../../signal.c                           0x00000000   Number         0  defsig_abrt_inner.o ABSOLUTE
    ../../signal.c                           0x00000000   Number         0  defsig_rtmem_outer.o ABSOLUTE
    ../../signal.c                           0x00000000   Number         0  defsig_fpe_inner.o ABSOLUTE
    ../../signal.c                           0x00000000   Number         0  defsig_rtred_inner.o ABSOLUTE
    ../../signal.c                           0x00000000   Number         0  defsig_stak_inner.o ABSOLUTE
    ../../signal.c                           0x00000000   Number         0  defsig_pvfn_inner.o ABSOLUTE
    ../../signal.c                           0x00000000   Number         0  defsig_cppl_inner.o ABSOLUTE
    ../../signal.c                           0x00000000   Number         0  defsig_rtmem_inner.o ABSOLUTE
    ../../signal.c                           0x00000000   Number         0  defsig_segv_inner.o ABSOLUTE
    ../../signal.c                           0x00000000   Number         0  defsig_other.o ABSOLUTE
    ../../signal.c                           0x00000000   Number         0  defsig_rtmem_formal.o ABSOLUTE
    ../../signal.s                           0x00000000   Number         0  defsig.o ABSOLUTE
    ../../stdlib.c                           0x00000000   Number         0  exit.o ABSOLUTE
    ../../string.c                           0x00000000   Number         0  memcmp.o ABSOLUTE
    ../../trapv.s                            0x00000000   Number         0  trapv.o ABSOLUTE
    ../../usenofp.s                          0x00000000   Number         0  usenofp.o ABSOLUTE
    ..\\cpu\\core_cm3.c                      0x00000000   Number         0  core_cm3.o ABSOLUTE
    ..\app\main.c                            0x00000000   Number         0  main.o ABSOLUTE
    ..\app\rf_control.c                      0x00000000   Number         0  rf_control.o ABSOLUTE
    ..\app\rf_parameter.c                    0x00000000   Number         0  rf_parameter.o ABSOLUTE
    ..\app\rf_protocol.c                     0x00000000   Number         0  rf_protocol.o ABSOLUTE
    ..\app\stm32f10x_it.c                    0x00000000   Number         0  stm32f10x_it.o ABSOLUTE
    ..\app\system_stm32f10x.c                0x00000000   Number         0  system_stm32f10x.o ABSOLUTE
    ..\app\target.c                          0x00000000   Number         0  target.o ABSOLUTE
    ..\app\task.c                            0x00000000   Number         0  task.o ABSOLUTE
    ..\cpu\core_cm3.c                        0x00000000   Number         0  core_cm3.o ABSOLUTE
    ..\cpu\startup_stm32f10x_md_vl.s         0x00000000   Number         0  startup_stm32f10x_md_vl.o ABSOLUTE
    ..\device\dev_att.c                      0x00000000   Number         0  dev_att.o ABSOLUTE
    ..\device\dev_e2prom.c                   0x00000000   Number         0  dev_e2prom.o ABSOLUTE
    ..\device\dev_spi.c                      0x00000000   Number         0  dev_spi.o ABSOLUTE
    ..\device\dev_temp.c                     0x00000000   Number         0  dev_temp.o ABSOLUTE
    ..\driver\src\misc.c                     0x00000000   Number         0  misc.o ABSOLUTE
    ..\driver\src\stm32f10x_adc.c            0x00000000   Number         0  stm32f10x_adc.o ABSOLUTE
    ..\driver\src\stm32f10x_flash.c          0x00000000   Number         0  stm32f10x_flash.o ABSOLUTE
    ..\driver\src\stm32f10x_gpio.c           0x00000000   Number         0  stm32f10x_gpio.o ABSOLUTE
    ..\driver\src\stm32f10x_i2c.c            0x00000000   Number         0  stm32f10x_i2c.o ABSOLUTE
    ..\driver\src\stm32f10x_iwdg.c           0x00000000   Number         0  stm32f10x_iwdg.o ABSOLUTE
    ..\driver\src\stm32f10x_rcc.c            0x00000000   Number         0  stm32f10x_rcc.o ABSOLUTE
    ..\driver\src\stm32f10x_tim.c            0x00000000   Number         0  stm32f10x_tim.o ABSOLUTE
    ..\driver\src\stm32f10x_usart.c          0x00000000   Number         0  stm32f10x_usart.o ABSOLUTE
    ..\driver\user_adc.c                     0x00000000   Number         0  user_adc.o ABSOLUTE
    ..\driver\user_flash.c                   0x00000000   Number         0  user_flash.o ABSOLUTE
    ..\driver\user_i2c.c                     0x00000000   Number         0  user_i2c.o ABSOLUTE
    ..\driver\user_timer.c                   0x00000000   Number         0  user_timer.o ABSOLUTE
    ..\driver\user_uart.c                    0x00000000   Number         0  user_uart.o ABSOLUTE
    dc.s                                     0x00000000   Number         0  dc.o ABSOLUTE
    RESET                                    0x08000000   Section      288  startup_stm32f10x_md_vl.o(RESET)
    !!!main                                  0x08000120   Section        8  __main.o(!!!main)
    !!!scatter                               0x08000128   Section       52  __scatter.o(!!!scatter)
    !!handler_copy                           0x0800015c   Section       26  __scatter_copy.o(!!handler_copy)
    !!handler_zi                             0x08000178   Section       28  __scatter_zi.o(!!handler_zi)
    .ARM.Collect$$libinit$$00000000          0x08000194   Section        6  libinit.o(.ARM.Collect$$libinit$$00000000)
    .ARM.Collect$$libinit$$00000006          0x0800019a   Section        0  libinit2.o(.ARM.Collect$$libinit$$00000006)
    .ARM.Collect$$libinit$$00000008          0x0800019a   Section        0  libinit2.o(.ARM.Collect$$libinit$$00000008)
    .ARM.Collect$$libinit$$0000000A          0x0800019a   Section        0  libinit2.o(.ARM.Collect$$libinit$$0000000A)
    .ARM.Collect$$libinit$$0000000D          0x0800019a   Section        0  libinit2.o(.ARM.Collect$$libinit$$0000000D)
    .ARM.Collect$$libinit$$0000000F          0x0800019a   Section        0  libinit2.o(.ARM.Collect$$libinit$$0000000F)
    .ARM.Collect$$libinit$$00000011          0x0800019a   Section        0  libinit2.o(.ARM.Collect$$libinit$$00000011)
    .ARM.Collect$$libinit$$00000013          0x0800019a   Section        0  libinit2.o(.ARM.Collect$$libinit$$00000013)
    .ARM.Collect$$libinit$$00000015          0x0800019a   Section        0  libinit2.o(.ARM.Collect$$libinit$$00000015)
    .ARM.Collect$$libinit$$00000017          0x0800019a   Section        0  libinit2.o(.ARM.Collect$$libinit$$00000017)
    .ARM.Collect$$libinit$$00000019          0x0800019a   Section        0  libinit2.o(.ARM.Collect$$libinit$$00000019)
    .ARM.Collect$$libinit$$0000001B          0x0800019a   Section        0  libinit2.o(.ARM.Collect$$libinit$$0000001B)
    .ARM.Collect$$libinit$$0000001D          0x0800019a   Section        0  libinit2.o(.ARM.Collect$$libinit$$0000001D)
    .ARM.Collect$$libinit$$0000001F          0x0800019a   Section        0  libinit2.o(.ARM.Collect$$libinit$$0000001F)
    .ARM.Collect$$libinit$$00000021          0x0800019a   Section        0  libinit2.o(.ARM.Collect$$libinit$$00000021)
    .ARM.Collect$$libinit$$00000028          0x0800019a   Section        0  libinit2.o(.ARM.Collect$$libinit$$00000028)
    .ARM.Collect$$libinit$$0000002A          0x0800019a   Section        0  libinit2.o(.ARM.Collect$$libinit$$0000002A)
    .ARM.Collect$$libinit$$0000002C          0x0800019a   Section        0  libinit2.o(.ARM.Collect$$libinit$$0000002C)
    .ARM.Collect$$libinit$$0000002E          0x0800019a   Section        0  libinit2.o(.ARM.Collect$$libinit$$0000002E)
    .ARM.Collect$$libinit$$0000002F          0x0800019a   Section        2  libinit2.o(.ARM.Collect$$libinit$$0000002F)
    .ARM.Collect$$libshutdown$$00000000      0x0800019c   Section        2  libshutdown.o(.ARM.Collect$$libshutdown$$00000000)
    .ARM.Collect$$libshutdown$$00000003      0x0800019e   Section        0  libshutdown2.o(.ARM.Collect$$libshutdown$$00000003)
    .ARM.Collect$$libshutdown$$00000006      0x0800019e   Section        0  libshutdown2.o(.ARM.Collect$$libshutdown$$00000006)
    .ARM.Collect$$libshutdown$$00000009      0x0800019e   Section        0  libshutdown2.o(.ARM.Collect$$libshutdown$$00000009)
    .ARM.Collect$$libshutdown$$0000000B      0x0800019e   Section        0  libshutdown2.o(.ARM.Collect$$libshutdown$$0000000B)
    .ARM.Collect$$libshutdown$$0000000E      0x0800019e   Section        0  libshutdown2.o(.ARM.Collect$$libshutdown$$0000000E)
    .ARM.Collect$$libshutdown$$0000000F      0x0800019e   Section        2  libshutdown2.o(.ARM.Collect$$libshutdown$$0000000F)
    .ARM.Collect$$rtentry$$00000000          0x080001a0   Section        0  rtentry.o(.ARM.Collect$$rtentry$$00000000)
    .ARM.Collect$$rtentry$$00000002          0x080001a0   Section        0  rtentry2.o(.ARM.Collect$$rtentry$$00000002)
    .ARM.Collect$$rtentry$$00000004          0x080001a0   Section        6  rtentry4.o(.ARM.Collect$$rtentry$$00000004)
    .ARM.Collect$$rtentry$$00000009          0x080001a6   Section        0  rtentry2.o(.ARM.Collect$$rtentry$$00000009)
    .ARM.Collect$$rtentry$$0000000A          0x080001a6   Section        4  rtentry2.o(.ARM.Collect$$rtentry$$0000000A)
    .ARM.Collect$$rtentry$$0000000C          0x080001aa   Section        0  rtentry2.o(.ARM.Collect$$rtentry$$0000000C)
    .ARM.Collect$$rtentry$$0000000D          0x080001aa   Section        8  rtentry2.o(.ARM.Collect$$rtentry$$0000000D)
    .ARM.Collect$$rtexit$$00000000           0x080001b2   Section        2  rtexit.o(.ARM.Collect$$rtexit$$00000000)
    .ARM.Collect$$rtexit$$00000002           0x080001b4   Section        0  rtexit2.o(.ARM.Collect$$rtexit$$00000002)
    .ARM.Collect$$rtexit$$00000003           0x080001b4   Section        4  rtexit2.o(.ARM.Collect$$rtexit$$00000003)
    .ARM.Collect$$rtexit$$00000004           0x080001b8   Section        6  rtexit2.o(.ARM.Collect$$rtexit$$00000004)
    .text                                    0x080001c0   Section        0  main.o(.text)
    TaskWatchdog                             0x080001c1   Thumb Code     2  main.o(.text)
    TaskDebug                                0x080001c3   Thumb Code   102  main.o(.text)
    .text                                    0x08000274   Section        0  rf_parameter.o(.text)
    .text                                    0x08000288   Section        0  task.o(.text)
    .text                                    0x08000384   Section        0  target.o(.text)
    .text                                    0x08000418   Section        0  stm32f10x_it.o(.text)
    .text                                    0x0800042c   Section        0  system_stm32f10x.o(.text)
    SetSysClockToCustom                      0x080004d3   Thumb Code   108  system_stm32f10x.o(.text)
    .text                                    0x08000560   Section        0  dev_spi.o(.text)
    WriteGpioPin                             0x08000561   Thumb Code    40  dev_spi.o(.text)
    StartSpiBus                              0x08000589   Thumb Code   100  dev_spi.o(.text)
    EndSpiBus                                0x0800066d   Thumb Code    76  dev_spi.o(.text)
    .text                                    0x080006c8   Section        0  dev_att.o(.text)
    .text                                    0x08000708   Section        0  user_timer.o(.text)
    .text                                    0x080007b4   Section        0  user_adc.o(.text)
    .text                                    0x08000918   Section        0  user_i2c.o(.text)
    I2cMasterWrite                           0x08000a0f   Thumb Code   178  user_i2c.o(.text)
    CheckEventTimeOut                        0x08000b43   Thumb Code    48  user_i2c.o(.text)
    I2cMasterRead                            0x08000b73   Thumb Code   156  user_i2c.o(.text)
    .text                                    0x08000c38   Section        0  user_uart.o(.text)
    UartBufDataOut                           0x08000c6b   Thumb Code    44  user_uart.o(.text)
    .text                                    0x08000df8   Section        0  misc.o(.text)
    .text                                    0x08000ea8   Section        0  stm32f10x_adc.o(.text)
    .text                                    0x080011cc   Section        0  stm32f10x_gpio.o(.text)
    .text                                    0x08001434   Section        0  stm32f10x_i2c.o(.text)
    .text                                    0x08001744   Section        0  stm32f10x_rcc.o(.text)
    .text                                    0x08001a28   Section        0  stm32f10x_tim.o(.text)
    TI2_Config                               0x08001da3   Thumb Code    98  stm32f10x_tim.o(.text)
    TI1_Config                               0x08001e55   Thumb Code    84  stm32f10x_tim.o(.text)
    .text                                    0x08002498   Section        0  stm32f10x_usart.o(.text)
    .text                                    0x080027c8   Section       64  startup_stm32f10x_md_vl.o(.text)
    .text                                    0x08002808   Section        0  heapauxi.o(.text)
    .text                                    0x0800280e   Section       74  sys_stackheap_outer.o(.text)
    .text                                    0x08002858   Section        0  exit.o(.text)
    .text                                    0x08002864   Section        8  libspace.o(.text)
    .text                                    0x0800286c   Section        8  rt_fp_status_addr_intlibspace.o(.text)
    .text                                    0x08002874   Section        0  sys_exit.o(.text)
    .text                                    0x08002880   Section        2  use_no_semi.o(.text)
    .text                                    0x08002882   Section        0  indicate_semi.o(.text)
    i.usdelay                                0x08002882   Section        0  dev_spi.o(i.usdelay)
    x$fpl$d2f                                0x0800289c   Section       98  d2f.o(x$fpl$d2f)
    x$fpl$dadd                               0x08002900   Section      336  daddsub_clz.o(x$fpl$dadd)
    _dadd1                                   0x08002911   Thumb Code     0  daddsub_clz.o(x$fpl$dadd)
    x$fpl$dcheck1                            0x08002a50   Section       16  dcheck1.o(x$fpl$dcheck1)
    x$fpl$ddiv                               0x08002a60   Section      688  ddiv.o(x$fpl$ddiv)
    ddiv_entry                               0x08002a67   Thumb Code     0  ddiv.o(x$fpl$ddiv)
    x$fpl$dfltu                              0x08002d10   Section       38  dflt_clz.o(x$fpl$dfltu)
    x$fpl$dmul                               0x08002d38   Section      340  dmul.o(x$fpl$dmul)
    x$fpl$dnaninf                            0x08002e8c   Section      156  dnaninf.o(x$fpl$dnaninf)
    x$fpl$dretinf                            0x08002f28   Section       12  dretinf.o(x$fpl$dretinf)
    x$fpl$drsb                               0x08002f34   Section       22  daddsub_clz.o(x$fpl$drsb)
    x$fpl$dsub                               0x08002f4c   Section      468  daddsub_clz.o(x$fpl$dsub)
    _dsub1                                   0x08002f5d   Thumb Code     0  daddsub_clz.o(x$fpl$dsub)
    x$fpl$ffix                               0x08003120   Section       54  ffix.o(x$fpl$ffix)
    x$fpl$fnaninf                            0x08003156   Section      140  fnaninf.o(x$fpl$fnaninf)
    x$fpl$fpinit                             0x080031e2   Section       14  fpinit.o(x$fpl$fpinit)
    x$fpl$fretinf                            0x080031f0   Section       10  fretinf.o(x$fpl$fretinf)
    x$fpl$retnan                             0x080031fa   Section      100  retnan.o(x$fpl$retnan)
    x$fpl$scalbn                             0x0800325e   Section       96  scalbn.o(x$fpl$scalbn)
    x$fpl$trapveneer                         0x080032be   Section       48  trapv.o(x$fpl$trapveneer)
    .constdata                               0x080032ee   Section       48  target.o(.constdata)
    x$fpl$usenofp                            0x080032ee   Section        0  usenofp.o(x$fpl$usenofp)
    .constdata                               0x08003320   Section      528  target.o(.constdata)
    gpioTable                                0x08003320   Data         528  target.o(.constdata)
    .text                                    0x08007000   Section        0  stm32f10x_flash.o(.text)
    .text                                    0x08007478   Section        0  stm32f10x_iwdg.o(.text)
    BOOTLOADER                               0x080074b4   Section        0  user_flash.o(BOOTLOADER)
    .data                                    0x20000000   Section        1  main.o(.data)
    flag                                     0x20000000   Data           1  main.o(.data)
    .data                                    0x20000001   Section        1  task.o(.data)
    taskNum                                  0x20000001   Data           1  task.o(.data)
    .data                                    0x20000004   Section       20  system_stm32f10x.o(.data)
    .data                                    0x20000018   Section       16  user_i2c.o(.data)
    rxCnt                                    0x20000018   Data           2  user_i2c.o(.data)
    txCnt                                    0x2000001a   Data           2  user_i2c.o(.data)
    txSum                                    0x2000001c   Data           2  user_i2c.o(.data)
    txBuf                                    0x20000020   Data           4  user_i2c.o(.data)
    .data                                    0x20000028   Section       20  stm32f10x_rcc.o(.data)
    ADCPrescTable                            0x20000028   Data           4  stm32f10x_rcc.o(.data)
    APBAHBPrescTable                         0x2000002c   Data          16  stm32f10x_rcc.o(.data)
    .bss                                     0x2000003c   Section      200  task.o(.bss)
    taskTable                                0x2000003c   Data         200  task.o(.bss)
    .bss                                     0x20000104   Section      512  user_i2c.o(.bss)
    rxBuf                                    0x20000104   Data         512  user_i2c.o(.bss)
    .bss                                     0x20000304   Section      536  user_uart.o(.bss)
    rxTimer                                  0x20000304   Data          12  user_uart.o(.bss)
    uartBufQS                                0x20000510   Data          12  user_uart.o(.bss)
    .bss                                     0x2000051c   Section       96  libspace.o(.bss)
    HEAP                                     0x20000580   Section      512  startup_stm32f10x_md_vl.o(HEAP)
    Heap_Mem                                 0x20000580   Data         512  startup_stm32f10x_md_vl.o(HEAP)
    STACK                                    0x20000780   Section     1024  startup_stm32f10x_md_vl.o(STACK)
    Stack_Mem                                0x20000780   Data        1024  startup_stm32f10x_md_vl.o(STACK)
    __initial_sp                             0x20000b80   Data           0  startup_stm32f10x_md_vl.o(STACK)

    Global Symbols

    Symbol Name                              Value     Ov Type        Size  Object(Section)

    BuildAttributes$$THM_ISAv4$P$D$K$B$S$PE$A:L22UL41UL21$X:L11$S22US41US21$IEEE1$IW$USESV6$~STKCKD$USESV7$~SHL$OSPACE$ROPI$EBA8$UX$STANDARDLIB$REQ8$PRES8$EABIv2 0x00000000   Number         0  anon$$obj.o ABSOLUTE
    __ARM_use_no_argv                        0x00000000   Number         0  main.o ABSOLUTE
    __ARM_exceptions_init                     - Undefined Weak Reference
    __alloca_initialize                       - Undefined Weak Reference
    __cpp_initialize__aeabi_                  - Undefined Weak Reference
    __cxa_finalize                            - Undefined Weak Reference
    __fpl_infinity                            - Undefined Weak Reference
    __rt_locale                               - Undefined Weak Reference
    __sigvec_lookup                           - Undefined Weak Reference
    _atexit_init                              - Undefined Weak Reference
    _call_atexit_fns                          - Undefined Weak Reference
    _clock_init                               - Undefined Weak Reference
    _fp_trap_init                             - Undefined Weak Reference
    _fp_trap_shutdown                         - Undefined Weak Reference
    _get_lc_collate                           - Undefined Weak Reference
    _get_lc_ctype                             - Undefined Weak Reference
    _get_lc_monetary                          - Undefined Weak Reference
    _get_lc_numeric                           - Undefined Weak Reference
    _get_lc_time                              - Undefined Weak Reference
    _getenv_init                              - Undefined Weak Reference
    _handle_redirection                       - Undefined Weak Reference
    _init_alloc                               - Undefined Weak Reference
    _init_user_alloc                          - Undefined Weak Reference
    _initio                                   - Undefined Weak Reference
    _rand_init                                - Undefined Weak Reference
    _signal_finish                            - Undefined Weak Reference
    _signal_init                              - Undefined Weak Reference
    _terminate_alloc                          - Undefined Weak Reference
    _terminate_user_alloc                     - Undefined Weak Reference
    _terminateio                              - Undefined Weak Reference
    __Vectors_Size                           0x00000120   Number         0  startup_stm32f10x_md_vl.o ABSOLUTE
    __Vectors                                0x08000000   Data           4  startup_stm32f10x_md_vl.o(RESET)
    __Vectors_End                            0x08000120   Data           0  startup_stm32f10x_md_vl.o(RESET)
    __main                                   0x08000121   Thumb Code     8  __main.o(!!!main)
    __scatterload                            0x08000129   Thumb Code     0  __scatter.o(!!!scatter)
    __scatterload_rt2                        0x08000129   Thumb Code    44  __scatter.o(!!!scatter)
    __scatterload_rt2_thumb_only             0x08000129   Thumb Code     0  __scatter.o(!!!scatter)
    __scatterload_null                       0x08000137   Thumb Code     0  __scatter.o(!!!scatter)
    __scatterload_copy                       0x0800015d   Thumb Code    26  __scatter_copy.o(!!handler_copy)
    __scatterload_zeroinit                   0x08000179   Thumb Code    28  __scatter_zi.o(!!handler_zi)
    __rt_lib_init                            0x08000195   Thumb Code     0  libinit.o(.ARM.Collect$$libinit$$00000000)
    __rt_lib_init_alloca_1                   0x0800019b   Thumb Code     0  libinit2.o(.ARM.Collect$$libinit$$0000002A)
    __rt_lib_init_argv_1                     0x0800019b   Thumb Code     0  libinit2.o(.ARM.Collect$$libinit$$00000028)
    __rt_lib_init_atexit_1                   0x0800019b   Thumb Code     0  libinit2.o(.ARM.Collect$$libinit$$00000017)
    __rt_lib_init_clock_1                    0x0800019b   Thumb Code     0  libinit2.o(.ARM.Collect$$libinit$$0000001D)
    __rt_lib_init_cpp_1                      0x0800019b   Thumb Code     0  libinit2.o(.ARM.Collect$$libinit$$0000002E)
    __rt_lib_init_exceptions_1               0x0800019b   Thumb Code     0  libinit2.o(.ARM.Collect$$libinit$$0000002C)
    __rt_lib_init_fp_trap_1                  0x0800019b   Thumb Code     0  libinit2.o(.ARM.Collect$$libinit$$0000001B)
    __rt_lib_init_getenv_1                   0x0800019b   Thumb Code     0  libinit2.o(.ARM.Collect$$libinit$$0000001F)
    __rt_lib_init_heap_1                     0x0800019b   Thumb Code     0  libinit2.o(.ARM.Collect$$libinit$$00000006)
    __rt_lib_init_lc_collate_1               0x0800019b   Thumb Code     0  libinit2.o(.ARM.Collect$$libinit$$0000000D)
    __rt_lib_init_lc_ctype_1                 0x0800019b   Thumb Code     0  libinit2.o(.ARM.Collect$$libinit$$0000000F)
    __rt_lib_init_lc_monetary_1              0x0800019b   Thumb Code     0  libinit2.o(.ARM.Collect$$libinit$$00000011)
    __rt_lib_init_lc_numeric_1               0x0800019b   Thumb Code     0  libinit2.o(.ARM.Collect$$libinit$$00000013)
    __rt_lib_init_lc_time_1                  0x0800019b   Thumb Code     0  libinit2.o(.ARM.Collect$$libinit$$00000015)
    __rt_lib_init_rand_1                     0x0800019b   Thumb Code     0  libinit2.o(.ARM.Collect$$libinit$$0000000A)
    __rt_lib_init_return                     0x0800019b   Thumb Code     0  libinit2.o(.ARM.Collect$$libinit$$0000002F)
    __rt_lib_init_signal_1                   0x0800019b   Thumb Code     0  libinit2.o(.ARM.Collect$$libinit$$00000019)
    __rt_lib_init_stdio_1                    0x0800019b   Thumb Code     0  libinit2.o(.ARM.Collect$$libinit$$00000021)
    __rt_lib_init_user_alloc_1               0x0800019b   Thumb Code     0  libinit2.o(.ARM.Collect$$libinit$$00000008)
    __rt_lib_shutdown                        0x0800019d   Thumb Code     0  libshutdown.o(.ARM.Collect$$libshutdown$$00000000)
    __rt_lib_shutdown_fp_trap_1              0x0800019f   Thumb Code     0  libshutdown2.o(.ARM.Collect$$libshutdown$$00000006)
    __rt_lib_shutdown_heap_1                 0x0800019f   Thumb Code     0  libshutdown2.o(.ARM.Collect$$libshutdown$$0000000E)
    __rt_lib_shutdown_return                 0x0800019f   Thumb Code     0  libshutdown2.o(.ARM.Collect$$libshutdown$$0000000F)
    __rt_lib_shutdown_signal_1               0x0800019f   Thumb Code     0  libshutdown2.o(.ARM.Collect$$libshutdown$$00000009)
    __rt_lib_shutdown_stdio_1                0x0800019f   Thumb Code     0  libshutdown2.o(.ARM.Collect$$libshutdown$$00000003)
    __rt_lib_shutdown_user_alloc_1           0x0800019f   Thumb Code     0  libshutdown2.o(.ARM.Collect$$libshutdown$$0000000B)
    __rt_entry                               0x080001a1   Thumb Code     0  rtentry.o(.ARM.Collect$$rtentry$$00000000)
    __rt_entry_presh_1                       0x080001a1   Thumb Code     0  rtentry2.o(.ARM.Collect$$rtentry$$00000002)
    __rt_entry_sh                            0x080001a1   Thumb Code     0  rtentry4.o(.ARM.Collect$$rtentry$$00000004)
    __rt_entry_li                            0x080001a7   Thumb Code     0  rtentry2.o(.ARM.Collect$$rtentry$$0000000A)
    __rt_entry_postsh_1                      0x080001a7   Thumb Code     0  rtentry2.o(.ARM.Collect$$rtentry$$00000009)
    __rt_entry_main                          0x080001ab   Thumb Code     0  rtentry2.o(.ARM.Collect$$rtentry$$0000000D)
    __rt_entry_postli_1                      0x080001ab   Thumb Code     0  rtentry2.o(.ARM.Collect$$rtentry$$0000000C)
    __rt_exit                                0x080001b3   Thumb Code     0  rtexit.o(.ARM.Collect$$rtexit$$00000000)
    __rt_exit_ls                             0x080001b5   Thumb Code     0  rtexit2.o(.ARM.Collect$$rtexit$$00000003)
    __rt_exit_prels_1                        0x080001b5   Thumb Code     0  rtexit2.o(.ARM.Collect$$rtexit$$00000002)
    __rt_exit_exit                           0x080001b9   Thumb Code     0  rtexit2.o(.ARM.Collect$$rtexit$$00000004)
    main                                     0x08000229   Thumb Code    48  main.o(.text)
    CheckDownFlag                            0x08000275   Thumb Code     4  rf_parameter.o(.text)
    SetDownFlag                              0x08000279   Thumb Code     2  rf_parameter.o(.text)
    SaveParam                                0x0800027b   Thumb Code     4  rf_parameter.o(.text)
    FetchParam                               0x0800027f   Thumb Code     4  rf_parameter.o(.text)
    InitParam                                0x08000283   Thumb Code     2  rf_parameter.o(.text)
    TaskParameter                            0x08000285   Thumb Code     2  rf_parameter.o(.text)
    AddTaskTimer                             0x08000289   Thumb Code    50  task.o(.text)
    DelTaskTimer                             0x080002bb   Thumb Code    88  task.o(.text)
    InitTaskTimer                            0x08000313   Thumb Code    44  task.o(.text)
    TaskTimerRoutine                         0x0800033f   Thumb Code    62  task.o(.text)
    InitTarget                               0x08000385   Thumb Code   134  target.o(.text)
    NMI_Handler                              0x08000419   Thumb Code     2  stm32f10x_it.o(.text)
    HardFault_Handler                        0x0800041b   Thumb Code     2  stm32f10x_it.o(.text)
    MemManage_Handler                        0x0800041d   Thumb Code     2  stm32f10x_it.o(.text)
    BusFault_Handler                         0x0800041f   Thumb Code     2  stm32f10x_it.o(.text)
    UsageFault_Handler                       0x08000421   Thumb Code     2  stm32f10x_it.o(.text)
    SVC_Handler                              0x08000423   Thumb Code     2  stm32f10x_it.o(.text)
    DebugMon_Handler                         0x08000425   Thumb Code     2  stm32f10x_it.o(.text)
    PendSV_Handler                           0x08000427   Thumb Code     2  stm32f10x_it.o(.text)
    SysTick_Handler                          0x08000429   Thumb Code     2  stm32f10x_it.o(.text)
    SystemInit                               0x0800042d   Thumb Code    68  system_stm32f10x.o(.text)
    SystemCoreClockUpdate                    0x08000471   Thumb Code    98  system_stm32f10x.o(.text)
    WriteSpiOneWord                          0x080005ed   Thumb Code   128  dev_spi.o(.text)
    WritePe4302                              0x080006c9   Thumb Code    58  dev_att.o(.text)
    InitTimer                                0x08000709   Thumb Code    60  user_timer.o(.text)
    UserTimerReset                           0x08000745   Thumb Code    12  user_timer.o(.text)
    UserTimerOver                            0x08000751   Thumb Code    94  user_timer.o(.text)
    InitAdc                                  0x080007b5   Thumb Code    84  user_adc.o(.text)
    ReadAdcValue                             0x08000809   Thumb Code    96  user_adc.o(.text)
    ReadAdcTemperature                       0x08000869   Thumb Code   150  user_adc.o(.text)
    I2C1_EV_IRQHandler                       0x08000919   Thumb Code   244  user_i2c.o(.text)
    I2C2_EV_IRQHandler                       0x08000a0d   Thumb Code     2  user_i2c.o(.text)
    I2cReadDevice                            0x08000ac1   Thumb Code    50  user_i2c.o(.text)
    I2cWriteDevice                           0x08000af3   Thumb Code    16  user_i2c.o(.text)
    InitI2c                                  0x08000b03   Thumb Code    58  user_i2c.o(.text)
    InitI2cProc                              0x08000b3d   Thumb Code     6  user_i2c.o(.text)
    InitUartBuf                              0x08000c39   Thumb Code    30  user_uart.o(.text)
    ResetUartBuf                             0x08000c57   Thumb Code    20  user_uart.o(.text)
    GetUartBufInfo                           0x08000c97   Thumb Code    30  user_uart.o(.text)
    SetUartBufInfo                           0x08000cb5   Thumb Code    14  user_uart.o(.text)
    InitUart                                 0x08000cc3   Thumb Code    96  user_uart.o(.text)
    USART1_IRQHandler                        0x08000d23   Thumb Code   160  user_uart.o(.text)
    UartTxOpen                               0x08000dc3   Thumb Code    40  user_uart.o(.text)
    NVIC_PriorityGroupConfig                 0x08000df9   Thumb Code    10  misc.o(.text)
    NVIC_Init                                0x08000e03   Thumb Code    90  misc.o(.text)
    NVIC_SetVectorTable                      0x08000e5d   Thumb Code    14  misc.o(.text)
    NVIC_SystemLPConfig                      0x08000e6b   Thumb Code    20  misc.o(.text)
    SysTick_CLKSourceConfig                  0x08000e7f   Thumb Code    24  misc.o(.text)
    ADC_DeInit                               0x08000ea9   Thumb Code    56  stm32f10x_adc.o(.text)
    ADC_Init                                 0x08000ee1   Thumb Code    62  stm32f10x_adc.o(.text)
    ADC_StructInit                           0x08000f1f   Thumb Code    18  stm32f10x_adc.o(.text)
    ADC_Cmd                                  0x08000f31   Thumb Code    20  stm32f10x_adc.o(.text)
    ADC_DMACmd                               0x08000f45   Thumb Code    20  stm32f10x_adc.o(.text)
    ADC_ITConfig                             0x08000f59   Thumb Code    18  stm32f10x_adc.o(.text)
    ADC_ResetCalibration                     0x08000f6b   Thumb Code    10  stm32f10x_adc.o(.text)
    ADC_GetResetCalibrationStatus            0x08000f75   Thumb Code    14  stm32f10x_adc.o(.text)
    ADC_StartCalibration                     0x08000f83   Thumb Code    10  stm32f10x_adc.o(.text)
    ADC_GetCalibrationStatus                 0x08000f8d   Thumb Code    14  stm32f10x_adc.o(.text)
    ADC_SoftwareStartConvCmd                 0x08000f9b   Thumb Code    20  stm32f10x_adc.o(.text)
    ADC_GetSoftwareStartConvStatus           0x08000faf   Thumb Code    14  stm32f10x_adc.o(.text)
    ADC_DiscModeChannelCountConfig           0x08000fbd   Thumb Code    16  stm32f10x_adc.o(.text)
    ADC_DiscModeCmd                          0x08000fcd   Thumb Code    20  stm32f10x_adc.o(.text)
    ADC_RegularChannelConfig                 0x08000fe1   Thumb Code   116  stm32f10x_adc.o(.text)
    ADC_ExternalTrigConvCmd                  0x08001055   Thumb Code    20  stm32f10x_adc.o(.text)
    ADC_GetConversionValue                   0x08001069   Thumb Code     6  stm32f10x_adc.o(.text)
    ADC_GetDualModeConversionValue           0x0800106f   Thumb Code     8  stm32f10x_adc.o(.text)
    ADC_AutoInjectedConvCmd                  0x08001077   Thumb Code    20  stm32f10x_adc.o(.text)
    ADC_InjectedDiscModeCmd                  0x0800108b   Thumb Code    20  stm32f10x_adc.o(.text)
    ADC_ExternalTrigInjectedConvConfig       0x0800109f   Thumb Code    12  stm32f10x_adc.o(.text)
    ADC_ExternalTrigInjectedConvCmd          0x080010ab   Thumb Code    20  stm32f10x_adc.o(.text)
    ADC_SoftwareStartInjectedConvCmd         0x080010bf   Thumb Code    20  stm32f10x_adc.o(.text)
    ADC_GetSoftwareStartInjectedConvCmdStatus 0x080010d3   Thumb Code    14  stm32f10x_adc.o(.text)
    ADC_InjectedChannelConfig                0x080010e1   Thumb Code    74  stm32f10x_adc.o(.text)
    ADC_InjectedSequencerLengthConfig        0x0800112b   Thumb Code    16  stm32f10x_adc.o(.text)
    ADC_SetInjectedOffset                    0x0800113b   Thumb Code     4  stm32f10x_adc.o(.text)
    ADC_GetInjectedConversionValue           0x0800113f   Thumb Code     8  stm32f10x_adc.o(.text)
    ADC_AnalogWatchdogCmd                    0x08001147   Thumb Code    12  stm32f10x_adc.o(.text)
    ADC_AnalogWatchdogThresholdsConfig       0x08001153   Thumb Code     6  stm32f10x_adc.o(.text)
    ADC_AnalogWatchdogSingleChannelConfig    0x08001159   Thumb Code    12  stm32f10x_adc.o(.text)
    ADC_TempSensorVrefintCmd                 0x08001165   Thumb Code    24  stm32f10x_adc.o(.text)
    ADC_GetFlagStatus                        0x0800117d   Thumb Code    14  stm32f10x_adc.o(.text)
    ADC_ClearFlag                            0x0800118b   Thumb Code     6  stm32f10x_adc.o(.text)
    ADC_GetITStatus                          0x08001191   Thumb Code    28  stm32f10x_adc.o(.text)
    ADC_ClearITPendingBit                    0x080011ad   Thumb Code     8  stm32f10x_adc.o(.text)
    GPIO_DeInit                              0x080011cd   Thumb Code   152  stm32f10x_gpio.o(.text)
    GPIO_AFIODeInit                          0x08001265   Thumb Code    22  stm32f10x_gpio.o(.text)
    GPIO_Init                                0x0800127b   Thumb Code   156  stm32f10x_gpio.o(.text)
    GPIO_StructInit                          0x08001317   Thumb Code    16  stm32f10x_gpio.o(.text)
    GPIO_ReadInputDataBit                    0x08001327   Thumb Code    14  stm32f10x_gpio.o(.text)
    GPIO_ReadInputData                       0x08001335   Thumb Code     6  stm32f10x_gpio.o(.text)
    GPIO_ReadOutputDataBit                   0x0800133b   Thumb Code    14  stm32f10x_gpio.o(.text)
    GPIO_ReadOutputData                      0x08001349   Thumb Code     6  stm32f10x_gpio.o(.text)
    GPIO_SetBits                             0x0800134f   Thumb Code     4  stm32f10x_gpio.o(.text)
    GPIO_ResetBits                           0x08001353   Thumb Code     4  stm32f10x_gpio.o(.text)
    GPIO_WriteBit                            0x08001357   Thumb Code    10  stm32f10x_gpio.o(.text)
    GPIO_Write                               0x08001361   Thumb Code     4  stm32f10x_gpio.o(.text)
    GPIO_PinLockConfig                       0x08001365   Thumb Code    16  stm32f10x_gpio.o(.text)
    GPIO_EventOutputConfig                   0x08001375   Thumb Code    22  stm32f10x_gpio.o(.text)
    GPIO_EventOutputCmd                      0x0800138b   Thumb Code     6  stm32f10x_gpio.o(.text)
    GPIO_PinRemapConfig                      0x08001391   Thumb Code    82  stm32f10x_gpio.o(.text)
    GPIO_EXTILineConfig                      0x080013e3   Thumb Code    34  stm32f10x_gpio.o(.text)
    GPIO_ETH_MediaInterfaceConfig            0x08001405   Thumb Code     6  stm32f10x_gpio.o(.text)
    I2C_DeInit                               0x08001435   Thumb Code    38  stm32f10x_i2c.o(.text)
    I2C_Init                                 0x0800145b   Thumb Code   176  stm32f10x_i2c.o(.text)
    I2C_StructInit                           0x0800150b   Thumb Code    28  stm32f10x_i2c.o(.text)
    I2C_Cmd                                  0x08001527   Thumb Code    20  stm32f10x_i2c.o(.text)
    I2C_DMACmd                               0x0800153b   Thumb Code    20  stm32f10x_i2c.o(.text)
    I2C_DMALastTransferCmd                   0x0800154f   Thumb Code    20  stm32f10x_i2c.o(.text)
    I2C_GenerateSTART                        0x08001563   Thumb Code    20  stm32f10x_i2c.o(.text)
    I2C_GenerateSTOP                         0x08001577   Thumb Code    20  stm32f10x_i2c.o(.text)
    I2C_AcknowledgeConfig                    0x0800158b   Thumb Code    20  stm32f10x_i2c.o(.text)
    I2C_OwnAddress2Config                    0x0800159f   Thumb Code    16  stm32f10x_i2c.o(.text)
    I2C_DualAddressCmd                       0x080015af   Thumb Code    20  stm32f10x_i2c.o(.text)
    I2C_GeneralCallCmd                       0x080015c3   Thumb Code    20  stm32f10x_i2c.o(.text)
    I2C_ITConfig                             0x080015d7   Thumb Code    16  stm32f10x_i2c.o(.text)
    I2C_SendData                             0x080015e7   Thumb Code     4  stm32f10x_i2c.o(.text)
    I2C_ReceiveData                          0x080015eb   Thumb Code     6  stm32f10x_i2c.o(.text)
    I2C_Send7bitAddress                      0x080015f1   Thumb Code    16  stm32f10x_i2c.o(.text)
    I2C_ReadRegister                         0x08001601   Thumb Code     4  stm32f10x_i2c.o(.text)
    I2C_SoftwareResetCmd                     0x08001605   Thumb Code    20  stm32f10x_i2c.o(.text)
    I2C_NACKPositionConfig                   0x08001619   Thumb Code    22  stm32f10x_i2c.o(.text)
    I2C_SMBusAlertConfig                     0x0800162f   Thumb Code    22  stm32f10x_i2c.o(.text)
    I2C_TransmitPEC                          0x08001645   Thumb Code    20  stm32f10x_i2c.o(.text)
    I2C_PECPositionConfig                    0x08001659   Thumb Code    22  stm32f10x_i2c.o(.text)
    I2C_CalculatePEC                         0x0800166f   Thumb Code    20  stm32f10x_i2c.o(.text)
    I2C_GetPEC                               0x08001683   Thumb Code     6  stm32f10x_i2c.o(.text)
    I2C_ARPCmd                               0x08001689   Thumb Code    20  stm32f10x_i2c.o(.text)
    I2C_StretchClockCmd                      0x0800169d   Thumb Code    20  stm32f10x_i2c.o(.text)
    I2C_FastModeDutyCycleConfig              0x080016b1   Thumb Code    22  stm32f10x_i2c.o(.text)
    I2C_CheckEvent                           0x080016c7   Thumb Code    24  stm32f10x_i2c.o(.text)
    I2C_GetLastEvent                         0x080016df   Thumb Code    14  stm32f10x_i2c.o(.text)
    I2C_GetFlagStatus                        0x080016ed   Thumb Code    30  stm32f10x_i2c.o(.text)
    I2C_ClearFlag                            0x0800170b   Thumb Code     6  stm32f10x_i2c.o(.text)
    I2C_GetITStatus                          0x08001711   Thumb Code    34  stm32f10x_i2c.o(.text)
    I2C_ClearITPendingBit                    0x08001733   Thumb Code     6  stm32f10x_i2c.o(.text)
    RCC_DeInit                               0x08001745   Thumb Code    54  stm32f10x_rcc.o(.text)
    RCC_HSEConfig                            0x0800177b   Thumb Code    48  stm32f10x_rcc.o(.text)
    RCC_GetFlagStatus                        0x080017ab   Thumb Code    42  stm32f10x_rcc.o(.text)
    RCC_WaitForHSEStartUp                    0x080017d5   Thumb Code    38  stm32f10x_rcc.o(.text)
    RCC_AdjustHSICalibrationValue            0x080017fb   Thumb Code    16  stm32f10x_rcc.o(.text)
    RCC_HSICmd                               0x0800180b   Thumb Code     6  stm32f10x_rcc.o(.text)
    RCC_PLLConfig                            0x08001811   Thumb Code    16  stm32f10x_rcc.o(.text)
    RCC_PLLCmd                               0x08001821   Thumb Code     6  stm32f10x_rcc.o(.text)
    RCC_PREDIV1Config                        0x08001827   Thumb Code    18  stm32f10x_rcc.o(.text)
    RCC_SYSCLKConfig                         0x08001839   Thumb Code    14  stm32f10x_rcc.o(.text)
    RCC_GetSYSCLKSource                      0x08001847   Thumb Code    10  stm32f10x_rcc.o(.text)
    RCC_HCLKConfig                           0x08001851   Thumb Code    14  stm32f10x_rcc.o(.text)
    RCC_PCLK1Config                          0x0800185f   Thumb Code    14  stm32f10x_rcc.o(.text)
    RCC_PCLK2Config                          0x0800186d   Thumb Code    16  stm32f10x_rcc.o(.text)
    RCC_ITConfig                             0x0800187d   Thumb Code    18  stm32f10x_rcc.o(.text)
    RCC_USBCLKConfig                         0x0800188f   Thumb Code     6  stm32f10x_rcc.o(.text)
    RCC_ADCCLKConfig                         0x08001895   Thumb Code    14  stm32f10x_rcc.o(.text)
    RCC_LSEConfig                            0x080018a3   Thumb Code    26  stm32f10x_rcc.o(.text)
    RCC_LSICmd                               0x080018bd   Thumb Code     6  stm32f10x_rcc.o(.text)
    RCC_RTCCLKConfig                         0x080018c3   Thumb Code    10  stm32f10x_rcc.o(.text)
    RCC_RTCCLKCmd                            0x080018cd   Thumb Code     8  stm32f10x_rcc.o(.text)
    RCC_GetClocksFreq                        0x080018d5   Thumb Code   146  stm32f10x_rcc.o(.text)
    RCC_AHBPeriphClockCmd                    0x08001967   Thumb Code    18  stm32f10x_rcc.o(.text)
    RCC_APB2PeriphClockCmd                   0x08001979   Thumb Code    18  stm32f10x_rcc.o(.text)
    RCC_APB1PeriphClockCmd                   0x0800198b   Thumb Code    18  stm32f10x_rcc.o(.text)
    RCC_APB2PeriphResetCmd                   0x0800199d   Thumb Code    18  stm32f10x_rcc.o(.text)
    RCC_APB1PeriphResetCmd                   0x080019af   Thumb Code    18  stm32f10x_rcc.o(.text)
    RCC_BackupResetCmd                       0x080019c1   Thumb Code     8  stm32f10x_rcc.o(.text)
    RCC_ClockSecuritySystemCmd               0x080019c9   Thumb Code     6  stm32f10x_rcc.o(.text)
    RCC_MCOConfig                            0x080019cf   Thumb Code     6  stm32f10x_rcc.o(.text)
    RCC_ClearFlag                            0x080019d5   Thumb Code    12  stm32f10x_rcc.o(.text)
    RCC_GetITStatus                          0x080019e1   Thumb Code    16  stm32f10x_rcc.o(.text)
    RCC_ClearITPendingBit                    0x080019f1   Thumb Code     6  stm32f10x_rcc.o(.text)
    TIM_DeInit                               0x08001a29   Thumb Code   304  stm32f10x_tim.o(.text)
    TIM_TimeBaseInit                         0x08001b59   Thumb Code   114  stm32f10x_tim.o(.text)
    TIM_OC1Init                              0x08001bcb   Thumb Code   106  stm32f10x_tim.o(.text)
    TIM_OC2Init                              0x08001c35   Thumb Code   116  stm32f10x_tim.o(.text)
    TIM_OC3Init                              0x08001ca9   Thumb Code   112  stm32f10x_tim.o(.text)
    TIM_OC4Init                              0x08001d19   Thumb Code    86  stm32f10x_tim.o(.text)
    TIM_SetIC4Prescaler                      0x08001d6f   Thumb Code    18  stm32f10x_tim.o(.text)
    TIM_SetIC3Prescaler                      0x08001d81   Thumb Code    16  stm32f10x_tim.o(.text)
    TIM_SetIC2Prescaler                      0x08001d91   Thumb Code    18  stm32f10x_tim.o(.text)
    TIM_SetIC1Prescaler                      0x08001e05   Thumb Code    80  stm32f10x_tim.o(.text)
    TIM_ICInit                               0x08001ea9   Thumb Code   270  stm32f10x_tim.o(.text)
    TIM_PWMIConfig                           0x08001fb7   Thumb Code   104  stm32f10x_tim.o(.text)
    TIM_BDTRConfig                           0x0800201f   Thumb Code    34  stm32f10x_tim.o(.text)
    TIM_TimeBaseStructInit                   0x08002041   Thumb Code    18  stm32f10x_tim.o(.text)
    TIM_OCStructInit                         0x08002053   Thumb Code    20  stm32f10x_tim.o(.text)
    TIM_ICStructInit                         0x08002067   Thumb Code    16  stm32f10x_tim.o(.text)
    TIM_BDTRStructInit                       0x08002077   Thumb Code    18  stm32f10x_tim.o(.text)
    TIM_Cmd                                  0x08002089   Thumb Code    20  stm32f10x_tim.o(.text)
    TIM_CtrlPWMOutputs                       0x0800209d   Thumb Code    22  stm32f10x_tim.o(.text)
    TIM_ITConfig                             0x080020b3   Thumb Code    16  stm32f10x_tim.o(.text)
    TIM_GenerateEvent                        0x080020c3   Thumb Code     4  stm32f10x_tim.o(.text)
    TIM_DMAConfig                            0x080020c7   Thumb Code     8  stm32f10x_tim.o(.text)
    TIM_DMACmd                               0x080020cf   Thumb Code    16  stm32f10x_tim.o(.text)
    TIM_InternalClockConfig                  0x080020df   Thumb Code    10  stm32f10x_tim.o(.text)
    TIM_SelectInputTrigger                   0x080020e9   Thumb Code    12  stm32f10x_tim.o(.text)
    TIM_ITRxExternalClockConfig              0x080020f5   Thumb Code    18  stm32f10x_tim.o(.text)
    TIM_TIxExternalClockConfig               0x08002107   Thumb Code    44  stm32f10x_tim.o(.text)
    TIM_ETRConfig                            0x08002133   Thumb Code    18  stm32f10x_tim.o(.text)
    TIM_ETRClockMode1Config                  0x08002145   Thumb Code    18  stm32f10x_tim.o(.text)
    TIM_ETRClockMode2Config                  0x08002157   Thumb Code    18  stm32f10x_tim.o(.text)
    TIM_PrescalerConfig                      0x08002169   Thumb Code     6  stm32f10x_tim.o(.text)
    TIM_CounterModeConfig                    0x0800216f   Thumb Code    12  stm32f10x_tim.o(.text)
    TIM_EncoderInterfaceConfig               0x0800217b   Thumb Code    44  stm32f10x_tim.o(.text)
    TIM_ForcedOC1Config                      0x080021a7   Thumb Code    12  stm32f10x_tim.o(.text)
    TIM_ForcedOC2Config                      0x080021b3   Thumb Code    14  stm32f10x_tim.o(.text)
    TIM_ForcedOC3Config                      0x080021c1   Thumb Code    12  stm32f10x_tim.o(.text)
    TIM_ForcedOC4Config                      0x080021cd   Thumb Code    14  stm32f10x_tim.o(.text)
    TIM_ARRPreloadConfig                     0x080021db   Thumb Code    20  stm32f10x_tim.o(.text)
    TIM_SelectCOM                            0x080021ef   Thumb Code    20  stm32f10x_tim.o(.text)
    TIM_SelectCCDMA                          0x08002203   Thumb Code    20  stm32f10x_tim.o(.text)
    TIM_CCPreloadControl                     0x08002217   Thumb Code    20  stm32f10x_tim.o(.text)
    TIM_OC1PreloadConfig                     0x0800222b   Thumb Code    12  stm32f10x_tim.o(.text)
    TIM_OC2PreloadConfig                     0x08002237   Thumb Code    14  stm32f10x_tim.o(.text)
    TIM_OC3PreloadConfig                     0x08002245   Thumb Code    32  stm32f10x_tim.o(.text)
    TIM_OC4PreloadConfig                     0x08002265   Thumb Code    14  stm32f10x_tim.o(.text)
    TIM_OC1FastConfig                        0x08002273   Thumb Code    12  stm32f10x_tim.o(.text)
    TIM_OC2FastConfig                        0x0800227f   Thumb Code    14  stm32f10x_tim.o(.text)
    TIM_OC3FastConfig                        0x0800228d   Thumb Code    12  stm32f10x_tim.o(.text)
    TIM_OC4FastConfig                        0x08002299   Thumb Code    14  stm32f10x_tim.o(.text)
    TIM_ClearOC1Ref                          0x080022a7   Thumb Code    12  stm32f10x_tim.o(.text)
    TIM_ClearOC2Ref                          0x080022b3   Thumb Code    14  stm32f10x_tim.o(.text)
    TIM_ClearOC3Ref                          0x080022c1   Thumb Code    12  stm32f10x_tim.o(.text)
    TIM_ClearOC4Ref                          0x080022cd   Thumb Code    14  stm32f10x_tim.o(.text)
    TIM_OC1PolarityConfig                    0x080022db   Thumb Code    12  stm32f10x_tim.o(.text)
    TIM_OC1NPolarityConfig                   0x080022e7   Thumb Code    12  stm32f10x_tim.o(.text)
    TIM_OC2PolarityConfig                    0x080022f3   Thumb Code    14  stm32f10x_tim.o(.text)
    TIM_OC2NPolarityConfig                   0x08002301   Thumb Code    14  stm32f10x_tim.o(.text)
    TIM_OC3PolarityConfig                    0x0800230f   Thumb Code    14  stm32f10x_tim.o(.text)
    TIM_OC3NPolarityConfig                   0x0800231d   Thumb Code    14  stm32f10x_tim.o(.text)
    TIM_OC4PolarityConfig                    0x0800232b   Thumb Code    14  stm32f10x_tim.o(.text)
    TIM_CCxCmd                               0x08002339   Thumb Code    22  stm32f10x_tim.o(.text)
    TIM_CCxNCmd                              0x0800234f   Thumb Code    22  stm32f10x_tim.o(.text)
    TIM_SelectOCxM                           0x08002365   Thumb Code    66  stm32f10x_tim.o(.text)
    TIM_UpdateDisableConfig                  0x080023a7   Thumb Code    20  stm32f10x_tim.o(.text)
    TIM_UpdateRequestConfig                  0x080023bb   Thumb Code    20  stm32f10x_tim.o(.text)
    TIM_SelectHallSensor                     0x080023cf   Thumb Code    20  stm32f10x_tim.o(.text)
    TIM_SelectOnePulseMode                   0x080023e3   Thumb Code    16  stm32f10x_tim.o(.text)
    TIM_SelectOutputTrigger                  0x080023f3   Thumb Code    16  stm32f10x_tim.o(.text)
    TIM_SelectSlaveMode                      0x08002403   Thumb Code    16  stm32f10x_tim.o(.text)
    TIM_SelectMasterSlaveMode                0x08002413   Thumb Code    16  stm32f10x_tim.o(.text)
    TIM_SetCounter                           0x08002423   Thumb Code     4  stm32f10x_tim.o(.text)
    TIM_SetAutoreload                        0x08002427   Thumb Code     4  stm32f10x_tim.o(.text)
    TIM_SetCompare1                          0x0800242b   Thumb Code     4  stm32f10x_tim.o(.text)
    TIM_SetCompare2                          0x0800242f   Thumb Code     4  stm32f10x_tim.o(.text)
    TIM_SetCompare3                          0x08002433   Thumb Code     4  stm32f10x_tim.o(.text)
    TIM_SetCompare4                          0x08002437   Thumb Code     6  stm32f10x_tim.o(.text)
    TIM_SetClockDivision                     0x0800243d   Thumb Code    16  stm32f10x_tim.o(.text)
    TIM_GetCapture1                          0x0800244d   Thumb Code     4  stm32f10x_tim.o(.text)
    TIM_GetCapture2                          0x08002451   Thumb Code     4  stm32f10x_tim.o(.text)
    TIM_GetCapture3                          0x08002455   Thumb Code     4  stm32f10x_tim.o(.text)
    TIM_GetCapture4                          0x08002459   Thumb Code     6  stm32f10x_tim.o(.text)
    TIM_GetCounter                           0x0800245f   Thumb Code     4  stm32f10x_tim.o(.text)
    TIM_GetPrescaler                         0x08002463   Thumb Code     4  stm32f10x_tim.o(.text)
    TIM_GetFlagStatus                        0x08002467   Thumb Code    14  stm32f10x_tim.o(.text)
    TIM_ClearFlag                            0x08002475   Thumb Code     6  stm32f10x_tim.o(.text)
    TIM_GetITStatus                          0x0800247b   Thumb Code    24  stm32f10x_tim.o(.text)
    TIM_ClearITPendingBit                    0x08002493   Thumb Code     6  stm32f10x_tim.o(.text)
    USART_DeInit                             0x08002499   Thumb Code    96  stm32f10x_usart.o(.text)
    USART_Init                               0x080024f9   Thumb Code   176  stm32f10x_usart.o(.text)
    USART_StructInit                         0x080025a9   Thumb Code    22  stm32f10x_usart.o(.text)
    USART_ClockInit                          0x080025bf   Thumb Code    30  stm32f10x_usart.o(.text)
    USART_ClockStructInit                    0x080025dd   Thumb Code    12  stm32f10x_usart.o(.text)
    USART_Cmd                                0x080025e9   Thumb Code    20  stm32f10x_usart.o(.text)
    USART_ITConfig                           0x080025fd   Thumb Code    48  stm32f10x_usart.o(.text)
    USART_DMACmd                             0x0800262d   Thumb Code    16  stm32f10x_usart.o(.text)
    USART_SetAddress                         0x0800263d   Thumb Code    16  stm32f10x_usart.o(.text)
    USART_WakeUpConfig                       0x0800264d   Thumb Code    16  stm32f10x_usart.o(.text)
    USART_ReceiverWakeUpCmd                  0x0800265d   Thumb Code    20  stm32f10x_usart.o(.text)
    USART_LINBreakDetectLengthConfig         0x08002671   Thumb Code    16  stm32f10x_usart.o(.text)
    USART_LINCmd                             0x08002681   Thumb Code    20  stm32f10x_usart.o(.text)
    USART_SendData                           0x08002695   Thumb Code     8  stm32f10x_usart.o(.text)
    USART_ReceiveData                        0x0800269d   Thumb Code     8  stm32f10x_usart.o(.text)
    USART_SendBreak                          0x080026a5   Thumb Code    10  stm32f10x_usart.o(.text)
    USART_SetGuardTime                       0x080026af   Thumb Code    16  stm32f10x_usart.o(.text)
    USART_SetPrescaler                       0x080026bf   Thumb Code    16  stm32f10x_usart.o(.text)
    USART_SmartCardCmd                       0x080026cf   Thumb Code    20  stm32f10x_usart.o(.text)
    USART_SmartCardNACKCmd                   0x080026e3   Thumb Code    20  stm32f10x_usart.o(.text)
    USART_HalfDuplexCmd                      0x080026f7   Thumb Code    20  stm32f10x_usart.o(.text)
    USART_OverSampling8Cmd                   0x0800270b   Thumb Code    20  stm32f10x_usart.o(.text)
    USART_OneBitMethodCmd                    0x0800271f   Thumb Code    20  stm32f10x_usart.o(.text)
    USART_IrDAConfig                         0x08002733   Thumb Code    16  stm32f10x_usart.o(.text)
    USART_IrDACmd                            0x08002743   Thumb Code    20  stm32f10x_usart.o(.text)
    USART_GetFlagStatus                      0x08002757   Thumb Code    14  stm32f10x_usart.o(.text)
    USART_ClearFlag                          0x08002765   Thumb Code     6  stm32f10x_usart.o(.text)
    USART_GetITStatus                        0x0800276b   Thumb Code    62  stm32f10x_usart.o(.text)
    USART_ClearITPendingBit                  0x080027a9   Thumb Code    12  stm32f10x_usart.o(.text)
    Reset_Handler                            0x080027c9   Thumb Code     8  startup_stm32f10x_md_vl.o(.text)
    ADC1_IRQHandler                          0x080027e3   Thumb Code     0  startup_stm32f10x_md_vl.o(.text)
    CEC_IRQHandler                           0x080027e3   Thumb Code     0  startup_stm32f10x_md_vl.o(.text)
    DMA1_Channel1_IRQHandler                 0x080027e3   Thumb Code     0  startup_stm32f10x_md_vl.o(.text)
    DMA1_Channel2_IRQHandler                 0x080027e3   Thumb Code     0  startup_stm32f10x_md_vl.o(.text)
    DMA1_Channel3_IRQHandler                 0x080027e3   Thumb Code     0  startup_stm32f10x_md_vl.o(.text)
    DMA1_Channel4_IRQHandler                 0x080027e3   Thumb Code     0  startup_stm32f10x_md_vl.o(.text)
    DMA1_Channel5_IRQHandler                 0x080027e3   Thumb Code     0  startup_stm32f10x_md_vl.o(.text)
    DMA1_Channel6_IRQHandler                 0x080027e3   Thumb Code     0  startup_stm32f10x_md_vl.o(.text)
    DMA1_Channel7_IRQHandler                 0x080027e3   Thumb Code     0  startup_stm32f10x_md_vl.o(.text)
    EXTI0_IRQHandler                         0x080027e3   Thumb Code     0  startup_stm32f10x_md_vl.o(.text)
    EXTI15_10_IRQHandler                     0x080027e3   Thumb Code     0  startup_stm32f10x_md_vl.o(.text)
    EXTI1_IRQHandler                         0x080027e3   Thumb Code     0  startup_stm32f10x_md_vl.o(.text)
    EXTI2_IRQHandler                         0x080027e3   Thumb Code     0  startup_stm32f10x_md_vl.o(.text)
    EXTI3_IRQHandler                         0x080027e3   Thumb Code     0  startup_stm32f10x_md_vl.o(.text)
    EXTI4_IRQHandler                         0x080027e3   Thumb Code     0  startup_stm32f10x_md_vl.o(.text)
    EXTI9_5_IRQHandler                       0x080027e3   Thumb Code     0  startup_stm32f10x_md_vl.o(.text)
    FLASH_IRQHandler                         0x080027e3   Thumb Code     0  startup_stm32f10x_md_vl.o(.text)
    I2C1_ER_IRQHandler                       0x080027e3   Thumb Code     0  startup_stm32f10x_md_vl.o(.text)
    I2C2_ER_IRQHandler                       0x080027e3   Thumb Code     0  startup_stm32f10x_md_vl.o(.text)
    PVD_IRQHandler                           0x080027e3   Thumb Code     0  startup_stm32f10x_md_vl.o(.text)
    RCC_IRQHandler                           0x080027e3   Thumb Code     0  startup_stm32f10x_md_vl.o(.text)
    RTCAlarm_IRQHandler                      0x080027e3   Thumb Code     0  startup_stm32f10x_md_vl.o(.text)
    RTC_IRQHandler                           0x080027e3   Thumb Code     0  startup_stm32f10x_md_vl.o(.text)
    SPI1_IRQHandler                          0x080027e3   Thumb Code     0  startup_stm32f10x_md_vl.o(.text)
    SPI2_IRQHandler                          0x080027e3   Thumb Code     0  startup_stm32f10x_md_vl.o(.text)
    TAMPER_IRQHandler                        0x080027e3   Thumb Code     0  startup_stm32f10x_md_vl.o(.text)
    TIM1_BRK_TIM15_IRQHandler                0x080027e3   Thumb Code     0  startup_stm32f10x_md_vl.o(.text)
    TIM1_CC_IRQHandler                       0x080027e3   Thumb Code     0  startup_stm32f10x_md_vl.o(.text)
    TIM1_TRG_COM_TIM17_IRQHandler            0x080027e3   Thumb Code     0  startup_stm32f10x_md_vl.o(.text)
    TIM1_UP_TIM16_IRQHandler                 0x080027e3   Thumb Code     0  startup_stm32f10x_md_vl.o(.text)
    TIM2_IRQHandler                          0x080027e3   Thumb Code     0  startup_stm32f10x_md_vl.o(.text)
    TIM3_IRQHandler                          0x080027e3   Thumb Code     0  startup_stm32f10x_md_vl.o(.text)
    TIM4_IRQHandler                          0x080027e3   Thumb Code     0  startup_stm32f10x_md_vl.o(.text)
    TIM6_DAC_IRQHandler                      0x080027e3   Thumb Code     0  startup_stm32f10x_md_vl.o(.text)
    TIM7_IRQHandler                          0x080027e3   Thumb Code     0  startup_stm32f10x_md_vl.o(.text)
    USART2_IRQHandler                        0x080027e3   Thumb Code     0  startup_stm32f10x_md_vl.o(.text)
    USART3_IRQHandler                        0x080027e3   Thumb Code     0  startup_stm32f10x_md_vl.o(.text)
    WWDG_IRQHandler                          0x080027e3   Thumb Code     0  startup_stm32f10x_md_vl.o(.text)
    __user_initial_stackheap                 0x080027e5   Thumb Code     0  startup_stm32f10x_md_vl.o(.text)
    __use_two_region_memory                  0x08002809   Thumb Code     2  heapauxi.o(.text)
    __rt_heap_escrow$2region                 0x0800280b   Thumb Code     2  heapauxi.o(.text)
    __rt_heap_expand$2region                 0x0800280d   Thumb Code     2  heapauxi.o(.text)
    __user_setup_stackheap                   0x0800280f   Thumb Code    74  sys_stackheap_outer.o(.text)
    exit                                     0x08002859   Thumb Code    12  exit.o(.text)
    __user_libspace                          0x08002865   Thumb Code     8  libspace.o(.text)
    __user_perproc_libspace                  0x08002865   Thumb Code     0  libspace.o(.text)
    __user_perthread_libspace                0x08002865   Thumb Code     0  libspace.o(.text)
    __rt_fp_status_addr                      0x0800286d   Thumb Code     8  rt_fp_status_addr_intlibspace.o(.text)
    _sys_exit                                0x08002875   Thumb Code     8  sys_exit.o(.text)
    __I$use$semihosting                      0x08002881   Thumb Code     0  use_no_semi.o(.text)
    __use_no_semihosting_swi                 0x08002881   Thumb Code     2  use_no_semi.o(.text)
    __semihosting_library_function           0x08002883   Thumb Code     0  indicate_semi.o(.text)
    usdelay                                  0x08002883   Thumb Code    24  dev_spi.o(i.usdelay)
    __aeabi_d2f                              0x0800289d   Thumb Code     0  d2f.o(x$fpl$d2f)
    _d2f                                     0x0800289d   Thumb Code    98  d2f.o(x$fpl$d2f)
    __aeabi_dadd                             0x08002901   Thumb Code     0  daddsub_clz.o(x$fpl$dadd)
    _dadd                                    0x08002901   Thumb Code   332  daddsub_clz.o(x$fpl$dadd)
    __fpl_dcheck_NaN1                        0x08002a51   Thumb Code    10  dcheck1.o(x$fpl$dcheck1)
    __aeabi_ddiv                             0x08002a61   Thumb Code     0  ddiv.o(x$fpl$ddiv)
    _ddiv                                    0x08002a61   Thumb Code   552  ddiv.o(x$fpl$ddiv)
    __aeabi_ui2d                             0x08002d11   Thumb Code     0  dflt_clz.o(x$fpl$dfltu)
    _dfltu                                   0x08002d11   Thumb Code    38  dflt_clz.o(x$fpl$dfltu)
    __aeabi_dmul                             0x08002d39   Thumb Code     0  dmul.o(x$fpl$dmul)
    _dmul                                    0x08002d39   Thumb Code   332  dmul.o(x$fpl$dmul)
    __fpl_dnaninf                            0x08002e8d   Thumb Code   156  dnaninf.o(x$fpl$dnaninf)
    __fpl_dretinf                            0x08002f29   Thumb Code    12  dretinf.o(x$fpl$dretinf)
    __aeabi_drsub                            0x08002f35   Thumb Code     0  daddsub_clz.o(x$fpl$drsb)
    _drsb                                    0x08002f35   Thumb Code    22  daddsub_clz.o(x$fpl$drsb)
    __aeabi_dsub                             0x08002f4d   Thumb Code     0  daddsub_clz.o(x$fpl$dsub)
    _dsub                                    0x08002f4d   Thumb Code   464  daddsub_clz.o(x$fpl$dsub)
    __aeabi_f2iz                             0x08003121   Thumb Code     0  ffix.o(x$fpl$ffix)
    _ffix                                    0x08003121   Thumb Code    54  ffix.o(x$fpl$ffix)
    __fpl_fnaninf                            0x08003157   Thumb Code   140  fnaninf.o(x$fpl$fnaninf)
    _fp_init                                 0x080031e3   Thumb Code    14  fpinit.o(x$fpl$fpinit)
    __fplib_config_pureend_doubles           0x080031ef   Thumb Code     0  fpinit.o(x$fpl$fpinit)
    __fpl_fretinf                            0x080031f1   Thumb Code    10  fretinf.o(x$fpl$fretinf)
    __fpl_return_NaN                         0x080031fb   Thumb Code   100  retnan.o(x$fpl$retnan)
    __ARM_scalbn                             0x0800325f   Thumb Code    96  scalbn.o(x$fpl$scalbn)
    __fpl_inf_scalbn                         0x080032bd   Thumb Code     0  scalbn.o(x$fpl$scalbn)
    __fpl_cmpreturn                          0x080032bf   Thumb Code    48  trapv.o(x$fpl$trapveneer)
    __I$use$fp                               0x080032ef   Thumb Code     0  usenofp.o(x$fpl$usenofp)
    attBus                                   0x080032ee   Data          48  target.o(.constdata)
    Region$$Table$$Base                      0x08003530   Number         0  anon$$obj.o(Region$$Table)
    Region$$Table$$Limit                     0x08003550   Number         0  anon$$obj.o(Region$$Table)
    FLASH_SetLatency                         0x08007001   Thumb Code    14  stm32f10x_flash.o(.text)
    FLASH_HalfCycleAccessCmd                 0x0800700f   Thumb Code    18  stm32f10x_flash.o(.text)
    FLASH_PrefetchBufferCmd                  0x08007021   Thumb Code    18  stm32f10x_flash.o(.text)
    FLASH_Unlock                             0x08007033   Thumb Code    12  stm32f10x_flash.o(.text)
    FLASH_UnlockBank1                        0x0800703f   Thumb Code    12  stm32f10x_flash.o(.text)
    FLASH_Lock                               0x0800704b   Thumb Code    12  stm32f10x_flash.o(.text)
    FLASH_LockBank1                          0x08007057   Thumb Code    12  stm32f10x_flash.o(.text)
    FLASH_GetBank1Status                     0x08007063   Thumb Code    34  stm32f10x_flash.o(.text)
    FLASH_WaitForLastOperation               0x08007085   Thumb Code    34  stm32f10x_flash.o(.text)
    FLASH_ErasePage                          0x080070a7   Thumb Code    56  stm32f10x_flash.o(.text)
    FLASH_EraseAllPages                      0x080070df   Thumb Code    52  stm32f10x_flash.o(.text)
    FLASH_WaitForLastBank1Operation          0x08007113   Thumb Code    34  stm32f10x_flash.o(.text)
    FLASH_EraseAllBank1Pages                 0x08007135   Thumb Code    52  stm32f10x_flash.o(.text)
    FLASH_GetReadOutProtectionStatus         0x08007169   Thumb Code    14  stm32f10x_flash.o(.text)
    FLASH_EraseOptionBytes                   0x08007177   Thumb Code   108  stm32f10x_flash.o(.text)
    FLASH_ProgramWord                        0x080071e3   Thumb Code    64  stm32f10x_flash.o(.text)
    FLASH_ProgramHalfWord                    0x08007223   Thumb Code    48  stm32f10x_flash.o(.text)
    FLASH_ProgramOptionByteData              0x08007253   Thumb Code    62  stm32f10x_flash.o(.text)
    FLASH_EnableWriteProtection              0x08007291   Thumb Code   158  stm32f10x_flash.o(.text)
    FLASH_ReadOutProtection                  0x0800732f   Thumb Code   118  stm32f10x_flash.o(.text)
    FLASH_UserOptionByteConfig               0x080073a5   Thumb Code    92  stm32f10x_flash.o(.text)
    FLASH_GetUserOptionByte                  0x08007401   Thumb Code     8  stm32f10x_flash.o(.text)
    FLASH_GetWriteProtectionOptionByte       0x08007409   Thumb Code     6  stm32f10x_flash.o(.text)
    FLASH_GetPrefetchBufferStatus            0x0800740f   Thumb Code    14  stm32f10x_flash.o(.text)
    FLASH_ITConfig                           0x0800741d   Thumb Code    18  stm32f10x_flash.o(.text)
    FLASH_GetFlagStatus                      0x0800742f   Thumb Code    28  stm32f10x_flash.o(.text)
    FLASH_ClearFlag                          0x0800744b   Thumb Code     6  stm32f10x_flash.o(.text)
    FLASH_GetStatus                          0x08007451   Thumb Code    34  stm32f10x_flash.o(.text)
    IWDG_WriteAccessCmd                      0x08007479   Thumb Code     6  stm32f10x_iwdg.o(.text)
    IWDG_SetPrescaler                        0x0800747f   Thumb Code     6  stm32f10x_iwdg.o(.text)
    IWDG_SetReload                           0x08007485   Thumb Code     6  stm32f10x_iwdg.o(.text)
    IWDG_ReloadCounter                       0x0800748b   Thumb Code    10  stm32f10x_iwdg.o(.text)
    IWDG_Enable                              0x08007495   Thumb Code    10  stm32f10x_iwdg.o(.text)
    IWDG_GetFlagStatus                       0x0800749f   Thumb Code    16  stm32f10x_iwdg.o(.text)
    Bootloader                               0x080074b5   Thumb Code   104  user_flash.o(BOOTLOADER)
    SystemCoreClock                          0x20000004   Data           4  system_stm32f10x.o(.data)
    AHBPrescTable                            0x20000008   Data          16  system_stm32f10x.o(.data)
    i2c_slave_handle                         0x20000024   Data           4  user_i2c.o(.data)
    uartBuf                                  0x20000310   Data         512  user_uart.o(.bss)
    __libspace_start                         0x2000051c   Data          96  libspace.o(.bss)
    __temporary_stack_top$libspace           0x2000057c   Data           0  libspace.o(.bss)



==============================================================================

Memory Map of the image

  Image Entry point : 0x08000121

  Load Region LR_IROM1 (Base: 0x08000000, Size: 0x0000752c, Max: 0x00010000, ABSOLUTE)

    Execution Region ER_IROM1 (Base: 0x08000000, Size: 0x00003550, Max: 0x00010000, ABSOLUTE)

    Base Addr    Size         Type   Attr      Idx    E Section Name        Object

    0x08000000   0x00000120   Data   RO          636    RESET               startup_stm32f10x_md_vl.o
    0x08000120   0x00000008   Code   RO          651  * !!!main             c_w.l(__main.o)
    0x08000128   0x00000034   Code   RO          855    !!!scatter          c_w.l(__scatter.o)
    0x0800015c   0x0000001a   Code   RO          857    !!handler_copy      c_w.l(__scatter_copy.o)
    0x08000176   0x00000002   PAD
    0x08000178   0x0000001c   Code   RO          859    !!handler_zi        c_w.l(__scatter_zi.o)
    0x08000194   0x00000006   Code   RO          722    .ARM.Collect$$libinit$$00000000  c_w.l(libinit.o)
    0x0800019a   0x00000000   Code   RO          732    .ARM.Collect$$libinit$$00000006  c_w.l(libinit2.o)
    0x0800019a   0x00000000   Code   RO          734    .ARM.Collect$$libinit$$00000008  c_w.l(libinit2.o)
    0x0800019a   0x00000000   Code   RO          736    .ARM.Collect$$libinit$$0000000A  c_w.l(libinit2.o)
    0x0800019a   0x00000000   Code   RO          739    .ARM.Collect$$libinit$$0000000D  c_w.l(libinit2.o)
    0x0800019a   0x00000000   Code   RO          741    .ARM.Collect$$libinit$$0000000F  c_w.l(libinit2.o)
    0x0800019a   0x00000000   Code   RO          743    .ARM.Collect$$libinit$$00000011  c_w.l(libinit2.o)
    0x0800019a   0x00000000   Code   RO          745    .ARM.Collect$$libinit$$00000013  c_w.l(libinit2.o)
    0x0800019a   0x00000000   Code   RO          747    .ARM.Collect$$libinit$$00000015  c_w.l(libinit2.o)
    0x0800019a   0x00000000   Code   RO          749    .ARM.Collect$$libinit$$00000017  c_w.l(libinit2.o)
    0x0800019a   0x00000000   Code   RO          751    .ARM.Collect$$libinit$$00000019  c_w.l(libinit2.o)
    0x0800019a   0x00000000   Code   RO          753    .ARM.Collect$$libinit$$0000001B  c_w.l(libinit2.o)
    0x0800019a   0x00000000   Code   RO          755    .ARM.Collect$$libinit$$0000001D  c_w.l(libinit2.o)
    0x0800019a   0x00000000   Code   RO          757    .ARM.Collect$$libinit$$0000001F  c_w.l(libinit2.o)
    0x0800019a   0x00000000   Code   RO          759    .ARM.Collect$$libinit$$00000021  c_w.l(libinit2.o)
    0x0800019a   0x00000000   Code   RO          763    .ARM.Collect$$libinit$$00000028  c_w.l(libinit2.o)
    0x0800019a   0x00000000   Code   RO          765    .ARM.Collect$$libinit$$0000002A  c_w.l(libinit2.o)
    0x0800019a   0x00000000   Code   RO          767    .ARM.Collect$$libinit$$0000002C  c_w.l(libinit2.o)
    0x0800019a   0x00000000   Code   RO          769    .ARM.Collect$$libinit$$0000002E  c_w.l(libinit2.o)
    0x0800019a   0x00000002   Code   RO          770    .ARM.Collect$$libinit$$0000002F  c_w.l(libinit2.o)
    0x0800019c   0x00000002   Code   RO          796    .ARM.Collect$$libshutdown$$00000000  c_w.l(libshutdown.o)
    0x0800019e   0x00000000   Code   RO          810    .ARM.Collect$$libshutdown$$00000003  c_w.l(libshutdown2.o)
    0x0800019e   0x00000000   Code   RO          813    .ARM.Collect$$libshutdown$$00000006  c_w.l(libshutdown2.o)
    0x0800019e   0x00000000   Code   RO          816    .ARM.Collect$$libshutdown$$00000009  c_w.l(libshutdown2.o)
    0x0800019e   0x00000000   Code   RO          818    .ARM.Collect$$libshutdown$$0000000B  c_w.l(libshutdown2.o)
    0x0800019e   0x00000000   Code   RO          821    .ARM.Collect$$libshutdown$$0000000E  c_w.l(libshutdown2.o)
    0x0800019e   0x00000002   Code   RO          822    .ARM.Collect$$libshutdown$$0000000F  c_w.l(libshutdown2.o)
    0x080001a0   0x00000000   Code   RO          679    .ARM.Collect$$rtentry$$00000000  c_w.l(rtentry.o)
    0x080001a0   0x00000000   Code   RO          693    .ARM.Collect$$rtentry$$00000002  c_w.l(rtentry2.o)
    0x080001a0   0x00000006   Code   RO          708    .ARM.Collect$$rtentry$$00000004  c_w.l(rtentry4.o)
    0x080001a6   0x00000000   Code   RO          695    .ARM.Collect$$rtentry$$00000009  c_w.l(rtentry2.o)
    0x080001a6   0x00000004   Code   RO          696    .ARM.Collect$$rtentry$$0000000A  c_w.l(rtentry2.o)
    0x080001aa   0x00000000   Code   RO          698    .ARM.Collect$$rtentry$$0000000C  c_w.l(rtentry2.o)
    0x080001aa   0x00000008   Code   RO          699    .ARM.Collect$$rtentry$$0000000D  c_w.l(rtentry2.o)
    0x080001b2   0x00000002   Code   RO          728    .ARM.Collect$$rtexit$$00000000  c_w.l(rtexit.o)
    0x080001b4   0x00000000   Code   RO          774    .ARM.Collect$$rtexit$$00000002  c_w.l(rtexit2.o)
    0x080001b4   0x00000004   Code   RO          775    .ARM.Collect$$rtexit$$00000003  c_w.l(rtexit2.o)
    0x080001b8   0x00000006   Code   RO          776    .ARM.Collect$$rtexit$$00000004  c_w.l(rtexit2.o)
    0x080001be   0x00000002   PAD
    0x080001c0   0x000000b4   Code   RO            1    .text               main.o
    0x08000274   0x00000012   Code   RO          179    .text               rf_parameter.o
    0x08000286   0x00000002   PAD
    0x08000288   0x000000fc   Code   RO          227    .text               task.o
    0x08000384   0x00000094   Code   RO          245    .text               target.o
    0x08000418   0x00000012   Code   RO          265    .text               stm32f10x_it.o
    0x0800042a   0x00000002   PAD
    0x0800042c   0x00000134   Code   RO          328    .text               system_stm32f10x.o
    0x08000560   0x00000168   Code   RO          346    .text               dev_spi.o
    0x080006c8   0x00000040   Code   RO          376    .text               dev_att.o
    0x08000708   0x000000ac   Code   RO          421    .text               user_timer.o
    0x080007b4   0x00000164   Code   RO          437    .text               user_adc.o
    0x08000918   0x00000320   Code   RO          452    .text               user_i2c.o
    0x08000c38   0x000001c0   Code   RO          471    .text               user_uart.o
    0x08000df8   0x000000b0   Code   RO          511    .text               misc.o
    0x08000ea8   0x00000324   Code   RO          523    .text               stm32f10x_adc.o
    0x080011cc   0x00000268   Code   RO          535    .text               stm32f10x_gpio.o
    0x08001434   0x00000310   Code   RO          547    .text               stm32f10x_i2c.o
    0x08001744   0x000002e4   Code   RO          559    .text               stm32f10x_rcc.o
    0x08001a28   0x00000a70   Code   RO          573    .text               stm32f10x_tim.o
    0x08002498   0x00000330   Code   RO          586    .text               stm32f10x_usart.o
    0x080027c8   0x00000040   Code   RO          637    .text               startup_stm32f10x_md_vl.o
    0x08002808   0x00000006   Code   RO          649    .text               c_w.l(heapauxi.o)
    0x0800280e   0x0000004a   Code   RO          712    .text               c_w.l(sys_stackheap_outer.o)
    0x08002858   0x0000000c   Code   RO          714    .text               c_w.l(exit.o)
    0x08002864   0x00000008   Code   RO          725    .text               c_w.l(libspace.o)
    0x0800286c   0x00000008   Code   RO          784    .text               c_w.l(rt_fp_status_addr_intlibspace.o)
    0x08002874   0x0000000c   Code   RO          788    .text               c_w.l(sys_exit.o)
    0x08002880   0x00000002   Code   RO          799    .text               c_w.l(use_no_semi.o)
    0x08002882   0x00000000   Code   RO          801    .text               c_w.l(indicate_semi.o)
    0x08002882   0x00000018   Code   RO          355    i.usdelay           dev_spi.o
    0x0800289a   0x00000002   PAD
    0x0800289c   0x00000062   Code   RO          653    x$fpl$d2f           fz_ws.l(d2f.o)
    0x080028fe   0x00000002   PAD
    0x08002900   0x00000150   Code   RO          655    x$fpl$dadd          fz_ws.l(daddsub_clz.o)
    0x08002a50   0x00000010   Code   RO          681    x$fpl$dcheck1       fz_ws.l(dcheck1.o)
    0x08002a60   0x000002b0   Code   RO          662    x$fpl$ddiv          fz_ws.l(ddiv.o)
    0x08002d10   0x00000026   Code   RO          665    x$fpl$dfltu         fz_ws.l(dflt_clz.o)
    0x08002d36   0x00000002   PAD
    0x08002d38   0x00000154   Code   RO          671    x$fpl$dmul          fz_ws.l(dmul.o)
    0x08002e8c   0x0000009c   Code   RO          683    x$fpl$dnaninf       fz_ws.l(dnaninf.o)
    0x08002f28   0x0000000c   Code   RO          685    x$fpl$dretinf       fz_ws.l(dretinf.o)
    0x08002f34   0x00000016   Code   RO          656    x$fpl$drsb          fz_ws.l(daddsub_clz.o)
    0x08002f4a   0x00000002   PAD
    0x08002f4c   0x000001d4   Code   RO          657    x$fpl$dsub          fz_ws.l(daddsub_clz.o)
    0x08003120   0x00000036   Code   RO          673    x$fpl$ffix          fz_ws.l(ffix.o)
    0x08003156   0x0000008c   Code   RO          687    x$fpl$fnaninf       fz_ws.l(fnaninf.o)
    0x080031e2   0x0000000e   Code   RO          771    x$fpl$fpinit        fz_ws.l(fpinit.o)
    0x080031f0   0x0000000a   Code   RO          689    x$fpl$fretinf       fz_ws.l(fretinf.o)
    0x080031fa   0x00000064   Code   RO          710    x$fpl$retnan        fz_ws.l(retnan.o)
    0x0800325e   0x00000060   Code   RO          677    x$fpl$scalbn        fz_ws.l(scalbn.o)
    0x080032be   0x00000030   Code   RO          723    x$fpl$trapveneer    fz_ws.l(trapv.o)
    0x080032ee   0x00000000   Code   RO          691    x$fpl$usenofp       fz_ws.l(usenofp.o)
    0x080032ee   0x00000030   Data   RO          246    .constdata          target.o
    0x0800331e   0x00000002   PAD
    0x08003320   0x00000210   Data   RO          247    .constdata          target.o
    0x08003530   0x00000020   Data   RO          853    Region$$Table       anon$$obj.o


    Execution Region USER (Base: 0x08007000, Size: 0x0000052c, Max: 0x00001000, ABSOLUTE, FIXED)

    Base Addr    Size         Type   Attr      Idx    E Section Name        Object

    0x08007000   0x00000478   Code   RO          598    .text               stm32f10x_flash.o
    0x08007478   0x0000003c   Code   RO          611    .text               stm32f10x_iwdg.o
    0x080074b4   0x00000078   Code   RO          490    BOOTLOADER          user_flash.o


    Execution Region RW_IRAM1 (Base: 0x20000000, Size: 0x00000b80, Max: 0x00002000, ABSOLUTE)

    Base Addr    Size         Type   Attr      Idx    E Section Name        Object

    0x20000000   0x00000001   Data   RW            2    .data               main.o
    0x20000001   0x00000001   Data   RW          229    .data               task.o
    0x20000002   0x00000002   PAD
    0x20000004   0x00000014   Data   RW          329    .data               system_stm32f10x.o
    0x20000018   0x00000010   Data   RW          454    .data               user_i2c.o
    0x20000028   0x00000014   Data   RW          560    .data               stm32f10x_rcc.o
    0x2000003c   0x000000c8   Zero   RW          228    .bss                task.o
    0x20000104   0x00000200   Zero   RW          453    .bss                user_i2c.o
    0x20000304   0x00000218   Zero   RW          472    .bss                user_uart.o
    0x2000051c   0x00000060   Zero   RW          726    .bss                c_w.l(libspace.o)
    0x2000057c   0x00000004   PAD
    0x20000580   0x00000200   Zero   RW          635    HEAP                startup_stm32f10x_md_vl.o
    0x20000780   0x00000400   Zero   RW          634    STACK               startup_stm32f10x_md_vl.o


==============================================================================

Image component sizes


      Code (inc. data)   RO Data    RW Data    ZI Data      Debug   Object Name

         0          0          0          0          0         32   core_cm3.o
        64          6          0          0          0        886   dev_att.o
       384         16          0          0          0       3324   dev_spi.o
       180         28          0          1          0     263929   main.o
       176         18          0          0          0       1825   misc.o
        18          0          0          0          0       1537   rf_parameter.o
         0          0          0          0          0      15035   rf_protocol.o
        64         26        288          0       1536        780   startup_stm32f10x_md_vl.o
       804         24          0          0          0      11085   stm32f10x_adc.o
      1144         22          0          0          0       9152   stm32f10x_flash.o
       616         42          0          0          0       5893   stm32f10x_gpio.o
       784         12          0          0          0       9471   stm32f10x_i2c.o
        18          0          0          0          0      70730   stm32f10x_it.o
        60          6          0          0          0       1269   stm32f10x_iwdg.o
       740         50          0         20          0       9222   stm32f10x_rcc.o
      2672         84          0          0          0      23706   stm32f10x_tim.o
       816         20          0          0          0       8816   stm32f10x_usart.o
       308         34          0         20          0       1831   system_stm32f10x.o
       148         14        576          0          0       2828   target.o
       252          8          0          1        200       1715   task.o
       356         26          0          0          0       1526   user_adc.o
       120         16          0          0          0        681   user_flash.o
       800         42          0         16        512       4920   user_i2c.o
       172          6          0          0          0       2095   user_timer.o
       448         14          0          0        536       3013   user_uart.o

    ----------------------------------------------------------------------
     11150        514        898         60       2784     455301   Object Totals
         0          0         32          0          0          0   (incl. Generated)
         6          0          2          2          0          0   (incl. Padding)

    ----------------------------------------------------------------------

      Code (inc. data)   RO Data    RW Data    ZI Data      Debug   Library Member Name

         8          0          0          0          0         68   __main.o
        52          8          0          0          0          0   __scatter.o
        26          0          0          0          0          0   __scatter_copy.o
        28          0          0          0          0          0   __scatter_zi.o
        12          0          0          0          0         72   exit.o
         6          0          0          0          0        152   heapauxi.o
         0          0          0          0          0          0   indicate_semi.o
         6          0          0          0          0          0   libinit.o
         2          0          0          0          0          0   libinit2.o
         2          0          0          0          0          0   libshutdown.o
         2          0          0          0          0          0   libshutdown2.o
         8          4          0          0         96         68   libspace.o
         8          4          0          0          0         68   rt_fp_status_addr_intlibspace.o
         0          0          0          0          0          0   rtentry.o
        12          0          0          0          0          0   rtentry2.o
         6          0          0          0          0          0   rtentry4.o
         2          0          0          0          0          0   rtexit.o
        10          0          0          0          0          0   rtexit2.o
        12          4          0          0          0         68   sys_exit.o
        74          0          0          0          0         80   sys_stackheap_outer.o
         2          0          0          0          0         68   use_no_semi.o
        98          4          0          0          0         92   d2f.o
       826         16          0          0          0        356   daddsub_clz.o
        16          4          0          0          0         68   dcheck1.o
       688        140          0          0          0        212   ddiv.o
        38          0          0          0          0         68   dflt_clz.o
       340         12          0          0          0        104   dmul.o
       156          4          0          0          0         92   dnaninf.o
        12          0          0          0          0         68   dretinf.o
        54          4          0          0          0         84   ffix.o
       140          4          0          0          0         84   fnaninf.o
        14          0          0          0          0         76   fpinit.o
        10          0          0          0          0         68   fretinf.o
       100          0          0          0          0         68   retnan.o
        96          0          0          0          0         68   scalbn.o
        48          0          0          0          0         68   trapv.o
         0          0          0          0          0          0   usenofp.o

    ----------------------------------------------------------------------
      2924        208          0          0        100       2220   Library Totals
        10          0          0          0          4          0   (incl. Padding)

    ----------------------------------------------------------------------

      Code (inc. data)   RO Data    RW Data    ZI Data      Debug   Library Name

       278         20          0          0         96        644   c_w.l
      2636        188          0          0          0       1576   fz_ws.l

    ----------------------------------------------------------------------
      2924        208          0          0        100       2220   Library Totals

    ----------------------------------------------------------------------

==============================================================================


      Code (inc. data)   RO Data    RW Data    ZI Data      Debug   

     14074        722        898         60       2884     453361   Grand Totals
     14074        722        898         60       2884     453361   ELF Image Totals
     14074        722        898         60          0          0   ROM Totals

==============================================================================

    Total RO  Size (Code + RO Data)                14972 (  14.62kB)
    Total RW  Size (RW Data + ZI Data)              2944 (   2.88kB)
    Total ROM Size (Code + RO Data + RW Data)      15032 (  14.68kB)

==============================================================================

