<!doctype html public "-//w3c//dtd html 4.0 transitional//en">
<html><head>
<title>Static Call Graph - [.\release\output\rf_module.axf]</title></head>
<body><HR>
<H1>Static Call Graph for image .\release\output\rf_module.axf</H1><HR>
<BR><P>#&#060CALLGRAPH&#062# ARM Linker, 4.1 [Build 713]: Last Updated: Fri Mar 23 10:00:42 2012
<BR><P>
<H3>Maximum Stack Usage =          0 bytes + Unknown(Cycles, Untraceable Function Pointers)</H3><H3>
Call chain for Maximum Stack Depth:</H3>

<P>
<H3>
Mutually Recursive functions
</H3> <LI><a href="#[4]">HardFault_Handler</a>&nbsp;&nbsp;&nbsp;&rArr;&nbsp;&nbsp;&nbsp;<a href="#[4]">HardFault_Handler</a><BR>
 <LI><a href="#[5]">MemManage_Handler</a>&nbsp;&nbsp;&nbsp;&rArr;&nbsp;&nbsp;&nbsp;<a href="#[5]">MemManage_Handler</a><BR>
 <LI><a href="#[6]">BusFault_Handler</a>&nbsp;&nbsp;&nbsp;&rArr;&nbsp;&nbsp;&nbsp;<a href="#[6]">BusFault_Handler</a><BR>
 <LI><a href="#[7]">UsageFault_Handler</a>&nbsp;&nbsp;&nbsp;&rArr;&nbsp;&nbsp;&nbsp;<a href="#[7]">UsageFault_Handler</a><BR>
 <LI><a href="#[1e]">ADC1_IRQHandler</a>&nbsp;&nbsp;&nbsp;&rArr;&nbsp;&nbsp;&nbsp;<a href="#[1e]">ADC1_IRQHandler</a><BR>
</UL>
<P>
<H3>
Function Pointers
</H3><UL>
 <LI><a href="#[1e]">ADC1_IRQHandler</a> from startup_stm32f10x_md_vl.o(.text) referenced from startup_stm32f10x_md_vl.o(RESET)
 <LI><a href="#[3e]">AsbGetLna1</a> from rf_control.o(.text) referenced from rf_control.o(.constdata)
 <LI><a href="#[40]">AsbGetLna2</a> from rf_control.o(.text) referenced from rf_control.o(.constdata)
 <LI><a href="#[44]">AsbGetPower</a> from rf_control.o(.text) referenced from rf_control.o(.constdata)
 <LI><a href="#[41]">AsbGetTemperature</a> from rf_control.o(.text) referenced from rf_control.o(.constdata)
 <LI><a href="#[42]">AsbGetVersion</a> from rf_control.o(.text) referenced from rf_control.o(.constdata)
 <LI><a href="#[43]">AsbGetVswr</a> from rf_control.o(.text) referenced from rf_control.o(.constdata)
 <LI><a href="#[45]">AsbSetJointcomWrite</a> from rf_control.o(.text) referenced from rf_control.o(.constdata)
 <LI><a href="#[3d]">AsbSetLna1</a> from rf_control.o(.text) referenced from rf_control.o(.constdata)
 <LI><a href="#[3f]">AsbSetLna2</a> from rf_control.o(.text) referenced from rf_control.o(.constdata)
 <LI><a href="#[6]">BusFault_Handler</a> from stm32f10x_it.o(.text) referenced from startup_stm32f10x_md_vl.o(RESET)
 <LI><a href="#[32]">CEC_IRQHandler</a> from startup_stm32f10x_md_vl.o(.text) referenced from startup_stm32f10x_md_vl.o(RESET)
 <LI><a href="#[17]">DMA1_Channel1_IRQHandler</a> from startup_stm32f10x_md_vl.o(.text) referenced from startup_stm32f10x_md_vl.o(RESET)
 <LI><a href="#[18]">DMA1_Channel2_IRQHandler</a> from startup_stm32f10x_md_vl.o(.text) referenced from startup_stm32f10x_md_vl.o(RESET)
 <LI><a href="#[19]">DMA1_Channel3_IRQHandler</a> from startup_stm32f10x_md_vl.o(.text) referenced from startup_stm32f10x_md_vl.o(RESET)
 <LI><a href="#[1a]">DMA1_Channel4_IRQHandler</a> from startup_stm32f10x_md_vl.o(.text) referenced from startup_stm32f10x_md_vl.o(RESET)
 <LI><a href="#[1b]">DMA1_Channel5_IRQHandler</a> from startup_stm32f10x_md_vl.o(.text) referenced from startup_stm32f10x_md_vl.o(RESET)
 <LI><a href="#[1c]">DMA1_Channel6_IRQHandler</a> from startup_stm32f10x_md_vl.o(.text) referenced from startup_stm32f10x_md_vl.o(RESET)
 <LI><a href="#[1d]">DMA1_Channel7_IRQHandler</a> from startup_stm32f10x_md_vl.o(.text) referenced from startup_stm32f10x_md_vl.o(RESET)
 <LI><a href="#[9]">DebugMon_Handler</a> from stm32f10x_it.o(.text) referenced from startup_stm32f10x_md_vl.o(RESET)
 <LI><a href="#[12]">EXTI0_IRQHandler</a> from startup_stm32f10x_md_vl.o(.text) referenced from startup_stm32f10x_md_vl.o(RESET)
 <LI><a href="#[30]">EXTI15_10_IRQHandler</a> from startup_stm32f10x_md_vl.o(.text) referenced from startup_stm32f10x_md_vl.o(RESET)
 <LI><a href="#[13]">EXTI1_IRQHandler</a> from startup_stm32f10x_md_vl.o(.text) referenced from startup_stm32f10x_md_vl.o(RESET)
 <LI><a href="#[14]">EXTI2_IRQHandler</a> from startup_stm32f10x_md_vl.o(.text) referenced from startup_stm32f10x_md_vl.o(RESET)
 <LI><a href="#[15]">EXTI3_IRQHandler</a> from startup_stm32f10x_md_vl.o(.text) referenced from startup_stm32f10x_md_vl.o(RESET)
 <LI><a href="#[16]">EXTI4_IRQHandler</a> from startup_stm32f10x_md_vl.o(.text) referenced from startup_stm32f10x_md_vl.o(RESET)
 <LI><a href="#[1f]">EXTI9_5_IRQHandler</a> from startup_stm32f10x_md_vl.o(.text) referenced from startup_stm32f10x_md_vl.o(RESET)
 <LI><a href="#[3a]">ExecAsbParam</a> from rf_protocol.o(.text) referenced from rf_protocol.o(.text)
 <LI><a href="#[10]">FLASH_IRQHandler</a> from startup_stm32f10x_md_vl.o(.text) referenced from startup_stm32f10x_md_vl.o(RESET)
 <LI><a href="#[4]">HardFault_Handler</a> from stm32f10x_it.o(.text) referenced from startup_stm32f10x_md_vl.o(RESET)
 <LI><a href="#[28]">I2C1_ER_IRQHandler</a> from startup_stm32f10x_md_vl.o(.text) referenced from startup_stm32f10x_md_vl.o(RESET)
 <LI><a href="#[27]">I2C1_EV_IRQHandler</a> from user_i2c.o(.text) referenced from startup_stm32f10x_md_vl.o(RESET)
 <LI><a href="#[2a]">I2C2_ER_IRQHandler</a> from startup_stm32f10x_md_vl.o(.text) referenced from startup_stm32f10x_md_vl.o(RESET)
 <LI><a href="#[29]">I2C2_EV_IRQHandler</a> from user_i2c.o(.text) referenced from startup_stm32f10x_md_vl.o(RESET)
 <LI><a href="#[47]">I2cUpgradeRead</a> from rf_protocol.o(.text) referenced from rf_control.o(.constdata)
 <LI><a href="#[46]">I2cUpgradeWrite</a> from rf_protocol.o(.text) referenced from rf_control.o(.constdata)
 <LI><a href="#[4c]">JGC1Set</a> from rf_control.o(.text) referenced from rf_control.o(.constdata)
 <LI><a href="#[4d]">JGC2Set</a> from rf_control.o(.text) referenced from rf_control.o(.constdata)
 <LI><a href="#[4e]">JGC3Set</a> from rf_control.o(.text) referenced from rf_control.o(.constdata)
 <LI><a href="#[49]">JLna1AttAdj</a> from rf_control.o(.text) referenced from rf_control.o(.constdata)
 <LI><a href="#[48]">JLna1AttSet</a> from rf_control.o(.text) referenced from rf_control.o(.constdata)
 <LI><a href="#[4b]">JLna2AttAdj</a> from rf_control.o(.text) referenced from rf_control.o(.constdata)
 <LI><a href="#[4a]">JLna2AttSet</a> from rf_control.o(.text) referenced from rf_control.o(.constdata)
 <LI><a href="#[4f]">JSwitch1</a> from rf_control.o(.text) referenced from rf_control.o(.constdata)
 <LI><a href="#[50]">JSwitch2</a> from rf_control.o(.text) referenced from rf_control.o(.constdata)
 <LI><a href="#[51]">JSwitchRx2</a> from rf_control.o(.text) referenced from rf_control.o(.constdata)
 <LI><a href="#[5]">MemManage_Handler</a> from stm32f10x_it.o(.text) referenced from startup_stm32f10x_md_vl.o(RESET)
 <LI><a href="#[3]">NMI_Handler</a> from stm32f10x_it.o(.text) referenced from startup_stm32f10x_md_vl.o(RESET)
 <LI><a href="#[d]">PVD_IRQHandler</a> from startup_stm32f10x_md_vl.o(.text) referenced from startup_stm32f10x_md_vl.o(RESET)
 <LI><a href="#[a]">PendSV_Handler</a> from stm32f10x_it.o(.text) referenced from startup_stm32f10x_md_vl.o(RESET)
 <LI><a href="#[11]">RCC_IRQHandler</a> from startup_stm32f10x_md_vl.o(.text) referenced from startup_stm32f10x_md_vl.o(RESET)
 <LI><a href="#[31]">RTCAlarm_IRQHandler</a> from startup_stm32f10x_md_vl.o(.text) referenced from startup_stm32f10x_md_vl.o(RESET)
 <LI><a href="#[f]">RTC_IRQHandler</a> from startup_stm32f10x_md_vl.o(.text) referenced from startup_stm32f10x_md_vl.o(RESET)
 <LI><a href="#[2]">Reset_Handler</a> from startup_stm32f10x_md_vl.o(.text) referenced from startup_stm32f10x_md_vl.o(RESET)
 <LI><a href="#[2b]">SPI1_IRQHandler</a> from startup_stm32f10x_md_vl.o(.text) referenced from startup_stm32f10x_md_vl.o(RESET)
 <LI><a href="#[2c]">SPI2_IRQHandler</a> from startup_stm32f10x_md_vl.o(.text) referenced from startup_stm32f10x_md_vl.o(RESET)
 <LI><a href="#[8]">SVC_Handler</a> from stm32f10x_it.o(.text) referenced from startup_stm32f10x_md_vl.o(RESET)
 <LI><a href="#[b]">SysTick_Handler</a> from stm32f10x_it.o(.text) referenced from startup_stm32f10x_md_vl.o(RESET)
 <LI><a href="#[3b]">SystemInit</a> from system_stm32f10x.o(.text) referenced from startup_stm32f10x_md_vl.o(.text)
 <LI><a href="#[e]">TAMPER_IRQHandler</a> from startup_stm32f10x_md_vl.o(.text) referenced from startup_stm32f10x_md_vl.o(RESET)
 <LI><a href="#[20]">TIM1_BRK_TIM15_IRQHandler</a> from startup_stm32f10x_md_vl.o(.text) referenced from startup_stm32f10x_md_vl.o(RESET)
 <LI><a href="#[23]">TIM1_CC_IRQHandler</a> from startup_stm32f10x_md_vl.o(.text) referenced from startup_stm32f10x_md_vl.o(RESET)
 <LI><a href="#[22]">TIM1_TRG_COM_TIM17_IRQHandler</a> from startup_stm32f10x_md_vl.o(.text) referenced from startup_stm32f10x_md_vl.o(RESET)
 <LI><a href="#[21]">TIM1_UP_TIM16_IRQHandler</a> from startup_stm32f10x_md_vl.o(.text) referenced from startup_stm32f10x_md_vl.o(RESET)
 <LI><a href="#[24]">TIM2_IRQHandler</a> from startup_stm32f10x_md_vl.o(.text) referenced from startup_stm32f10x_md_vl.o(RESET)
 <LI><a href="#[25]">TIM3_IRQHandler</a> from startup_stm32f10x_md_vl.o(.text) referenced from startup_stm32f10x_md_vl.o(RESET)
 <LI><a href="#[26]">TIM4_IRQHandler</a> from startup_stm32f10x_md_vl.o(.text) referenced from startup_stm32f10x_md_vl.o(RESET)
 <LI><a href="#[33]">TIM6_DAC_IRQHandler</a> from startup_stm32f10x_md_vl.o(.text) referenced from startup_stm32f10x_md_vl.o(RESET)
 <LI><a href="#[34]">TIM7_IRQHandler</a> from startup_stm32f10x_md_vl.o(.text) referenced from startup_stm32f10x_md_vl.o(RESET)
 <LI><a href="#[36]">TaskControl</a> from rf_control.o(.text) referenced from main.o(.text)
 <LI><a href="#[37]">TaskParameter</a> from rf_parameter.o(.text) referenced from main.o(.text)
 <LI><a href="#[38]">TaskProtocol</a> from rf_protocol.o(.text) referenced from main.o(.text)
 <LI><a href="#[35]">TaskSample</a> from rf_control.o(.text) referenced from main.o(.text)
 <LI><a href="#[39]">TaskWatchdog</a> from main.o(.text) referenced from main.o(.text)
 <LI><a href="#[52]">TempCompensate</a> from rf_control.o(.text) referenced 5 times from rf_control.o(.constdata)
 <LI><a href="#[2d]">USART1_IRQHandler</a> from user_uart.o(.text) referenced from startup_stm32f10x_md_vl.o(RESET)
 <LI><a href="#[2e]">USART2_IRQHandler</a> from startup_stm32f10x_md_vl.o(.text) referenced from startup_stm32f10x_md_vl.o(RESET)
 <LI><a href="#[2f]">USART3_IRQHandler</a> from startup_stm32f10x_md_vl.o(.text) referenced from startup_stm32f10x_md_vl.o(RESET)
 <LI><a href="#[7]">UsageFault_Handler</a> from stm32f10x_it.o(.text) referenced from startup_stm32f10x_md_vl.o(RESET)
 <LI><a href="#[c]">WWDG_IRQHandler</a> from startup_stm32f10x_md_vl.o(.text) referenced from startup_stm32f10x_md_vl.o(RESET)
 <LI><a href="#[59]">__main</a> from __main.o(!!!main) referenced from startup_stm32f10x_md_vl.o(.text)
 <LI><a href="#[56]">getOutAdjValManual</a> from rf_control.o(.text) referenced from rf_control.o(.constdata)
 <LI><a href="#[58]">getRefAdjValManual</a> from rf_control.o(.text) referenced from rf_control.o(.constdata)
 <LI><a href="#[53]">setOutAdjVal</a> from rf_control.o(.text) referenced from rf_control.o(.constdata)
 <LI><a href="#[55]">setOutAdjValManual</a> from rf_control.o(.text) referenced from rf_control.o(.constdata)
 <LI><a href="#[54]">setRefAdjVal</a> from rf_control.o(.text) referenced from rf_control.o(.constdata)
 <LI><a href="#[57]">setRefAdjValManual</a> from rf_control.o(.text) referenced from rf_control.o(.constdata)
</UL>
<P>
<H3>
Global Symbols
</H3>
<P><STRONG><a name="[59]"></a>__main</STRONG> (Thumb, 8 bytes, Stack size 0 bytes, __main.o(!!!main))
<BR><BR>[Calls]<UL><LI><a href="#[7e]">&gt;&gt;</a>&nbsp;&nbsp;&nbsp;__rt_entry
<LI><a href="#[7d]">&gt;&gt;</a>&nbsp;&nbsp;&nbsp;__scatterload
</UL>

<P><STRONG><a name="[7d]"></a>__scatterload</STRONG> (Thumb, 0 bytes, Stack size 0 bytes, __scatter.o(!!!scatter))
<BR><BR>[Called By]<UL><LI><a href="#[59]">&gt;&gt;</a>&nbsp;&nbsp;&nbsp;__main
</UL>

<P><STRONG><a name="[7f]"></a>__scatterload_rt2</STRONG> (Thumb, 44 bytes, Stack size 0 bytes, __scatter.o(!!!scatter), UNUSED)
<BR><BR>[Calls]<UL><LI><a href="#[7e]">&gt;&gt;</a>&nbsp;&nbsp;&nbsp;__rt_entry
</UL>

<P><STRONG><a name="[80]"></a>__scatterload_copy</STRONG> (Thumb, 26 bytes, Stack size 0 bytes, __scatter_copy.o(!!handler_copy), UNUSED)
<BR><BR>[Calls]<UL><LI><a href="#[80]">&gt;&gt;</a>&nbsp;&nbsp;&nbsp;__scatterload_copy
</UL>
<BR>[Called By]<UL><LI><a href="#[80]">&gt;&gt;</a>&nbsp;&nbsp;&nbsp;__scatterload_copy
</UL>

<P><STRONG><a name="[81]"></a>__rt_lib_init</STRONG> (Thumb, 0 bytes, Stack size 0 bytes, libinit.o(.ARM.Collect$$libinit$$00000000))
<BR><BR>[Calls]<UL><LI><a href="#[82]">&gt;&gt;</a>&nbsp;&nbsp;&nbsp;_fp_init
</UL>
<BR>[Called By]<UL><LI><a href="#[85]">&gt;&gt;</a>&nbsp;&nbsp;&nbsp;__rt_entry_li
</UL>

<P><STRONG><a name="[8a]"></a>__rt_lib_shutdown</STRONG> (Thumb, 0 bytes, Stack size 0 bytes, libshutdown.o(.ARM.Collect$$libshutdown$$00000000))
<BR><BR>[Called By]<UL><LI><a href="#[89]">&gt;&gt;</a>&nbsp;&nbsp;&nbsp;__rt_exit_ls
</UL>

<P><STRONG><a name="[7e]"></a>__rt_entry</STRONG> (Thumb, 0 bytes, Stack size 0 bytes, rtentry.o(.ARM.Collect$$rtentry$$00000000))
<BR><BR>[Called By]<UL><LI><a href="#[59]">&gt;&gt;</a>&nbsp;&nbsp;&nbsp;__main
<LI><a href="#[7f]">&gt;&gt;</a>&nbsp;&nbsp;&nbsp;__scatterload_rt2
</UL>

<P><STRONG><a name="[83]"></a>__rt_entry_sh</STRONG> (Thumb, 0 bytes, Stack size 0 bytes, rtentry4.o(.ARM.Collect$$rtentry$$00000004))
<BR><BR>[Calls]<UL><LI><a href="#[84]">&gt;&gt;</a>&nbsp;&nbsp;&nbsp;__user_setup_stackheap
</UL>

<P><STRONG><a name="[85]"></a>__rt_entry_li</STRONG> (Thumb, 0 bytes, Stack size 0 bytes, rtentry2.o(.ARM.Collect$$rtentry$$0000000A))
<BR><BR>[Calls]<UL><LI><a href="#[81]">&gt;&gt;</a>&nbsp;&nbsp;&nbsp;__rt_lib_init
</UL>

<P><STRONG><a name="[86]"></a>__rt_entry_main</STRONG> (Thumb, 0 bytes, Stack size 0 bytes, rtentry2.o(.ARM.Collect$$rtentry$$0000000D))
<BR><BR>[Calls]<UL><LI><a href="#[88]">&gt;&gt;</a>&nbsp;&nbsp;&nbsp;exit
<LI><a href="#[87]">&gt;&gt;</a>&nbsp;&nbsp;&nbsp;main
</UL>

<P><STRONG><a name="[132]"></a>__rt_exit</STRONG> (Thumb, 0 bytes, Stack size 0 bytes, rtexit.o(.ARM.Collect$$rtexit$$00000000))
<BR><BR>[Called By]<UL><LI><a href="#[88]">&gt;&gt;</a>&nbsp;&nbsp;&nbsp;exit
</UL>

<P><STRONG><a name="[89]"></a>__rt_exit_ls</STRONG> (Thumb, 0 bytes, Stack size 0 bytes, rtexit2.o(.ARM.Collect$$rtexit$$00000003))
<BR><BR>[Calls]<UL><LI><a href="#[8a]">&gt;&gt;</a>&nbsp;&nbsp;&nbsp;__rt_lib_shutdown
</UL>

<P><STRONG><a name="[8b]"></a>__rt_exit_exit</STRONG> (Thumb, 0 bytes, Stack size 0 bytes, rtexit2.o(.ARM.Collect$$rtexit$$00000004))
<BR><BR>[Calls]<UL><LI><a href="#[8c]">&gt;&gt;</a>&nbsp;&nbsp;&nbsp;_sys_exit
</UL>

<P><STRONG><a name="[87]"></a>main</STRONG> (Thumb, 132 bytes, Stack size 0 bytes, main.o(.text))
<BR><BR>[Calls]<UL><LI><a href="#[96]">&gt;&gt;</a>&nbsp;&nbsp;&nbsp;TaskTimerRoutine
<LI><a href="#[90]">&gt;&gt;</a>&nbsp;&nbsp;&nbsp;RCC_LSICmd
<LI><a href="#[8e]">&gt;&gt;</a>&nbsp;&nbsp;&nbsp;RCC_GetFlagStatus
<LI><a href="#[8f]">&gt;&gt;</a>&nbsp;&nbsp;&nbsp;RCC_ClearFlag
<LI><a href="#[95]">&gt;&gt;</a>&nbsp;&nbsp;&nbsp;InitTaskTimer
<LI><a href="#[8d]">&gt;&gt;</a>&nbsp;&nbsp;&nbsp;InitTarget
<LI><a href="#[93]">&gt;&gt;</a>&nbsp;&nbsp;&nbsp;InitProtocol
<LI><a href="#[91]">&gt;&gt;</a>&nbsp;&nbsp;&nbsp;InitParam
<LI><a href="#[92]">&gt;&gt;</a>&nbsp;&nbsp;&nbsp;InitControl
<LI><a href="#[77]">&gt;&gt;</a>&nbsp;&nbsp;&nbsp;IWDG_WriteAccessCmd
<LI><a href="#[79]">&gt;&gt;</a>&nbsp;&nbsp;&nbsp;IWDG_SetReload
<LI><a href="#[78]">&gt;&gt;</a>&nbsp;&nbsp;&nbsp;IWDG_SetPrescaler
<LI><a href="#[7a]">&gt;&gt;</a>&nbsp;&nbsp;&nbsp;IWDG_ReloadCounter
<LI><a href="#[7b]">&gt;&gt;</a>&nbsp;&nbsp;&nbsp;IWDG_Enable
<LI><a href="#[94]">&gt;&gt;</a>&nbsp;&nbsp;&nbsp;AddTaskTimer
</UL>
<BR>[Called By]<UL><LI><a href="#[86]">&gt;&gt;</a>&nbsp;&nbsp;&nbsp;__rt_entry_main
</UL>

<P><STRONG><a name="[94]"></a>AddTaskTimer</STRONG> (Thumb, 50 bytes, Stack size 0 bytes, rf_task.o(.text))
<BR><BR>[Calls]<UL><LI><a href="#[97]">&gt;&gt;</a>&nbsp;&nbsp;&nbsp;UserTimerReset
</UL>
<BR>[Called By]<UL><LI><a href="#[87]">&gt;&gt;</a>&nbsp;&nbsp;&nbsp;main
</UL>

<P><STRONG><a name="[95]"></a>InitTaskTimer</STRONG> (Thumb, 44 bytes, Stack size 0 bytes, rf_task.o(.text))
<BR><BR>[Calls]<UL><LI><a href="#[97]">&gt;&gt;</a>&nbsp;&nbsp;&nbsp;UserTimerReset
</UL>
<BR>[Called By]<UL><LI><a href="#[87]">&gt;&gt;</a>&nbsp;&nbsp;&nbsp;main
</UL>

<P><STRONG><a name="[96]"></a>TaskTimerRoutine</STRONG> (Thumb, 62 bytes, Stack size 0 bytes, rf_task.o(.text))
<BR><BR>[Calls]<UL><LI><a href="#[97]">&gt;&gt;</a>&nbsp;&nbsp;&nbsp;UserTimerReset
<LI><a href="#[98]">&gt;&gt;</a>&nbsp;&nbsp;&nbsp;UserTimerOver
</UL>
<BR>[Called By]<UL><LI><a href="#[87]">&gt;&gt;</a>&nbsp;&nbsp;&nbsp;main
</UL>

<P><STRONG><a name="[a3]"></a>swapBytes</STRONG> (Thumb, 28 bytes, Stack size 0 bytes, rf_control.o(.text))
<BR><BR>[Called By]<UL><LI><a href="#[44]">&gt;&gt;</a>&nbsp;&nbsp;&nbsp;AsbGetPower
<LI><a href="#[43]">&gt;&gt;</a>&nbsp;&nbsp;&nbsp;AsbGetVswr
</UL>

<P><STRONG><a name="[48]"></a>JLna1AttSet</STRONG> (Thumb, 26 bytes, Stack size 0 bytes, rf_control.o(.text))
<BR><BR>[Calls]<UL><LI><a href="#[99]">&gt;&gt;</a>&nbsp;&nbsp;&nbsp;WritePe4302
</UL>
<BR>[Called By]<UL><LI><a href="#[3d]">&gt;&gt;</a>&nbsp;&nbsp;&nbsp;AsbSetLna1
<LI><a href="#[51]">&gt;&gt;</a>&nbsp;&nbsp;&nbsp;JSwitchRx2
<LI><a href="#[4f]">&gt;&gt;</a>&nbsp;&nbsp;&nbsp;JSwitch1
<LI><a href="#[36]">&gt;&gt;</a>&nbsp;&nbsp;&nbsp;TaskControl
</UL>
<BR>[Address Reference Count : 1]<UL><LI> rf_control.o(.constdata)
</UL>
<P><STRONG><a name="[49]"></a>JLna1AttAdj</STRONG> (Thumb, 34 bytes, Stack size 0 bytes, rf_control.o(.text))
<BR><BR>[Calls]<UL><LI><a href="#[99]">&gt;&gt;</a>&nbsp;&nbsp;&nbsp;WritePe4302
</UL>
<BR>[Called By]<UL><LI><a href="#[51]">&gt;&gt;</a>&nbsp;&nbsp;&nbsp;JSwitchRx2
<LI><a href="#[4f]">&gt;&gt;</a>&nbsp;&nbsp;&nbsp;JSwitch1
<LI><a href="#[52]">&gt;&gt;</a>&nbsp;&nbsp;&nbsp;TempCompensate
<LI><a href="#[36]">&gt;&gt;</a>&nbsp;&nbsp;&nbsp;TaskControl
</UL>
<BR>[Address Reference Count : 1]<UL><LI> rf_control.o(.constdata)
</UL>
<P><STRONG><a name="[4a]"></a>JLna2AttSet</STRONG> (Thumb, 28 bytes, Stack size 0 bytes, rf_control.o(.text))
<BR><BR>[Calls]<UL><LI><a href="#[99]">&gt;&gt;</a>&nbsp;&nbsp;&nbsp;WritePe4302
</UL>
<BR>[Called By]<UL><LI><a href="#[3f]">&gt;&gt;</a>&nbsp;&nbsp;&nbsp;AsbSetLna2
<LI><a href="#[51]">&gt;&gt;</a>&nbsp;&nbsp;&nbsp;JSwitchRx2
<LI><a href="#[50]">&gt;&gt;</a>&nbsp;&nbsp;&nbsp;JSwitch2
<LI><a href="#[36]">&gt;&gt;</a>&nbsp;&nbsp;&nbsp;TaskControl
</UL>
<BR>[Address Reference Count : 1]<UL><LI> rf_control.o(.constdata)
</UL>
<P><STRONG><a name="[4b]"></a>JLna2AttAdj</STRONG> (Thumb, 34 bytes, Stack size 0 bytes, rf_control.o(.text))
<BR><BR>[Calls]<UL><LI><a href="#[99]">&gt;&gt;</a>&nbsp;&nbsp;&nbsp;WritePe4302
</UL>
<BR>[Called By]<UL><LI><a href="#[51]">&gt;&gt;</a>&nbsp;&nbsp;&nbsp;JSwitchRx2
<LI><a href="#[50]">&gt;&gt;</a>&nbsp;&nbsp;&nbsp;JSwitch2
<LI><a href="#[52]">&gt;&gt;</a>&nbsp;&nbsp;&nbsp;TempCompensate
<LI><a href="#[36]">&gt;&gt;</a>&nbsp;&nbsp;&nbsp;TaskControl
</UL>
<BR>[Address Reference Count : 1]<UL><LI> rf_control.o(.constdata)
</UL>
<P><STRONG><a name="[52]"></a>TempCompensate</STRONG> (Thumb, 88 bytes, Stack size 0 bytes, rf_control.o(.text))
<BR><BR>[Calls]<UL><LI><a href="#[4b]">&gt;&gt;</a>&nbsp;&nbsp;&nbsp;JLna2AttAdj
<LI><a href="#[49]">&gt;&gt;</a>&nbsp;&nbsp;&nbsp;JLna1AttAdj
<LI><a href="#[9a]">&gt;&gt;</a>&nbsp;&nbsp;&nbsp;ReadTemperature
</UL>
<BR>[Called By]<UL><LI><a href="#[36]">&gt;&gt;</a>&nbsp;&nbsp;&nbsp;TaskControl
</UL>
<BR>[Address Reference Count : 1]<UL><LI> rf_control.o(.constdata)
</UL>
<P><STRONG><a name="[58]"></a>getRefAdjValManual</STRONG> (Thumb, 62 bytes, Stack size 0 bytes, rf_control.o(.text))
<BR>[Address Reference Count : 1]<UL><LI> rf_control.o(.constdata)
</UL>
<P><STRONG><a name="[56]"></a>getOutAdjValManual</STRONG> (Thumb, 64 bytes, Stack size 0 bytes, rf_control.o(.text))
<BR>[Address Reference Count : 1]<UL><LI> rf_control.o(.constdata)
</UL>
<P><STRONG><a name="[53]"></a>setOutAdjVal</STRONG> (Thumb, 178 bytes, Stack size 0 bytes, rf_control.o(.text))
<BR><BR>[Calls]<UL><LI><a href="#[a1]">&gt;&gt;</a>&nbsp;&nbsp;&nbsp;SaveParam
</UL>
<BR>[Address Reference Count : 1]<UL><LI> rf_control.o(.constdata)
</UL>
<P><STRONG><a name="[54]"></a>setRefAdjVal</STRONG> (Thumb, 176 bytes, Stack size 0 bytes, rf_control.o(.text))
<BR><BR>[Calls]<UL><LI><a href="#[a1]">&gt;&gt;</a>&nbsp;&nbsp;&nbsp;SaveParam
</UL>
<BR>[Address Reference Count : 1]<UL><LI> rf_control.o(.constdata)
</UL>
<P><STRONG><a name="[55]"></a>setOutAdjValManual</STRONG> (Thumb, 204 bytes, Stack size 0 bytes, rf_control.o(.text))
<BR><BR>[Calls]<UL><LI><a href="#[a1]">&gt;&gt;</a>&nbsp;&nbsp;&nbsp;SaveParam
</UL>
<BR>[Address Reference Count : 1]<UL><LI> rf_control.o(.constdata)
</UL>
<P><STRONG><a name="[57]"></a>setRefAdjValManual</STRONG> (Thumb, 186 bytes, Stack size 0 bytes, rf_control.o(.text))
<BR><BR>[Calls]<UL><LI><a href="#[a1]">&gt;&gt;</a>&nbsp;&nbsp;&nbsp;SaveParam
</UL>
<BR>[Address Reference Count : 1]<UL><LI> rf_control.o(.constdata)
</UL>
<P><STRONG><a name="[4c]"></a>JGC1Set</STRONG> (Thumb, 24 bytes, Stack size 0 bytes, rf_control.o(.text))
<BR><BR>[Calls]<UL><LI><a href="#[a2]">&gt;&gt;</a>&nbsp;&nbsp;&nbsp;GPIO_WriteBit
</UL>
<BR>[Called By]<UL><LI><a href="#[92]">&gt;&gt;</a>&nbsp;&nbsp;&nbsp;InitControl
</UL>
<BR>[Address Reference Count : 1]<UL><LI> rf_control.o(.constdata)
</UL>
<P><STRONG><a name="[4d]"></a>JGC2Set</STRONG> (Thumb, 24 bytes, Stack size 0 bytes, rf_control.o(.text))
<BR><BR>[Calls]<UL><LI><a href="#[a2]">&gt;&gt;</a>&nbsp;&nbsp;&nbsp;GPIO_WriteBit
</UL>
<BR>[Called By]<UL><LI><a href="#[92]">&gt;&gt;</a>&nbsp;&nbsp;&nbsp;InitControl
</UL>
<BR>[Address Reference Count : 1]<UL><LI> rf_control.o(.constdata)
</UL>
<P><STRONG><a name="[4e]"></a>JGC3Set</STRONG> (Thumb, 24 bytes, Stack size 0 bytes, rf_control.o(.text))
<BR><BR>[Calls]<UL><LI><a href="#[a2]">&gt;&gt;</a>&nbsp;&nbsp;&nbsp;GPIO_WriteBit
</UL>
<BR>[Called By]<UL><LI><a href="#[92]">&gt;&gt;</a>&nbsp;&nbsp;&nbsp;InitControl
</UL>
<BR>[Address Reference Count : 1]<UL><LI> rf_control.o(.constdata)
</UL>
<P><STRONG><a name="[4f]"></a>JSwitch1</STRONG> (Thumb, 50 bytes, Stack size 0 bytes, rf_control.o(.text))
<BR><BR>[Calls]<UL><LI><a href="#[a2]">&gt;&gt;</a>&nbsp;&nbsp;&nbsp;GPIO_WriteBit
<LI><a href="#[49]">&gt;&gt;</a>&nbsp;&nbsp;&nbsp;JLna1AttAdj
<LI><a href="#[48]">&gt;&gt;</a>&nbsp;&nbsp;&nbsp;JLna1AttSet
</UL>
<BR>[Called By]<UL><LI><a href="#[92]">&gt;&gt;</a>&nbsp;&nbsp;&nbsp;InitControl
</UL>
<BR>[Address Reference Count : 1]<UL><LI> rf_control.o(.constdata)
</UL>
<P><STRONG><a name="[50]"></a>JSwitch2</STRONG> (Thumb, 50 bytes, Stack size 0 bytes, rf_control.o(.text))
<BR><BR>[Calls]<UL><LI><a href="#[a2]">&gt;&gt;</a>&nbsp;&nbsp;&nbsp;GPIO_WriteBit
<LI><a href="#[4b]">&gt;&gt;</a>&nbsp;&nbsp;&nbsp;JLna2AttAdj
<LI><a href="#[4a]">&gt;&gt;</a>&nbsp;&nbsp;&nbsp;JLna2AttSet
</UL>
<BR>[Called By]<UL><LI><a href="#[92]">&gt;&gt;</a>&nbsp;&nbsp;&nbsp;InitControl
</UL>
<BR>[Address Reference Count : 1]<UL><LI> rf_control.o(.constdata)
</UL>
<P><STRONG><a name="[51]"></a>JSwitchRx2</STRONG> (Thumb, 64 bytes, Stack size 0 bytes, rf_control.o(.text))
<BR><BR>[Calls]<UL><LI><a href="#[a2]">&gt;&gt;</a>&nbsp;&nbsp;&nbsp;GPIO_WriteBit
<LI><a href="#[4b]">&gt;&gt;</a>&nbsp;&nbsp;&nbsp;JLna2AttAdj
<LI><a href="#[4a]">&gt;&gt;</a>&nbsp;&nbsp;&nbsp;JLna2AttSet
<LI><a href="#[49]">&gt;&gt;</a>&nbsp;&nbsp;&nbsp;JLna1AttAdj
<LI><a href="#[48]">&gt;&gt;</a>&nbsp;&nbsp;&nbsp;JLna1AttSet
</UL>
<BR>[Called By]<UL><LI><a href="#[92]">&gt;&gt;</a>&nbsp;&nbsp;&nbsp;InitControl
</UL>
<BR>[Address Reference Count : 1]<UL><LI> rf_control.o(.constdata)
</UL>
<P><STRONG><a name="[3d]"></a>AsbSetLna1</STRONG> (Thumb, 40 bytes, Stack size 0 bytes, rf_control.o(.text))
<BR><BR>[Calls]<UL><LI><a href="#[a1]">&gt;&gt;</a>&nbsp;&nbsp;&nbsp;SaveParam
<LI><a href="#[48]">&gt;&gt;</a>&nbsp;&nbsp;&nbsp;JLna1AttSet
</UL>
<BR>[Address Reference Count : 1]<UL><LI> rf_control.o(.constdata)
</UL>
<P><STRONG><a name="[3f]"></a>AsbSetLna2</STRONG> (Thumb, 92 bytes, Stack size 0 bytes, rf_control.o(.text))
<BR><BR>[Calls]<UL><LI><a href="#[a1]">&gt;&gt;</a>&nbsp;&nbsp;&nbsp;SaveParam
<LI><a href="#[a2]">&gt;&gt;</a>&nbsp;&nbsp;&nbsp;GPIO_WriteBit
<LI><a href="#[4a]">&gt;&gt;</a>&nbsp;&nbsp;&nbsp;JLna2AttSet
</UL>
<BR>[Address Reference Count : 1]<UL><LI> rf_control.o(.constdata)
</UL>
<P><STRONG><a name="[3e]"></a>AsbGetLna1</STRONG> (Thumb, 46 bytes, Stack size 0 bytes, rf_control.o(.text))
<BR>[Address Reference Count : 1]<UL><LI> rf_control.o(.constdata)
</UL>
<P><STRONG><a name="[40]"></a>AsbGetLna2</STRONG> (Thumb, 38 bytes, Stack size 0 bytes, rf_control.o(.text))
<BR>[Address Reference Count : 1]<UL><LI> rf_control.o(.constdata)
</UL>
<P><STRONG><a name="[41]"></a>AsbGetTemperature</STRONG> (Thumb, 20 bytes, Stack size 0 bytes, rf_control.o(.text))
<BR>[Address Reference Count : 1]<UL><LI> rf_control.o(.constdata)
</UL>
<P><STRONG><a name="[42]"></a>AsbGetVersion</STRONG> (Thumb, 26 bytes, Stack size 0 bytes, rf_control.o(.text))
<BR>[Address Reference Count : 1]<UL><LI> rf_control.o(.constdata)
</UL>
<P><STRONG><a name="[43]"></a>AsbGetVswr</STRONG> (Thumb, 14 bytes, Stack size 0 bytes, rf_control.o(.text))
<BR><BR>[Calls]<UL><LI><a href="#[a3]">&gt;&gt;</a>&nbsp;&nbsp;&nbsp;swapBytes
</UL>
<BR>[Address Reference Count : 1]<UL><LI> rf_control.o(.constdata)
</UL>
<P><STRONG><a name="[44]"></a>AsbGetPower</STRONG> (Thumb, 16 bytes, Stack size 0 bytes, rf_control.o(.text))
<BR><BR>[Calls]<UL><LI><a href="#[a3]">&gt;&gt;</a>&nbsp;&nbsp;&nbsp;swapBytes
</UL>
<BR>[Address Reference Count : 1]<UL><LI> rf_control.o(.constdata)
</UL>
<P><STRONG><a name="[45]"></a>AsbSetJointcomWrite</STRONG> (Thumb, 10 bytes, Stack size 0 bytes, rf_control.o(.text))
<BR><BR>[Calls]<UL><LI><a href="#[a4]">&gt;&gt;</a>&nbsp;&nbsp;&nbsp;SetUartBufInfo
</UL>
<BR>[Address Reference Count : 1]<UL><LI> rf_control.o(.constdata)
</UL>
<P><STRONG><a name="[a6]"></a>calPwr</STRONG> (Thumb, 70 bytes, Stack size 0 bytes, rf_control.o(.text), UNUSED)
<BR><BR>[Calls]<UL><LI><a href="#[9e]">&gt;&gt;</a>&nbsp;&nbsp;&nbsp;__aeabi_fmul
<LI><a href="#[a0]">&gt;&gt;</a>&nbsp;&nbsp;&nbsp;__aeabi_f2iz
<LI><a href="#[a7]">&gt;&gt;</a>&nbsp;&nbsp;&nbsp;__aeabi_i2d
<LI><a href="#[a8]">&gt;&gt;</a>&nbsp;&nbsp;&nbsp;__aeabi_ddiv
<LI><a href="#[a9]">&gt;&gt;</a>&nbsp;&nbsp;&nbsp;__aeabi_dadd
<LI><a href="#[aa]">&gt;&gt;</a>&nbsp;&nbsp;&nbsp;__aeabi_d2f
</UL>

<P><STRONG><a name="[92]"></a>InitControl</STRONG> (Thumb, 86 bytes, Stack size 0 bytes, rf_control.o(.text))
<BR><BR>[Calls]<UL><LI><a href="#[a2]">&gt;&gt;</a>&nbsp;&nbsp;&nbsp;GPIO_WriteBit
<LI><a href="#[51]">&gt;&gt;</a>&nbsp;&nbsp;&nbsp;JSwitchRx2
<LI><a href="#[50]">&gt;&gt;</a>&nbsp;&nbsp;&nbsp;JSwitch2
<LI><a href="#[4f]">&gt;&gt;</a>&nbsp;&nbsp;&nbsp;JSwitch1
<LI><a href="#[4e]">&gt;&gt;</a>&nbsp;&nbsp;&nbsp;JGC3Set
<LI><a href="#[4d]">&gt;&gt;</a>&nbsp;&nbsp;&nbsp;JGC2Set
<LI><a href="#[4c]">&gt;&gt;</a>&nbsp;&nbsp;&nbsp;JGC1Set
</UL>
<BR>[Called By]<UL><LI><a href="#[87]">&gt;&gt;</a>&nbsp;&nbsp;&nbsp;main
</UL>

<P><STRONG><a name="[36]"></a>TaskControl</STRONG> (Thumb, 130 bytes, Stack size 0 bytes, rf_control.o(.text))
<BR><BR>[Calls]<UL><LI><a href="#[ae]">&gt;&gt;</a>&nbsp;&nbsp;&nbsp;GPIO_ReadInputDataBit
<LI><a href="#[52]">&gt;&gt;</a>&nbsp;&nbsp;&nbsp;TempCompensate
<LI><a href="#[4b]">&gt;&gt;</a>&nbsp;&nbsp;&nbsp;JLna2AttAdj
<LI><a href="#[4a]">&gt;&gt;</a>&nbsp;&nbsp;&nbsp;JLna2AttSet
<LI><a href="#[49]">&gt;&gt;</a>&nbsp;&nbsp;&nbsp;JLna1AttAdj
<LI><a href="#[48]">&gt;&gt;</a>&nbsp;&nbsp;&nbsp;JLna1AttSet
<LI><a href="#[ad]">&gt;&gt;</a>&nbsp;&nbsp;&nbsp;CurrentAlarm
</UL>
<BR>[Address Reference Count : 1]<UL><LI> main.o(.text)
</UL>
<P><STRONG><a name="[35]"></a>TaskSample</STRONG> (Thumb, 210 bytes, Stack size 0 bytes, rf_control.o(.text))
<BR><BR>[Calls]<UL><LI><a href="#[a2]">&gt;&gt;</a>&nbsp;&nbsp;&nbsp;GPIO_WriteBit
<LI><a href="#[b0]">&gt;&gt;</a>&nbsp;&nbsp;&nbsp;calVswr
<LI><a href="#[ab]">&gt;&gt;</a>&nbsp;&nbsp;&nbsp;ReadAdcValueFilter
<LI><a href="#[af]">&gt;&gt;</a>&nbsp;&nbsp;&nbsp;orderStr
</UL>
<BR>[Address Reference Count : 1]<UL><LI> main.o(.text)
</UL>
<P><STRONG><a name="[c9]"></a>AsbExeTabSize</STRONG> (Thumb, 4 bytes, Stack size 0 bytes, rf_control.o(.text))
<BR><BR>[Called By]<UL><LI><a href="#[3a]">&gt;&gt;</a>&nbsp;&nbsp;&nbsp;ExecAsbParam
</UL>

<P><STRONG><a name="[bf]"></a>JointExeTabSize</STRONG> (Thumb, 4 bytes, Stack size 0 bytes, rf_control.o(.text))
<BR><BR>[Called By]<UL><LI><a href="#[c4]">&gt;&gt;</a>&nbsp;&nbsp;&nbsp;ExecFctParam
<LI><a href="#[91]">&gt;&gt;</a>&nbsp;&nbsp;&nbsp;InitParam
</UL>

<P><STRONG><a name="[b9]"></a>CheckDownFlag</STRONG> (Thumb, 58 bytes, Stack size 0 bytes, rf_parameter.o(.text))
<BR><BR>[Calls]<UL><LI><a href="#[bb]">&gt;&gt;</a>&nbsp;&nbsp;&nbsp;WriteE2prom
<LI><a href="#[ba]">&gt;&gt;</a>&nbsp;&nbsp;&nbsp;ReadE2prom
</UL>
<BR>[Called By]<UL><LI><a href="#[cc]">&gt;&gt;</a>&nbsp;&nbsp;&nbsp;ReturnUpgradeFlag
</UL>

<P><STRONG><a name="[bc]"></a>SetDownFlag</STRONG> (Thumb, 22 bytes, Stack size 0 bytes, rf_parameter.o(.text))
<BR><BR>[Calls]<UL><LI><a href="#[bb]">&gt;&gt;</a>&nbsp;&nbsp;&nbsp;WriteE2prom
</UL>
<BR>[Called By]<UL><LI><a href="#[c1]">&gt;&gt;</a>&nbsp;&nbsp;&nbsp;Code2Flash
</UL>

<P><STRONG><a name="[a1]"></a>SaveParam</STRONG> (Thumb, 10 bytes, Stack size 0 bytes, rf_parameter.o(.text))
<BR><BR>[Calls]<UL><LI><a href="#[bb]">&gt;&gt;</a>&nbsp;&nbsp;&nbsp;WriteE2prom
</UL>
<BR>[Called By]<UL><LI><a href="#[c4]">&gt;&gt;</a>&nbsp;&nbsp;&nbsp;ExecFctParam
<LI><a href="#[3f]">&gt;&gt;</a>&nbsp;&nbsp;&nbsp;AsbSetLna2
<LI><a href="#[3d]">&gt;&gt;</a>&nbsp;&nbsp;&nbsp;AsbSetLna1
<LI><a href="#[57]">&gt;&gt;</a>&nbsp;&nbsp;&nbsp;setRefAdjValManual
<LI><a href="#[55]">&gt;&gt;</a>&nbsp;&nbsp;&nbsp;setOutAdjValManual
<LI><a href="#[54]">&gt;&gt;</a>&nbsp;&nbsp;&nbsp;setRefAdjVal
<LI><a href="#[53]">&gt;&gt;</a>&nbsp;&nbsp;&nbsp;setOutAdjVal
</UL>

<P><STRONG><a name="[bd]"></a>FetchParam</STRONG> (Thumb, 10 bytes, Stack size 0 bytes, rf_parameter.o(.text))
<BR><BR>[Calls]<UL><LI><a href="#[ba]">&gt;&gt;</a>&nbsp;&nbsp;&nbsp;ReadE2prom
</UL>
<BR>[Called By]<UL><LI><a href="#[91]">&gt;&gt;</a>&nbsp;&nbsp;&nbsp;InitParam
</UL>

<P><STRONG><a name="[91]"></a>InitParam</STRONG> (Thumb, 292 bytes, Stack size 0 bytes, rf_parameter.o(.text))
<BR><BR>[Calls]<UL><LI><a href="#[be]">&gt;&gt;</a>&nbsp;&nbsp;&nbsp;__aeabi_memclr
<LI><a href="#[bb]">&gt;&gt;</a>&nbsp;&nbsp;&nbsp;WriteE2prom
<LI><a href="#[ba]">&gt;&gt;</a>&nbsp;&nbsp;&nbsp;ReadE2prom
<LI><a href="#[bd]">&gt;&gt;</a>&nbsp;&nbsp;&nbsp;FetchParam
<LI><a href="#[bf]">&gt;&gt;</a>&nbsp;&nbsp;&nbsp;JointExeTabSize
</UL>
<BR>[Called By]<UL><LI><a href="#[87]">&gt;&gt;</a>&nbsp;&nbsp;&nbsp;main
</UL>

<P><STRONG><a name="[37]"></a>TaskParameter</STRONG> (Thumb, 2 bytes, Stack size 0 bytes, rf_parameter.o(.text))
<BR>[Address Reference Count : 1]<UL><LI> main.o(.text)
</UL>
<P><STRONG><a name="[c3]"></a>I2cUpgradeReply</STRONG> (Thumb, 18 bytes, Stack size 0 bytes, rf_protocol.o(.text))
<BR><BR>[Called By]<UL><LI><a href="#[cc]">&gt;&gt;</a>&nbsp;&nbsp;&nbsp;ReturnUpgradeFlag
<LI><a href="#[46]">&gt;&gt;</a>&nbsp;&nbsp;&nbsp;I2cUpgradeWrite
<LI><a href="#[47]">&gt;&gt;</a>&nbsp;&nbsp;&nbsp;I2cUpgradeRead
</UL>

<P><STRONG><a name="[46]"></a>I2cUpgradeWrite</STRONG> (Thumb, 148 bytes, Stack size 0 bytes, rf_protocol.o(.text))
<BR><BR>[Calls]<UL><LI><a href="#[c0]">&gt;&gt;</a>&nbsp;&nbsp;&nbsp;InitCode2Flash
<LI><a href="#[c2]">&gt;&gt;</a>&nbsp;&nbsp;&nbsp;EndCode2Flash
<LI><a href="#[c1]">&gt;&gt;</a>&nbsp;&nbsp;&nbsp;Code2Flash
<LI><a href="#[c3]">&gt;&gt;</a>&nbsp;&nbsp;&nbsp;I2cUpgradeReply
</UL>
<BR>[Address Reference Count : 1]<UL><LI> rf_control.o(.constdata)
</UL>
<P><STRONG><a name="[47]"></a>I2cUpgradeRead</STRONG> (Thumb, 8 bytes, Stack size 0 bytes, rf_protocol.o(.text))
<BR><BR>[Calls]<UL><LI><a href="#[c3]">&gt;&gt;</a>&nbsp;&nbsp;&nbsp;I2cUpgradeReply
</UL>
<BR>[Address Reference Count : 1]<UL><LI> rf_control.o(.constdata)
</UL>
<P><STRONG><a name="[93]"></a>InitProtocol</STRONG> (Thumb, 26 bytes, Stack size 0 bytes, rf_protocol.o(.text))
<BR><BR>[Calls]<UL><LI><a href="#[cb]">&gt;&gt;</a>&nbsp;&nbsp;&nbsp;InitUartBuf
<LI><a href="#[ca]">&gt;&gt;</a>&nbsp;&nbsp;&nbsp;InitI2cProc
<LI><a href="#[cc]">&gt;&gt;</a>&nbsp;&nbsp;&nbsp;ReturnUpgradeFlag
</UL>
<BR>[Called By]<UL><LI><a href="#[87]">&gt;&gt;</a>&nbsp;&nbsp;&nbsp;main
</UL>

<P><STRONG><a name="[38]"></a>TaskProtocol</STRONG> (Thumb, 46 bytes, Stack size 0 bytes, rf_protocol.o(.text))
<BR><BR>[Calls]<UL><LI><a href="#[ce]">&gt;&gt;</a>&nbsp;&nbsp;&nbsp;PackLayer1
<LI><a href="#[cd]">&gt;&gt;</a>&nbsp;&nbsp;&nbsp;UnpackLayer2
<LI><a href="#[c8]">&gt;&gt;</a>&nbsp;&nbsp;&nbsp;PackLayer2
<LI><a href="#[c4]">&gt;&gt;</a>&nbsp;&nbsp;&nbsp;ExecFctParam
</UL>
<BR>[Address Reference Count : 1]<UL><LI> main.o(.text)
</UL>
<P><STRONG><a name="[8d]"></a>InitTarget</STRONG> (Thumb, 156 bytes, Stack size 0 bytes, rf_target.o(.text))
<BR><BR>[Calls]<UL><LI><a href="#[d1]">&gt;&gt;</a>&nbsp;&nbsp;&nbsp;RCC_PCLK1Config
<LI><a href="#[d3]">&gt;&gt;</a>&nbsp;&nbsp;&nbsp;RCC_APB2PeriphClockCmd
<LI><a href="#[d2]">&gt;&gt;</a>&nbsp;&nbsp;&nbsp;RCC_APB1PeriphClockCmd
<LI><a href="#[d4]">&gt;&gt;</a>&nbsp;&nbsp;&nbsp;NVIC_PriorityGroupConfig
<LI><a href="#[d5]">&gt;&gt;</a>&nbsp;&nbsp;&nbsp;NVIC_Init
<LI><a href="#[d9]">&gt;&gt;</a>&nbsp;&nbsp;&nbsp;InitUart
<LI><a href="#[db]">&gt;&gt;</a>&nbsp;&nbsp;&nbsp;InitTimer
<LI><a href="#[da]">&gt;&gt;</a>&nbsp;&nbsp;&nbsp;InitI2c
<LI><a href="#[d8]">&gt;&gt;</a>&nbsp;&nbsp;&nbsp;InitAdc
<LI><a href="#[d6]">&gt;&gt;</a>&nbsp;&nbsp;&nbsp;GPIO_PinRemapConfig
<LI><a href="#[d7]">&gt;&gt;</a>&nbsp;&nbsp;&nbsp;GPIO_Init
</UL>
<BR>[Called By]<UL><LI><a href="#[87]">&gt;&gt;</a>&nbsp;&nbsp;&nbsp;main
</UL>

<P><STRONG><a name="[3]"></a>NMI_Handler</STRONG> (Thumb, 2 bytes, Stack size 0 bytes, stm32f10x_it.o(.text))
<BR>[Address Reference Count : 1]<UL><LI> startup_stm32f10x_md_vl.o(RESET)
</UL>
<P><STRONG><a name="[4]"></a>HardFault_Handler</STRONG> (Thumb, 2 bytes, Stack size 0 bytes, stm32f10x_it.o(.text))
<BR><BR>[Calls]<UL><LI><a href="#[4]">&gt;&gt;</a>&nbsp;&nbsp;&nbsp;HardFault_Handler
</UL>
<BR>[Called By]<UL><LI><a href="#[4]">&gt;&gt;</a>&nbsp;&nbsp;&nbsp;HardFault_Handler
</UL>
<BR>[Address Reference Count : 1]<UL><LI> startup_stm32f10x_md_vl.o(RESET)
</UL>
<P><STRONG><a name="[5]"></a>MemManage_Handler</STRONG> (Thumb, 2 bytes, Stack size 0 bytes, stm32f10x_it.o(.text))
<BR><BR>[Calls]<UL><LI><a href="#[5]">&gt;&gt;</a>&nbsp;&nbsp;&nbsp;MemManage_Handler
</UL>
<BR>[Called By]<UL><LI><a href="#[5]">&gt;&gt;</a>&nbsp;&nbsp;&nbsp;MemManage_Handler
</UL>
<BR>[Address Reference Count : 1]<UL><LI> startup_stm32f10x_md_vl.o(RESET)
</UL>
<P><STRONG><a name="[6]"></a>BusFault_Handler</STRONG> (Thumb, 2 bytes, Stack size 0 bytes, stm32f10x_it.o(.text))
<BR><BR>[Calls]<UL><LI><a href="#[6]">&gt;&gt;</a>&nbsp;&nbsp;&nbsp;BusFault_Handler
</UL>
<BR>[Called By]<UL><LI><a href="#[6]">&gt;&gt;</a>&nbsp;&nbsp;&nbsp;BusFault_Handler
</UL>
<BR>[Address Reference Count : 1]<UL><LI> startup_stm32f10x_md_vl.o(RESET)
</UL>
<P><STRONG><a name="[7]"></a>UsageFault_Handler</STRONG> (Thumb, 2 bytes, Stack size 0 bytes, stm32f10x_it.o(.text))
<BR><BR>[Calls]<UL><LI><a href="#[7]">&gt;&gt;</a>&nbsp;&nbsp;&nbsp;UsageFault_Handler
</UL>
<BR>[Called By]<UL><LI><a href="#[7]">&gt;&gt;</a>&nbsp;&nbsp;&nbsp;UsageFault_Handler
</UL>
<BR>[Address Reference Count : 1]<UL><LI> startup_stm32f10x_md_vl.o(RESET)
</UL>
<P><STRONG><a name="[8]"></a>SVC_Handler</STRONG> (Thumb, 2 bytes, Stack size 0 bytes, stm32f10x_it.o(.text))
<BR>[Address Reference Count : 1]<UL><LI> startup_stm32f10x_md_vl.o(RESET)
</UL>
<P><STRONG><a name="[9]"></a>DebugMon_Handler</STRONG> (Thumb, 2 bytes, Stack size 0 bytes, stm32f10x_it.o(.text))
<BR>[Address Reference Count : 1]<UL><LI> startup_stm32f10x_md_vl.o(RESET)
</UL>
<P><STRONG><a name="[a]"></a>PendSV_Handler</STRONG> (Thumb, 2 bytes, Stack size 0 bytes, stm32f10x_it.o(.text))
<BR>[Address Reference Count : 1]<UL><LI> startup_stm32f10x_md_vl.o(RESET)
</UL>
<P><STRONG><a name="[b]"></a>SysTick_Handler</STRONG> (Thumb, 2 bytes, Stack size 0 bytes, stm32f10x_it.o(.text))
<BR>[Address Reference Count : 1]<UL><LI> startup_stm32f10x_md_vl.o(RESET)
</UL>
<P><STRONG><a name="[3b]"></a>SystemInit</STRONG> (Thumb, 68 bytes, Stack size 0 bytes, system_stm32f10x.o(.text))
<BR><BR>[Calls]<UL><LI><a href="#[dc]">&gt;&gt;</a>&nbsp;&nbsp;&nbsp;SetSysClockToCustom
</UL>
<BR>[Address Reference Count : 1]<UL><LI> startup_stm32f10x_md_vl.o(.text)
</UL>
<P><STRONG><a name="[e0]"></a>WriteSpiOneWord</STRONG> (Thumb, 128 bytes, Stack size 0 bytes, dev_spi.o(.text))
<BR><BR>[Calls]<UL><LI><a href="#[df]">&gt;&gt;</a>&nbsp;&nbsp;&nbsp;usdelay
<LI><a href="#[e1]">&gt;&gt;</a>&nbsp;&nbsp;&nbsp;EndSpiBus
<LI><a href="#[de]">&gt;&gt;</a>&nbsp;&nbsp;&nbsp;StartSpiBus
<LI><a href="#[dd]">&gt;&gt;</a>&nbsp;&nbsp;&nbsp;WriteGpioPin
</UL>
<BR>[Called By]<UL><LI><a href="#[99]">&gt;&gt;</a>&nbsp;&nbsp;&nbsp;WritePe4302
</UL>

<P><STRONG><a name="[99]"></a>WritePe4302</STRONG> (Thumb, 58 bytes, Stack size 0 bytes, dev_att.o(.text))
<BR><BR>[Calls]<UL><LI><a href="#[e0]">&gt;&gt;</a>&nbsp;&nbsp;&nbsp;WriteSpiOneWord
</UL>
<BR>[Called By]<UL><LI><a href="#[4b]">&gt;&gt;</a>&nbsp;&nbsp;&nbsp;JLna2AttAdj
<LI><a href="#[4a]">&gt;&gt;</a>&nbsp;&nbsp;&nbsp;JLna2AttSet
<LI><a href="#[49]">&gt;&gt;</a>&nbsp;&nbsp;&nbsp;JLna1AttAdj
<LI><a href="#[48]">&gt;&gt;</a>&nbsp;&nbsp;&nbsp;JLna1AttSet
</UL>

<P><STRONG><a name="[bb]"></a>WriteE2prom</STRONG> (Thumb, 102 bytes, Stack size 0 bytes, dev_e2prom.o(.text))
<BR><BR>[Calls]<UL><LI><a href="#[e2]">&gt;&gt;</a>&nbsp;&nbsp;&nbsp;I2cWriteDevice
<LI><a href="#[df]">&gt;&gt;</a>&nbsp;&nbsp;&nbsp;usdelay
</UL>
<BR>[Called By]<UL><LI><a href="#[bc]">&gt;&gt;</a>&nbsp;&nbsp;&nbsp;SetDownFlag
<LI><a href="#[b9]">&gt;&gt;</a>&nbsp;&nbsp;&nbsp;CheckDownFlag
<LI><a href="#[a1]">&gt;&gt;</a>&nbsp;&nbsp;&nbsp;SaveParam
<LI><a href="#[91]">&gt;&gt;</a>&nbsp;&nbsp;&nbsp;InitParam
</UL>

<P><STRONG><a name="[ba]"></a>ReadE2prom</STRONG> (Thumb, 32 bytes, Stack size 0 bytes, dev_e2prom.o(.text))
<BR><BR>[Calls]<UL><LI><a href="#[e3]">&gt;&gt;</a>&nbsp;&nbsp;&nbsp;I2cReadDevice
</UL>
<BR>[Called By]<UL><LI><a href="#[bd]">&gt;&gt;</a>&nbsp;&nbsp;&nbsp;FetchParam
<LI><a href="#[b9]">&gt;&gt;</a>&nbsp;&nbsp;&nbsp;CheckDownFlag
<LI><a href="#[91]">&gt;&gt;</a>&nbsp;&nbsp;&nbsp;InitParam
</UL>

<P><STRONG><a name="[e4]"></a>ReadInternalTemperatureSensor</STRONG> (Thumb, 4 bytes, Stack size 0 bytes, dev_temp.o(.text), UNUSED)
<BR><BR>[Calls]<UL><LI><a href="#[e5]">&gt;&gt;</a>&nbsp;&nbsp;&nbsp;ReadAdcTemperature
</UL>

<P><STRONG><a name="[b1]"></a>ReadExternalTemperatureSensor</STRONG> (Thumb, 54 bytes, Stack size 0 bytes, dev_temp.o(.text))
<BR><BR>[Calls]<UL><LI><a href="#[e3]">&gt;&gt;</a>&nbsp;&nbsp;&nbsp;I2cReadDevice
</UL>
<BR>[Called By]<UL><LI><a href="#[9a]">&gt;&gt;</a>&nbsp;&nbsp;&nbsp;ReadTemperature
</UL>

<P><STRONG><a name="[db]"></a>InitTimer</STRONG> (Thumb, 60 bytes, Stack size 0 bytes, user_timer.o(.text))
<BR><BR>[Calls]<UL><LI><a href="#[e6]">&gt;&gt;</a>&nbsp;&nbsp;&nbsp;TIM_TimeBaseInit
<LI><a href="#[e7]">&gt;&gt;</a>&nbsp;&nbsp;&nbsp;TIM_Cmd
</UL>
<BR>[Called By]<UL><LI><a href="#[8d]">&gt;&gt;</a>&nbsp;&nbsp;&nbsp;InitTarget
</UL>

<P><STRONG><a name="[97]"></a>UserTimerReset</STRONG> (Thumb, 12 bytes, Stack size 0 bytes, user_timer.o(.text))
<BR><BR>[Calls]<UL><LI><a href="#[e8]">&gt;&gt;</a>&nbsp;&nbsp;&nbsp;TIM_GetCounter
</UL>
<BR>[Called By]<UL><LI><a href="#[2d]">&gt;&gt;</a>&nbsp;&nbsp;&nbsp;USART1_IRQHandler
<LI><a href="#[96]">&gt;&gt;</a>&nbsp;&nbsp;&nbsp;TaskTimerRoutine
<LI><a href="#[95]">&gt;&gt;</a>&nbsp;&nbsp;&nbsp;InitTaskTimer
<LI><a href="#[94]">&gt;&gt;</a>&nbsp;&nbsp;&nbsp;AddTaskTimer
</UL>

<P><STRONG><a name="[98]"></a>UserTimerOver</STRONG> (Thumb, 94 bytes, Stack size 0 bytes, user_timer.o(.text))
<BR><BR>[Calls]<UL><LI><a href="#[e8]">&gt;&gt;</a>&nbsp;&nbsp;&nbsp;TIM_GetCounter
</UL>
<BR>[Called By]<UL><LI><a href="#[2d]">&gt;&gt;</a>&nbsp;&nbsp;&nbsp;USART1_IRQHandler
<LI><a href="#[96]">&gt;&gt;</a>&nbsp;&nbsp;&nbsp;TaskTimerRoutine
</UL>

<P><STRONG><a name="[d8]"></a>InitAdc</STRONG> (Thumb, 84 bytes, Stack size 0 bytes, user_adc.o(.text))
<BR><BR>[Calls]<UL><LI><a href="#[ed]">&gt;&gt;</a>&nbsp;&nbsp;&nbsp;ADC_StartCalibration
<LI><a href="#[eb]">&gt;&gt;</a>&nbsp;&nbsp;&nbsp;ADC_ResetCalibration
<LI><a href="#[e9]">&gt;&gt;</a>&nbsp;&nbsp;&nbsp;ADC_Init
<LI><a href="#[ec]">&gt;&gt;</a>&nbsp;&nbsp;&nbsp;ADC_GetResetCalibrationStatus
<LI><a href="#[ee]">&gt;&gt;</a>&nbsp;&nbsp;&nbsp;ADC_GetCalibrationStatus
<LI><a href="#[ea]">&gt;&gt;</a>&nbsp;&nbsp;&nbsp;ADC_Cmd
</UL>
<BR>[Called By]<UL><LI><a href="#[8d]">&gt;&gt;</a>&nbsp;&nbsp;&nbsp;InitTarget
</UL>

<P><STRONG><a name="[ac]"></a>ReadAdcValue</STRONG> (Thumb, 96 bytes, Stack size 0 bytes, user_adc.o(.text))
<BR><BR>[Calls]<UL><LI><a href="#[f0]">&gt;&gt;</a>&nbsp;&nbsp;&nbsp;ADC_SoftwareStartConvCmd
<LI><a href="#[ef]">&gt;&gt;</a>&nbsp;&nbsp;&nbsp;ADC_RegularChannelConfig
<LI><a href="#[f1]">&gt;&gt;</a>&nbsp;&nbsp;&nbsp;ADC_GetFlagStatus
<LI><a href="#[f2]">&gt;&gt;</a>&nbsp;&nbsp;&nbsp;ADC_GetConversionValue
</UL>
<BR>[Called By]<UL><LI><a href="#[ab]">&gt;&gt;</a>&nbsp;&nbsp;&nbsp;ReadAdcValueFilter
</UL>

<P><STRONG><a name="[e5]"></a>ReadAdcTemperature</STRONG> (Thumb, 150 bytes, Stack size 0 bytes, user_adc.o(.text), UNUSED)
<BR><BR>[Calls]<UL><LI><a href="#[f6]">&gt;&gt;</a>&nbsp;&nbsp;&nbsp;__ARM_scalbn
<LI><a href="#[a0]">&gt;&gt;</a>&nbsp;&nbsp;&nbsp;__aeabi_f2iz
<LI><a href="#[f5]">&gt;&gt;</a>&nbsp;&nbsp;&nbsp;__aeabi_dmul
<LI><a href="#[f4]">&gt;&gt;</a>&nbsp;&nbsp;&nbsp;__aeabi_ui2d
<LI><a href="#[a8]">&gt;&gt;</a>&nbsp;&nbsp;&nbsp;__aeabi_ddiv
<LI><a href="#[f7]">&gt;&gt;</a>&nbsp;&nbsp;&nbsp;__aeabi_drsub
<LI><a href="#[a9]">&gt;&gt;</a>&nbsp;&nbsp;&nbsp;__aeabi_dadd
<LI><a href="#[aa]">&gt;&gt;</a>&nbsp;&nbsp;&nbsp;__aeabi_d2f
<LI><a href="#[f3]">&gt;&gt;</a>&nbsp;&nbsp;&nbsp;ADC_TempSensorVrefintCmd
<LI><a href="#[f0]">&gt;&gt;</a>&nbsp;&nbsp;&nbsp;ADC_SoftwareStartConvCmd
<LI><a href="#[ef]">&gt;&gt;</a>&nbsp;&nbsp;&nbsp;ADC_RegularChannelConfig
<LI><a href="#[f1]">&gt;&gt;</a>&nbsp;&nbsp;&nbsp;ADC_GetFlagStatus
<LI><a href="#[f2]">&gt;&gt;</a>&nbsp;&nbsp;&nbsp;ADC_GetConversionValue
</UL>
<BR>[Called By]<UL><LI><a href="#[e4]">&gt;&gt;</a>&nbsp;&nbsp;&nbsp;ReadInternalTemperatureSensor
</UL>

<P><STRONG><a name="[27]"></a>I2C1_EV_IRQHandler</STRONG> (Thumb, 244 bytes, Stack size 0 bytes, user_i2c.o(.text))
<BR><BR>[Calls]<UL><LI><a href="#[fd]">&gt;&gt;</a>&nbsp;&nbsp;&nbsp;I2C_SendData
<LI><a href="#[fc]">&gt;&gt;</a>&nbsp;&nbsp;&nbsp;I2C_ReceiveData
<LI><a href="#[f8]">&gt;&gt;</a>&nbsp;&nbsp;&nbsp;I2C_GetLastEvent
<LI><a href="#[f9]">&gt;&gt;</a>&nbsp;&nbsp;&nbsp;I2C_GetITStatus
<LI><a href="#[fa]">&gt;&gt;</a>&nbsp;&nbsp;&nbsp;I2C_GenerateSTOP
<LI><a href="#[fb]">&gt;&gt;</a>&nbsp;&nbsp;&nbsp;I2C_ClearITPendingBit
</UL>
<BR>[Address Reference Count : 1]<UL><LI> startup_stm32f10x_md_vl.o(RESET)
</UL>
<P><STRONG><a name="[29]"></a>I2C2_EV_IRQHandler</STRONG> (Thumb, 2 bytes, Stack size 0 bytes, user_i2c.o(.text))
<BR>[Address Reference Count : 1]<UL><LI> startup_stm32f10x_md_vl.o(RESET)
</UL>
<P><STRONG><a name="[e3]"></a>I2cReadDevice</STRONG> (Thumb, 50 bytes, Stack size 0 bytes, user_i2c.o(.text))
<BR><BR>[Calls]<UL><LI><a href="#[102]">&gt;&gt;</a>&nbsp;&nbsp;&nbsp;I2cMasterRead
<LI><a href="#[fe]">&gt;&gt;</a>&nbsp;&nbsp;&nbsp;I2cMasterWrite
</UL>
<BR>[Called By]<UL><LI><a href="#[ba]">&gt;&gt;</a>&nbsp;&nbsp;&nbsp;ReadE2prom
<LI><a href="#[b1]">&gt;&gt;</a>&nbsp;&nbsp;&nbsp;ReadExternalTemperatureSensor
</UL>

<P><STRONG><a name="[e2]"></a>I2cWriteDevice</STRONG> (Thumb, 16 bytes, Stack size 0 bytes, user_i2c.o(.text))
<BR><BR>[Calls]<UL><LI><a href="#[fe]">&gt;&gt;</a>&nbsp;&nbsp;&nbsp;I2cMasterWrite
</UL>
<BR>[Called By]<UL><LI><a href="#[bb]">&gt;&gt;</a>&nbsp;&nbsp;&nbsp;WriteE2prom
</UL>

<P><STRONG><a name="[da]"></a>InitI2c</STRONG> (Thumb, 128 bytes, Stack size 0 bytes, user_i2c.o(.text))
<BR><BR>[Calls]<UL><LI><a href="#[105]">&gt;&gt;</a>&nbsp;&nbsp;&nbsp;I2C_Init
<LI><a href="#[106]">&gt;&gt;</a>&nbsp;&nbsp;&nbsp;I2C_ITConfig
<LI><a href="#[103]">&gt;&gt;</a>&nbsp;&nbsp;&nbsp;I2C_DeInit
<LI><a href="#[104]">&gt;&gt;</a>&nbsp;&nbsp;&nbsp;I2C_Cmd
</UL>
<BR>[Called By]<UL><LI><a href="#[8d]">&gt;&gt;</a>&nbsp;&nbsp;&nbsp;InitTarget
</UL>

<P><STRONG><a name="[ca]"></a>InitI2cProc</STRONG> (Thumb, 6 bytes, Stack size 0 bytes, user_i2c.o(.text))
<BR><BR>[Called By]<UL><LI><a href="#[93]">&gt;&gt;</a>&nbsp;&nbsp;&nbsp;InitProtocol
</UL>

<P><STRONG><a name="[cb]"></a>InitUartBuf</STRONG> (Thumb, 30 bytes, Stack size 0 bytes, user_uart.o(.text))
<BR><BR>[Called By]<UL><LI><a href="#[93]">&gt;&gt;</a>&nbsp;&nbsp;&nbsp;InitProtocol
</UL>

<P><STRONG><a name="[c7]"></a>ResetUartBuf</STRONG> (Thumb, 20 bytes, Stack size 0 bytes, user_uart.o(.text))
<BR><BR>[Called By]<UL><LI><a href="#[2d]">&gt;&gt;</a>&nbsp;&nbsp;&nbsp;USART1_IRQHandler
<LI><a href="#[cd]">&gt;&gt;</a>&nbsp;&nbsp;&nbsp;UnpackLayer2
<LI><a href="#[3a]">&gt;&gt;</a>&nbsp;&nbsp;&nbsp;ExecAsbParam
</UL>

<P><STRONG><a name="[cf]"></a>GetUartBufInfo</STRONG> (Thumb, 30 bytes, Stack size 0 bytes, user_uart.o(.text))
<BR><BR>[Called By]<UL><LI><a href="#[cc]">&gt;&gt;</a>&nbsp;&nbsp;&nbsp;ReturnUpgradeFlag
<LI><a href="#[cd]">&gt;&gt;</a>&nbsp;&nbsp;&nbsp;UnpackLayer2
</UL>

<P><STRONG><a name="[a4]"></a>SetUartBufInfo</STRONG> (Thumb, 14 bytes, Stack size 0 bytes, user_uart.o(.text))
<BR><BR>[Called By]<UL><LI><a href="#[c4]">&gt;&gt;</a>&nbsp;&nbsp;&nbsp;ExecFctParam
<LI><a href="#[45]">&gt;&gt;</a>&nbsp;&nbsp;&nbsp;AsbSetJointcomWrite
</UL>

<P><STRONG><a name="[d9]"></a>InitUart</STRONG> (Thumb, 96 bytes, Stack size 0 bytes, user_uart.o(.text))
<BR><BR>[Calls]<UL><LI><a href="#[109]">&gt;&gt;</a>&nbsp;&nbsp;&nbsp;USART_Init
<LI><a href="#[10b]">&gt;&gt;</a>&nbsp;&nbsp;&nbsp;USART_ITConfig
<LI><a href="#[10c]">&gt;&gt;</a>&nbsp;&nbsp;&nbsp;USART_Cmd
<LI><a href="#[10a]">&gt;&gt;</a>&nbsp;&nbsp;&nbsp;USART_ClearITPendingBit
</UL>
<BR>[Called By]<UL><LI><a href="#[2d]">&gt;&gt;</a>&nbsp;&nbsp;&nbsp;USART1_IRQHandler
<LI><a href="#[8d]">&gt;&gt;</a>&nbsp;&nbsp;&nbsp;InitTarget
</UL>

<P><STRONG><a name="[2d]"></a>USART1_IRQHandler</STRONG> (Thumb, 160 bytes, Stack size 0 bytes, user_uart.o(.text))
<BR><BR>[Calls]<UL><LI><a href="#[10f]">&gt;&gt;</a>&nbsp;&nbsp;&nbsp;USART_SendData
<LI><a href="#[110]">&gt;&gt;</a>&nbsp;&nbsp;&nbsp;USART_ReceiveData
<LI><a href="#[10d]">&gt;&gt;</a>&nbsp;&nbsp;&nbsp;USART_GetITStatus
<LI><a href="#[10a]">&gt;&gt;</a>&nbsp;&nbsp;&nbsp;USART_ClearITPendingBit
<LI><a href="#[10e]">&gt;&gt;</a>&nbsp;&nbsp;&nbsp;UartBufDataOut
<LI><a href="#[d9]">&gt;&gt;</a>&nbsp;&nbsp;&nbsp;InitUart
<LI><a href="#[c7]">&gt;&gt;</a>&nbsp;&nbsp;&nbsp;ResetUartBuf
<LI><a href="#[97]">&gt;&gt;</a>&nbsp;&nbsp;&nbsp;UserTimerReset
<LI><a href="#[98]">&gt;&gt;</a>&nbsp;&nbsp;&nbsp;UserTimerOver
</UL>
<BR>[Address Reference Count : 1]<UL><LI> startup_stm32f10x_md_vl.o(RESET)
</UL>
<P><STRONG><a name="[d0]"></a>UartTxOpen</STRONG> (Thumb, 40 bytes, Stack size 0 bytes, user_uart.o(.text))
<BR><BR>[Calls]<UL><LI><a href="#[10f]">&gt;&gt;</a>&nbsp;&nbsp;&nbsp;USART_SendData
<LI><a href="#[10e]">&gt;&gt;</a>&nbsp;&nbsp;&nbsp;UartBufDataOut
</UL>
<BR>[Called By]<UL><LI><a href="#[ce]">&gt;&gt;</a>&nbsp;&nbsp;&nbsp;PackLayer1
</UL>

<P><STRONG><a name="[c1]"></a>Code2Flash</STRONG> (Thumb, 400 bytes, Stack size 0 bytes, user_flash.o(.text))
<BR><BR>[Calls]<UL><LI><a href="#[5e]">&gt;&gt;</a>&nbsp;&nbsp;&nbsp;FLASH_Unlock
<LI><a href="#[6a]">&gt;&gt;</a>&nbsp;&nbsp;&nbsp;FLASH_ProgramWord
<LI><a href="#[60]">&gt;&gt;</a>&nbsp;&nbsp;&nbsp;FLASH_Lock
<LI><a href="#[64]">&gt;&gt;</a>&nbsp;&nbsp;&nbsp;FLASH_ErasePage
<LI><a href="#[75]">&gt;&gt;</a>&nbsp;&nbsp;&nbsp;FLASH_ClearFlag
<LI><a href="#[5a]">&gt;&gt;</a>&nbsp;&nbsp;&nbsp;Bootloader
<LI><a href="#[bc]">&gt;&gt;</a>&nbsp;&nbsp;&nbsp;SetDownFlag
</UL>
<BR>[Called By]<UL><LI><a href="#[c0]">&gt;&gt;</a>&nbsp;&nbsp;&nbsp;InitCode2Flash
<LI><a href="#[c2]">&gt;&gt;</a>&nbsp;&nbsp;&nbsp;EndCode2Flash
<LI><a href="#[c4]">&gt;&gt;</a>&nbsp;&nbsp;&nbsp;ExecFctParam
<LI><a href="#[46]">&gt;&gt;</a>&nbsp;&nbsp;&nbsp;I2cUpgradeWrite
</UL>

<P><STRONG><a name="[c2]"></a>EndCode2Flash</STRONG> (Thumb, 8 bytes, Stack size 0 bytes, user_flash.o(.text))
<BR><BR>[Calls]<UL><LI><a href="#[c1]">&gt;&gt;</a>&nbsp;&nbsp;&nbsp;Code2Flash
</UL>
<BR>[Called By]<UL><LI><a href="#[c4]">&gt;&gt;</a>&nbsp;&nbsp;&nbsp;ExecFctParam
<LI><a href="#[46]">&gt;&gt;</a>&nbsp;&nbsp;&nbsp;I2cUpgradeWrite
</UL>

<P><STRONG><a name="[c0]"></a>InitCode2Flash</STRONG> (Thumb, 8 bytes, Stack size 0 bytes, user_flash.o(.text))
<BR><BR>[Calls]<UL><LI><a href="#[c1]">&gt;&gt;</a>&nbsp;&nbsp;&nbsp;Code2Flash
</UL>
<BR>[Called By]<UL><LI><a href="#[c4]">&gt;&gt;</a>&nbsp;&nbsp;&nbsp;ExecFctParam
<LI><a href="#[46]">&gt;&gt;</a>&nbsp;&nbsp;&nbsp;I2cUpgradeWrite
</UL>

<P><STRONG><a name="[d4]"></a>NVIC_PriorityGroupConfig</STRONG> (Thumb, 10 bytes, Stack size 0 bytes, misc.o(.text))
<BR><BR>[Called By]<UL><LI><a href="#[8d]">&gt;&gt;</a>&nbsp;&nbsp;&nbsp;InitTarget
</UL>

<P><STRONG><a name="[d5]"></a>NVIC_Init</STRONG> (Thumb, 90 bytes, Stack size 0 bytes, misc.o(.text))
<BR><BR>[Called By]<UL><LI><a href="#[8d]">&gt;&gt;</a>&nbsp;&nbsp;&nbsp;InitTarget
</UL>

<P><STRONG><a name="[111]"></a>ADC_DeInit</STRONG> (Thumb, 56 bytes, Stack size 0 bytes, stm32f10x_adc.o(.text), UNUSED)
<BR><BR>[Calls]<UL><LI><a href="#[112]">&gt;&gt;</a>&nbsp;&nbsp;&nbsp;RCC_APB2PeriphResetCmd
</UL>

<P><STRONG><a name="[e9]"></a>ADC_Init</STRONG> (Thumb, 62 bytes, Stack size 0 bytes, stm32f10x_adc.o(.text))
<BR><BR>[Called By]<UL><LI><a href="#[d8]">&gt;&gt;</a>&nbsp;&nbsp;&nbsp;InitAdc
</UL>

<P><STRONG><a name="[ea]"></a>ADC_Cmd</STRONG> (Thumb, 20 bytes, Stack size 0 bytes, stm32f10x_adc.o(.text))
<BR><BR>[Called By]<UL><LI><a href="#[d8]">&gt;&gt;</a>&nbsp;&nbsp;&nbsp;InitAdc
</UL>

<P><STRONG><a name="[eb]"></a>ADC_ResetCalibration</STRONG> (Thumb, 10 bytes, Stack size 0 bytes, stm32f10x_adc.o(.text))
<BR><BR>[Called By]<UL><LI><a href="#[d8]">&gt;&gt;</a>&nbsp;&nbsp;&nbsp;InitAdc
</UL>

<P><STRONG><a name="[ec]"></a>ADC_GetResetCalibrationStatus</STRONG> (Thumb, 14 bytes, Stack size 0 bytes, stm32f10x_adc.o(.text))
<BR><BR>[Called By]<UL><LI><a href="#[d8]">&gt;&gt;</a>&nbsp;&nbsp;&nbsp;InitAdc
</UL>

<P><STRONG><a name="[ed]"></a>ADC_StartCalibration</STRONG> (Thumb, 10 bytes, Stack size 0 bytes, stm32f10x_adc.o(.text))
<BR><BR>[Called By]<UL><LI><a href="#[d8]">&gt;&gt;</a>&nbsp;&nbsp;&nbsp;InitAdc
</UL>

<P><STRONG><a name="[ee]"></a>ADC_GetCalibrationStatus</STRONG> (Thumb, 14 bytes, Stack size 0 bytes, stm32f10x_adc.o(.text))
<BR><BR>[Called By]<UL><LI><a href="#[d8]">&gt;&gt;</a>&nbsp;&nbsp;&nbsp;InitAdc
</UL>

<P><STRONG><a name="[f0]"></a>ADC_SoftwareStartConvCmd</STRONG> (Thumb, 20 bytes, Stack size 0 bytes, stm32f10x_adc.o(.text))
<BR><BR>[Called By]<UL><LI><a href="#[e5]">&gt;&gt;</a>&nbsp;&nbsp;&nbsp;ReadAdcTemperature
<LI><a href="#[ac]">&gt;&gt;</a>&nbsp;&nbsp;&nbsp;ReadAdcValue
</UL>

<P><STRONG><a name="[ef]"></a>ADC_RegularChannelConfig</STRONG> (Thumb, 116 bytes, Stack size 0 bytes, stm32f10x_adc.o(.text))
<BR><BR>[Called By]<UL><LI><a href="#[e5]">&gt;&gt;</a>&nbsp;&nbsp;&nbsp;ReadAdcTemperature
<LI><a href="#[ac]">&gt;&gt;</a>&nbsp;&nbsp;&nbsp;ReadAdcValue
</UL>

<P><STRONG><a name="[f2]"></a>ADC_GetConversionValue</STRONG> (Thumb, 6 bytes, Stack size 0 bytes, stm32f10x_adc.o(.text))
<BR><BR>[Called By]<UL><LI><a href="#[e5]">&gt;&gt;</a>&nbsp;&nbsp;&nbsp;ReadAdcTemperature
<LI><a href="#[ac]">&gt;&gt;</a>&nbsp;&nbsp;&nbsp;ReadAdcValue
</UL>

<P><STRONG><a name="[f3]"></a>ADC_TempSensorVrefintCmd</STRONG> (Thumb, 24 bytes, Stack size 0 bytes, stm32f10x_adc.o(.text), UNUSED)
<BR><BR>[Called By]<UL><LI><a href="#[e5]">&gt;&gt;</a>&nbsp;&nbsp;&nbsp;ReadAdcTemperature
</UL>

<P><STRONG><a name="[f1]"></a>ADC_GetFlagStatus</STRONG> (Thumb, 14 bytes, Stack size 0 bytes, stm32f10x_adc.o(.text))
<BR><BR>[Called By]<UL><LI><a href="#[e5]">&gt;&gt;</a>&nbsp;&nbsp;&nbsp;ReadAdcTemperature
<LI><a href="#[ac]">&gt;&gt;</a>&nbsp;&nbsp;&nbsp;ReadAdcValue
</UL>

<P><STRONG><a name="[113]"></a>GPIO_DeInit</STRONG> (Thumb, 152 bytes, Stack size 0 bytes, stm32f10x_gpio.o(.text), UNUSED)
<BR><BR>[Calls]<UL><LI><a href="#[112]">&gt;&gt;</a>&nbsp;&nbsp;&nbsp;RCC_APB2PeriphResetCmd
</UL>

<P><STRONG><a name="[114]"></a>GPIO_AFIODeInit</STRONG> (Thumb, 22 bytes, Stack size 0 bytes, stm32f10x_gpio.o(.text), UNUSED)
<BR><BR>[Calls]<UL><LI><a href="#[112]">&gt;&gt;</a>&nbsp;&nbsp;&nbsp;RCC_APB2PeriphResetCmd
</UL>

<P><STRONG><a name="[d7]"></a>GPIO_Init</STRONG> (Thumb, 156 bytes, Stack size 0 bytes, stm32f10x_gpio.o(.text))
<BR><BR>[Called By]<UL><LI><a href="#[8d]">&gt;&gt;</a>&nbsp;&nbsp;&nbsp;InitTarget
</UL>

<P><STRONG><a name="[ae]"></a>GPIO_ReadInputDataBit</STRONG> (Thumb, 14 bytes, Stack size 0 bytes, stm32f10x_gpio.o(.text))
<BR><BR>[Called By]<UL><LI><a href="#[36]">&gt;&gt;</a>&nbsp;&nbsp;&nbsp;TaskControl
</UL>

<P><STRONG><a name="[a2]"></a>GPIO_WriteBit</STRONG> (Thumb, 10 bytes, Stack size 0 bytes, stm32f10x_gpio.o(.text))
<BR><BR>[Called By]<UL><LI><a href="#[dd]">&gt;&gt;</a>&nbsp;&nbsp;&nbsp;WriteGpioPin
<LI><a href="#[3f]">&gt;&gt;</a>&nbsp;&nbsp;&nbsp;AsbSetLna2
<LI><a href="#[51]">&gt;&gt;</a>&nbsp;&nbsp;&nbsp;JSwitchRx2
<LI><a href="#[50]">&gt;&gt;</a>&nbsp;&nbsp;&nbsp;JSwitch2
<LI><a href="#[4f]">&gt;&gt;</a>&nbsp;&nbsp;&nbsp;JSwitch1
<LI><a href="#[4e]">&gt;&gt;</a>&nbsp;&nbsp;&nbsp;JGC3Set
<LI><a href="#[4d]">&gt;&gt;</a>&nbsp;&nbsp;&nbsp;JGC2Set
<LI><a href="#[4c]">&gt;&gt;</a>&nbsp;&nbsp;&nbsp;JGC1Set
<LI><a href="#[ad]">&gt;&gt;</a>&nbsp;&nbsp;&nbsp;CurrentAlarm
<LI><a href="#[35]">&gt;&gt;</a>&nbsp;&nbsp;&nbsp;TaskSample
<LI><a href="#[92]">&gt;&gt;</a>&nbsp;&nbsp;&nbsp;InitControl
</UL>

<P><STRONG><a name="[d6]"></a>GPIO_PinRemapConfig</STRONG> (Thumb, 82 bytes, Stack size 0 bytes, stm32f10x_gpio.o(.text))
<BR><BR>[Called By]<UL><LI><a href="#[8d]">&gt;&gt;</a>&nbsp;&nbsp;&nbsp;InitTarget
</UL>

<P><STRONG><a name="[103]"></a>I2C_DeInit</STRONG> (Thumb, 38 bytes, Stack size 0 bytes, stm32f10x_i2c.o(.text))
<BR><BR>[Calls]<UL><LI><a href="#[115]">&gt;&gt;</a>&nbsp;&nbsp;&nbsp;RCC_APB1PeriphResetCmd
</UL>
<BR>[Called By]<UL><LI><a href="#[da]">&gt;&gt;</a>&nbsp;&nbsp;&nbsp;InitI2c
</UL>

<P><STRONG><a name="[105]"></a>I2C_Init</STRONG> (Thumb, 176 bytes, Stack size 0 bytes, stm32f10x_i2c.o(.text))
<BR><BR>[Calls]<UL><LI><a href="#[116]">&gt;&gt;</a>&nbsp;&nbsp;&nbsp;RCC_GetClocksFreq
</UL>
<BR>[Called By]<UL><LI><a href="#[da]">&gt;&gt;</a>&nbsp;&nbsp;&nbsp;InitI2c
</UL>

<P><STRONG><a name="[104]"></a>I2C_Cmd</STRONG> (Thumb, 20 bytes, Stack size 0 bytes, stm32f10x_i2c.o(.text))
<BR><BR>[Called By]<UL><LI><a href="#[da]">&gt;&gt;</a>&nbsp;&nbsp;&nbsp;InitI2c
</UL>

<P><STRONG><a name="[ff]"></a>I2C_GenerateSTART</STRONG> (Thumb, 20 bytes, Stack size 0 bytes, stm32f10x_i2c.o(.text))
<BR><BR>[Called By]<UL><LI><a href="#[102]">&gt;&gt;</a>&nbsp;&nbsp;&nbsp;I2cMasterRead
<LI><a href="#[fe]">&gt;&gt;</a>&nbsp;&nbsp;&nbsp;I2cMasterWrite
</UL>

<P><STRONG><a name="[fa]"></a>I2C_GenerateSTOP</STRONG> (Thumb, 20 bytes, Stack size 0 bytes, stm32f10x_i2c.o(.text))
<BR><BR>[Called By]<UL><LI><a href="#[27]">&gt;&gt;</a>&nbsp;&nbsp;&nbsp;I2C1_EV_IRQHandler
<LI><a href="#[102]">&gt;&gt;</a>&nbsp;&nbsp;&nbsp;I2cMasterRead
<LI><a href="#[fe]">&gt;&gt;</a>&nbsp;&nbsp;&nbsp;I2cMasterWrite
</UL>

<P><STRONG><a name="[108]"></a>I2C_AcknowledgeConfig</STRONG> (Thumb, 20 bytes, Stack size 0 bytes, stm32f10x_i2c.o(.text))
<BR><BR>[Called By]<UL><LI><a href="#[102]">&gt;&gt;</a>&nbsp;&nbsp;&nbsp;I2cMasterRead
</UL>

<P><STRONG><a name="[106]"></a>I2C_ITConfig</STRONG> (Thumb, 16 bytes, Stack size 0 bytes, stm32f10x_i2c.o(.text))
<BR><BR>[Called By]<UL><LI><a href="#[da]">&gt;&gt;</a>&nbsp;&nbsp;&nbsp;InitI2c
</UL>

<P><STRONG><a name="[fd]"></a>I2C_SendData</STRONG> (Thumb, 4 bytes, Stack size 0 bytes, stm32f10x_i2c.o(.text))
<BR><BR>[Called By]<UL><LI><a href="#[27]">&gt;&gt;</a>&nbsp;&nbsp;&nbsp;I2C1_EV_IRQHandler
<LI><a href="#[fe]">&gt;&gt;</a>&nbsp;&nbsp;&nbsp;I2cMasterWrite
</UL>

<P><STRONG><a name="[fc]"></a>I2C_ReceiveData</STRONG> (Thumb, 6 bytes, Stack size 0 bytes, stm32f10x_i2c.o(.text))
<BR><BR>[Called By]<UL><LI><a href="#[27]">&gt;&gt;</a>&nbsp;&nbsp;&nbsp;I2C1_EV_IRQHandler
<LI><a href="#[102]">&gt;&gt;</a>&nbsp;&nbsp;&nbsp;I2cMasterRead
</UL>

<P><STRONG><a name="[101]"></a>I2C_Send7bitAddress</STRONG> (Thumb, 16 bytes, Stack size 0 bytes, stm32f10x_i2c.o(.text))
<BR><BR>[Called By]<UL><LI><a href="#[102]">&gt;&gt;</a>&nbsp;&nbsp;&nbsp;I2cMasterRead
<LI><a href="#[fe]">&gt;&gt;</a>&nbsp;&nbsp;&nbsp;I2cMasterWrite
</UL>

<P><STRONG><a name="[107]"></a>I2C_CheckEvent</STRONG> (Thumb, 24 bytes, Stack size 0 bytes, stm32f10x_i2c.o(.text))
<BR><BR>[Called By]<UL><LI><a href="#[100]">&gt;&gt;</a>&nbsp;&nbsp;&nbsp;CheckEventTimeOut
</UL>

<P><STRONG><a name="[f8]"></a>I2C_GetLastEvent</STRONG> (Thumb, 14 bytes, Stack size 0 bytes, stm32f10x_i2c.o(.text))
<BR><BR>[Called By]<UL><LI><a href="#[27]">&gt;&gt;</a>&nbsp;&nbsp;&nbsp;I2C1_EV_IRQHandler
</UL>

<P><STRONG><a name="[f9]"></a>I2C_GetITStatus</STRONG> (Thumb, 34 bytes, Stack size 0 bytes, stm32f10x_i2c.o(.text))
<BR><BR>[Called By]<UL><LI><a href="#[27]">&gt;&gt;</a>&nbsp;&nbsp;&nbsp;I2C1_EV_IRQHandler
</UL>

<P><STRONG><a name="[fb]"></a>I2C_ClearITPendingBit</STRONG> (Thumb, 6 bytes, Stack size 0 bytes, stm32f10x_i2c.o(.text))
<BR><BR>[Called By]<UL><LI><a href="#[27]">&gt;&gt;</a>&nbsp;&nbsp;&nbsp;I2C1_EV_IRQHandler
</UL>

<P><STRONG><a name="[8e]"></a>RCC_GetFlagStatus</STRONG> (Thumb, 42 bytes, Stack size 0 bytes, stm32f10x_rcc.o(.text))
<BR><BR>[Called By]<UL><LI><a href="#[117]">&gt;&gt;</a>&nbsp;&nbsp;&nbsp;RCC_WaitForHSEStartUp
<LI><a href="#[87]">&gt;&gt;</a>&nbsp;&nbsp;&nbsp;main
</UL>

<P><STRONG><a name="[117]"></a>RCC_WaitForHSEStartUp</STRONG> (Thumb, 38 bytes, Stack size 0 bytes, stm32f10x_rcc.o(.text), UNUSED)
<BR><BR>[Calls]<UL><LI><a href="#[8e]">&gt;&gt;</a>&nbsp;&nbsp;&nbsp;RCC_GetFlagStatus
</UL>

<P><STRONG><a name="[d1]"></a>RCC_PCLK1Config</STRONG> (Thumb, 14 bytes, Stack size 0 bytes, stm32f10x_rcc.o(.text))
<BR><BR>[Called By]<UL><LI><a href="#[8d]">&gt;&gt;</a>&nbsp;&nbsp;&nbsp;InitTarget
</UL>

<P><STRONG><a name="[90]"></a>RCC_LSICmd</STRONG> (Thumb, 6 bytes, Stack size 0 bytes, stm32f10x_rcc.o(.text))
<BR><BR>[Called By]<UL><LI><a href="#[87]">&gt;&gt;</a>&nbsp;&nbsp;&nbsp;main
</UL>

<P><STRONG><a name="[116]"></a>RCC_GetClocksFreq</STRONG> (Thumb, 146 bytes, Stack size 0 bytes, stm32f10x_rcc.o(.text))
<BR><BR>[Called By]<UL><LI><a href="#[109]">&gt;&gt;</a>&nbsp;&nbsp;&nbsp;USART_Init
<LI><a href="#[105]">&gt;&gt;</a>&nbsp;&nbsp;&nbsp;I2C_Init
</UL>

<P><STRONG><a name="[d3]"></a>RCC_APB2PeriphClockCmd</STRONG> (Thumb, 18 bytes, Stack size 0 bytes, stm32f10x_rcc.o(.text))
<BR><BR>[Called By]<UL><LI><a href="#[8d]">&gt;&gt;</a>&nbsp;&nbsp;&nbsp;InitTarget
</UL>

<P><STRONG><a name="[d2]"></a>RCC_APB1PeriphClockCmd</STRONG> (Thumb, 18 bytes, Stack size 0 bytes, stm32f10x_rcc.o(.text))
<BR><BR>[Called By]<UL><LI><a href="#[8d]">&gt;&gt;</a>&nbsp;&nbsp;&nbsp;InitTarget
</UL>

<P><STRONG><a name="[112]"></a>RCC_APB2PeriphResetCmd</STRONG> (Thumb, 18 bytes, Stack size 0 bytes, stm32f10x_rcc.o(.text), UNUSED)
<BR><BR>[Called By]<UL><LI><a href="#[127]">&gt;&gt;</a>&nbsp;&nbsp;&nbsp;USART_DeInit
<LI><a href="#[118]">&gt;&gt;</a>&nbsp;&nbsp;&nbsp;TIM_DeInit
<LI><a href="#[114]">&gt;&gt;</a>&nbsp;&nbsp;&nbsp;GPIO_AFIODeInit
<LI><a href="#[113]">&gt;&gt;</a>&nbsp;&nbsp;&nbsp;GPIO_DeInit
<LI><a href="#[111]">&gt;&gt;</a>&nbsp;&nbsp;&nbsp;ADC_DeInit
</UL>

<P><STRONG><a name="[115]"></a>RCC_APB1PeriphResetCmd</STRONG> (Thumb, 18 bytes, Stack size 0 bytes, stm32f10x_rcc.o(.text))
<BR><BR>[Called By]<UL><LI><a href="#[127]">&gt;&gt;</a>&nbsp;&nbsp;&nbsp;USART_DeInit
<LI><a href="#[118]">&gt;&gt;</a>&nbsp;&nbsp;&nbsp;TIM_DeInit
<LI><a href="#[103]">&gt;&gt;</a>&nbsp;&nbsp;&nbsp;I2C_DeInit
</UL>

<P><STRONG><a name="[8f]"></a>RCC_ClearFlag</STRONG> (Thumb, 12 bytes, Stack size 0 bytes, stm32f10x_rcc.o(.text))
<BR><BR>[Called By]<UL><LI><a href="#[87]">&gt;&gt;</a>&nbsp;&nbsp;&nbsp;main
</UL>

<P><STRONG><a name="[118]"></a>TIM_DeInit</STRONG> (Thumb, 304 bytes, Stack size 0 bytes, stm32f10x_tim.o(.text), UNUSED)
<BR><BR>[Calls]<UL><LI><a href="#[115]">&gt;&gt;</a>&nbsp;&nbsp;&nbsp;RCC_APB1PeriphResetCmd
<LI><a href="#[112]">&gt;&gt;</a>&nbsp;&nbsp;&nbsp;RCC_APB2PeriphResetCmd
</UL>

<P><STRONG><a name="[e6]"></a>TIM_TimeBaseInit</STRONG> (Thumb, 114 bytes, Stack size 0 bytes, stm32f10x_tim.o(.text))
<BR><BR>[Called By]<UL><LI><a href="#[db]">&gt;&gt;</a>&nbsp;&nbsp;&nbsp;InitTimer
</UL>

<P><STRONG><a name="[11f]"></a>TIM_SetIC4Prescaler</STRONG> (Thumb, 18 bytes, Stack size 0 bytes, stm32f10x_tim.o(.text), UNUSED)
<BR><BR>[Called By]<UL><LI><a href="#[119]">&gt;&gt;</a>&nbsp;&nbsp;&nbsp;TIM_ICInit
</UL>

<P><STRONG><a name="[11e]"></a>TIM_SetIC3Prescaler</STRONG> (Thumb, 16 bytes, Stack size 0 bytes, stm32f10x_tim.o(.text), UNUSED)
<BR><BR>[Called By]<UL><LI><a href="#[119]">&gt;&gt;</a>&nbsp;&nbsp;&nbsp;TIM_ICInit
</UL>

<P><STRONG><a name="[11d]"></a>TIM_SetIC2Prescaler</STRONG> (Thumb, 18 bytes, Stack size 0 bytes, stm32f10x_tim.o(.text), UNUSED)
<BR><BR>[Called By]<UL><LI><a href="#[120]">&gt;&gt;</a>&nbsp;&nbsp;&nbsp;TIM_PWMIConfig
<LI><a href="#[119]">&gt;&gt;</a>&nbsp;&nbsp;&nbsp;TIM_ICInit
</UL>

<P><STRONG><a name="[11b]"></a>TIM_SetIC1Prescaler</STRONG> (Thumb, 80 bytes, Stack size 0 bytes, stm32f10x_tim.o(.text), UNUSED)
<BR><BR>[Called By]<UL><LI><a href="#[120]">&gt;&gt;</a>&nbsp;&nbsp;&nbsp;TIM_PWMIConfig
<LI><a href="#[119]">&gt;&gt;</a>&nbsp;&nbsp;&nbsp;TIM_ICInit
</UL>

<P><STRONG><a name="[119]"></a>TIM_ICInit</STRONG> (Thumb, 270 bytes, Stack size 0 bytes, stm32f10x_tim.o(.text), UNUSED)
<BR><BR>[Calls]<UL><LI><a href="#[11b]">&gt;&gt;</a>&nbsp;&nbsp;&nbsp;TIM_SetIC1Prescaler
<LI><a href="#[11d]">&gt;&gt;</a>&nbsp;&nbsp;&nbsp;TIM_SetIC2Prescaler
<LI><a href="#[11e]">&gt;&gt;</a>&nbsp;&nbsp;&nbsp;TIM_SetIC3Prescaler
<LI><a href="#[11f]">&gt;&gt;</a>&nbsp;&nbsp;&nbsp;TIM_SetIC4Prescaler
<LI><a href="#[11a]">&gt;&gt;</a>&nbsp;&nbsp;&nbsp;TI1_Config
<LI><a href="#[11c]">&gt;&gt;</a>&nbsp;&nbsp;&nbsp;TI2_Config
</UL>

<P><STRONG><a name="[120]"></a>TIM_PWMIConfig</STRONG> (Thumb, 104 bytes, Stack size 0 bytes, stm32f10x_tim.o(.text), UNUSED)
<BR><BR>[Calls]<UL><LI><a href="#[11b]">&gt;&gt;</a>&nbsp;&nbsp;&nbsp;TIM_SetIC1Prescaler
<LI><a href="#[11d]">&gt;&gt;</a>&nbsp;&nbsp;&nbsp;TIM_SetIC2Prescaler
<LI><a href="#[11a]">&gt;&gt;</a>&nbsp;&nbsp;&nbsp;TI1_Config
<LI><a href="#[11c]">&gt;&gt;</a>&nbsp;&nbsp;&nbsp;TI2_Config
</UL>

<P><STRONG><a name="[e7]"></a>TIM_Cmd</STRONG> (Thumb, 20 bytes, Stack size 0 bytes, stm32f10x_tim.o(.text))
<BR><BR>[Called By]<UL><LI><a href="#[db]">&gt;&gt;</a>&nbsp;&nbsp;&nbsp;InitTimer
</UL>

<P><STRONG><a name="[122]"></a>TIM_SelectInputTrigger</STRONG> (Thumb, 12 bytes, Stack size 0 bytes, stm32f10x_tim.o(.text), UNUSED)
<BR><BR>[Called By]<UL><LI><a href="#[123]">&gt;&gt;</a>&nbsp;&nbsp;&nbsp;TIM_TIxExternalClockConfig
<LI><a href="#[121]">&gt;&gt;</a>&nbsp;&nbsp;&nbsp;TIM_ITRxExternalClockConfig
</UL>

<P><STRONG><a name="[121]"></a>TIM_ITRxExternalClockConfig</STRONG> (Thumb, 18 bytes, Stack size 0 bytes, stm32f10x_tim.o(.text), UNUSED)
<BR><BR>[Calls]<UL><LI><a href="#[122]">&gt;&gt;</a>&nbsp;&nbsp;&nbsp;TIM_SelectInputTrigger
</UL>

<P><STRONG><a name="[123]"></a>TIM_TIxExternalClockConfig</STRONG> (Thumb, 44 bytes, Stack size 0 bytes, stm32f10x_tim.o(.text), UNUSED)
<BR><BR>[Calls]<UL><LI><a href="#[122]">&gt;&gt;</a>&nbsp;&nbsp;&nbsp;TIM_SelectInputTrigger
<LI><a href="#[11a]">&gt;&gt;</a>&nbsp;&nbsp;&nbsp;TI1_Config
<LI><a href="#[11c]">&gt;&gt;</a>&nbsp;&nbsp;&nbsp;TI2_Config
</UL>

<P><STRONG><a name="[125]"></a>TIM_ETRConfig</STRONG> (Thumb, 18 bytes, Stack size 0 bytes, stm32f10x_tim.o(.text), UNUSED)
<BR><BR>[Called By]<UL><LI><a href="#[126]">&gt;&gt;</a>&nbsp;&nbsp;&nbsp;TIM_ETRClockMode2Config
<LI><a href="#[124]">&gt;&gt;</a>&nbsp;&nbsp;&nbsp;TIM_ETRClockMode1Config
</UL>

<P><STRONG><a name="[124]"></a>TIM_ETRClockMode1Config</STRONG> (Thumb, 18 bytes, Stack size 0 bytes, stm32f10x_tim.o(.text), UNUSED)
<BR><BR>[Calls]<UL><LI><a href="#[125]">&gt;&gt;</a>&nbsp;&nbsp;&nbsp;TIM_ETRConfig
</UL>

<P><STRONG><a name="[126]"></a>TIM_ETRClockMode2Config</STRONG> (Thumb, 18 bytes, Stack size 0 bytes, stm32f10x_tim.o(.text), UNUSED)
<BR><BR>[Calls]<UL><LI><a href="#[125]">&gt;&gt;</a>&nbsp;&nbsp;&nbsp;TIM_ETRConfig
</UL>

<P><STRONG><a name="[e8]"></a>TIM_GetCounter</STRONG> (Thumb, 4 bytes, Stack size 0 bytes, stm32f10x_tim.o(.text))
<BR><BR>[Called By]<UL><LI><a href="#[97]">&gt;&gt;</a>&nbsp;&nbsp;&nbsp;UserTimerReset
<LI><a href="#[98]">&gt;&gt;</a>&nbsp;&nbsp;&nbsp;UserTimerOver
</UL>

<P><STRONG><a name="[127]"></a>USART_DeInit</STRONG> (Thumb, 96 bytes, Stack size 0 bytes, stm32f10x_usart.o(.text), UNUSED)
<BR><BR>[Calls]<UL><LI><a href="#[115]">&gt;&gt;</a>&nbsp;&nbsp;&nbsp;RCC_APB1PeriphResetCmd
<LI><a href="#[112]">&gt;&gt;</a>&nbsp;&nbsp;&nbsp;RCC_APB2PeriphResetCmd
</UL>

<P><STRONG><a name="[109]"></a>USART_Init</STRONG> (Thumb, 176 bytes, Stack size 0 bytes, stm32f10x_usart.o(.text))
<BR><BR>[Calls]<UL><LI><a href="#[116]">&gt;&gt;</a>&nbsp;&nbsp;&nbsp;RCC_GetClocksFreq
</UL>
<BR>[Called By]<UL><LI><a href="#[d9]">&gt;&gt;</a>&nbsp;&nbsp;&nbsp;InitUart
</UL>

<P><STRONG><a name="[10c]"></a>USART_Cmd</STRONG> (Thumb, 20 bytes, Stack size 0 bytes, stm32f10x_usart.o(.text))
<BR><BR>[Called By]<UL><LI><a href="#[d9]">&gt;&gt;</a>&nbsp;&nbsp;&nbsp;InitUart
</UL>

<P><STRONG><a name="[10b]"></a>USART_ITConfig</STRONG> (Thumb, 48 bytes, Stack size 0 bytes, stm32f10x_usart.o(.text))
<BR><BR>[Called By]<UL><LI><a href="#[d9]">&gt;&gt;</a>&nbsp;&nbsp;&nbsp;InitUart
</UL>

<P><STRONG><a name="[10f]"></a>USART_SendData</STRONG> (Thumb, 8 bytes, Stack size 0 bytes, stm32f10x_usart.o(.text))
<BR><BR>[Called By]<UL><LI><a href="#[2d]">&gt;&gt;</a>&nbsp;&nbsp;&nbsp;USART1_IRQHandler
<LI><a href="#[d0]">&gt;&gt;</a>&nbsp;&nbsp;&nbsp;UartTxOpen
</UL>

<P><STRONG><a name="[110]"></a>USART_ReceiveData</STRONG> (Thumb, 8 bytes, Stack size 0 bytes, stm32f10x_usart.o(.text))
<BR><BR>[Called By]<UL><LI><a href="#[2d]">&gt;&gt;</a>&nbsp;&nbsp;&nbsp;USART1_IRQHandler
</UL>

<P><STRONG><a name="[10d]"></a>USART_GetITStatus</STRONG> (Thumb, 62 bytes, Stack size 0 bytes, stm32f10x_usart.o(.text))
<BR><BR>[Called By]<UL><LI><a href="#[2d]">&gt;&gt;</a>&nbsp;&nbsp;&nbsp;USART1_IRQHandler
</UL>

<P><STRONG><a name="[10a]"></a>USART_ClearITPendingBit</STRONG> (Thumb, 12 bytes, Stack size 0 bytes, stm32f10x_usart.o(.text))
<BR><BR>[Called By]<UL><LI><a href="#[2d]">&gt;&gt;</a>&nbsp;&nbsp;&nbsp;USART1_IRQHandler
<LI><a href="#[d9]">&gt;&gt;</a>&nbsp;&nbsp;&nbsp;InitUart
</UL>

<P><STRONG><a name="[2]"></a>Reset_Handler</STRONG> (Thumb, 8 bytes, Stack size 0 bytes, startup_stm32f10x_md_vl.o(.text))
<BR>[Address Reference Count : 1]<UL><LI> startup_stm32f10x_md_vl.o(RESET)
</UL>
<P><STRONG><a name="[1e]"></a>ADC1_IRQHandler</STRONG> (Thumb, 0 bytes, Stack size 0 bytes, startup_stm32f10x_md_vl.o(.text))
<BR><BR>[Calls]<UL><LI><a href="#[1e]">&gt;&gt;</a>&nbsp;&nbsp;&nbsp;ADC1_IRQHandler
</UL>
<BR>[Called By]<UL><LI><a href="#[1e]">&gt;&gt;</a>&nbsp;&nbsp;&nbsp;ADC1_IRQHandler
</UL>
<BR>[Address Reference Count : 1]<UL><LI> startup_stm32f10x_md_vl.o(RESET)
</UL>
<P><STRONG><a name="[32]"></a>CEC_IRQHandler</STRONG> (Thumb, 0 bytes, Stack size 0 bytes, startup_stm32f10x_md_vl.o(.text))
<BR>[Address Reference Count : 1]<UL><LI> startup_stm32f10x_md_vl.o(RESET)
</UL>
<P><STRONG><a name="[17]"></a>DMA1_Channel1_IRQHandler</STRONG> (Thumb, 0 bytes, Stack size 0 bytes, startup_stm32f10x_md_vl.o(.text))
<BR>[Address Reference Count : 1]<UL><LI> startup_stm32f10x_md_vl.o(RESET)
</UL>
<P><STRONG><a name="[18]"></a>DMA1_Channel2_IRQHandler</STRONG> (Thumb, 0 bytes, Stack size 0 bytes, startup_stm32f10x_md_vl.o(.text))
<BR>[Address Reference Count : 1]<UL><LI> startup_stm32f10x_md_vl.o(RESET)
</UL>
<P><STRONG><a name="[19]"></a>DMA1_Channel3_IRQHandler</STRONG> (Thumb, 0 bytes, Stack size 0 bytes, startup_stm32f10x_md_vl.o(.text))
<BR>[Address Reference Count : 1]<UL><LI> startup_stm32f10x_md_vl.o(RESET)
</UL>
<P><STRONG><a name="[1a]"></a>DMA1_Channel4_IRQHandler</STRONG> (Thumb, 0 bytes, Stack size 0 bytes, startup_stm32f10x_md_vl.o(.text))
<BR>[Address Reference Count : 1]<UL><LI> startup_stm32f10x_md_vl.o(RESET)
</UL>
<P><STRONG><a name="[1b]"></a>DMA1_Channel5_IRQHandler</STRONG> (Thumb, 0 bytes, Stack size 0 bytes, startup_stm32f10x_md_vl.o(.text))
<BR>[Address Reference Count : 1]<UL><LI> startup_stm32f10x_md_vl.o(RESET)
</UL>
<P><STRONG><a name="[1c]"></a>DMA1_Channel6_IRQHandler</STRONG> (Thumb, 0 bytes, Stack size 0 bytes, startup_stm32f10x_md_vl.o(.text))
<BR>[Address Reference Count : 1]<UL><LI> startup_stm32f10x_md_vl.o(RESET)
</UL>
<P><STRONG><a name="[1d]"></a>DMA1_Channel7_IRQHandler</STRONG> (Thumb, 0 bytes, Stack size 0 bytes, startup_stm32f10x_md_vl.o(.text))
<BR>[Address Reference Count : 1]<UL><LI> startup_stm32f10x_md_vl.o(RESET)
</UL>
<P><STRONG><a name="[12]"></a>EXTI0_IRQHandler</STRONG> (Thumb, 0 bytes, Stack size 0 bytes, startup_stm32f10x_md_vl.o(.text))
<BR>[Address Reference Count : 1]<UL><LI> startup_stm32f10x_md_vl.o(RESET)
</UL>
<P><STRONG><a name="[30]"></a>EXTI15_10_IRQHandler</STRONG> (Thumb, 0 bytes, Stack size 0 bytes, startup_stm32f10x_md_vl.o(.text))
<BR>[Address Reference Count : 1]<UL><LI> startup_stm32f10x_md_vl.o(RESET)
</UL>
<P><STRONG><a name="[13]"></a>EXTI1_IRQHandler</STRONG> (Thumb, 0 bytes, Stack size 0 bytes, startup_stm32f10x_md_vl.o(.text))
<BR>[Address Reference Count : 1]<UL><LI> startup_stm32f10x_md_vl.o(RESET)
</UL>
<P><STRONG><a name="[14]"></a>EXTI2_IRQHandler</STRONG> (Thumb, 0 bytes, Stack size 0 bytes, startup_stm32f10x_md_vl.o(.text))
<BR>[Address Reference Count : 1]<UL><LI> startup_stm32f10x_md_vl.o(RESET)
</UL>
<P><STRONG><a name="[15]"></a>EXTI3_IRQHandler</STRONG> (Thumb, 0 bytes, Stack size 0 bytes, startup_stm32f10x_md_vl.o(.text))
<BR>[Address Reference Count : 1]<UL><LI> startup_stm32f10x_md_vl.o(RESET)
</UL>
<P><STRONG><a name="[16]"></a>EXTI4_IRQHandler</STRONG> (Thumb, 0 bytes, Stack size 0 bytes, startup_stm32f10x_md_vl.o(.text))
<BR>[Address Reference Count : 1]<UL><LI> startup_stm32f10x_md_vl.o(RESET)
</UL>
<P><STRONG><a name="[1f]"></a>EXTI9_5_IRQHandler</STRONG> (Thumb, 0 bytes, Stack size 0 bytes, startup_stm32f10x_md_vl.o(.text))
<BR>[Address Reference Count : 1]<UL><LI> startup_stm32f10x_md_vl.o(RESET)
</UL>
<P><STRONG><a name="[10]"></a>FLASH_IRQHandler</STRONG> (Thumb, 0 bytes, Stack size 0 bytes, startup_stm32f10x_md_vl.o(.text))
<BR>[Address Reference Count : 1]<UL><LI> startup_stm32f10x_md_vl.o(RESET)
</UL>
<P><STRONG><a name="[28]"></a>I2C1_ER_IRQHandler</STRONG> (Thumb, 0 bytes, Stack size 0 bytes, startup_stm32f10x_md_vl.o(.text))
<BR>[Address Reference Count : 1]<UL><LI> startup_stm32f10x_md_vl.o(RESET)
</UL>
<P><STRONG><a name="[2a]"></a>I2C2_ER_IRQHandler</STRONG> (Thumb, 0 bytes, Stack size 0 bytes, startup_stm32f10x_md_vl.o(.text))
<BR>[Address Reference Count : 1]<UL><LI> startup_stm32f10x_md_vl.o(RESET)
</UL>
<P><STRONG><a name="[d]"></a>PVD_IRQHandler</STRONG> (Thumb, 0 bytes, Stack size 0 bytes, startup_stm32f10x_md_vl.o(.text))
<BR>[Address Reference Count : 1]<UL><LI> startup_stm32f10x_md_vl.o(RESET)
</UL>
<P><STRONG><a name="[11]"></a>RCC_IRQHandler</STRONG> (Thumb, 0 bytes, Stack size 0 bytes, startup_stm32f10x_md_vl.o(.text))
<BR>[Address Reference Count : 1]<UL><LI> startup_stm32f10x_md_vl.o(RESET)
</UL>
<P><STRONG><a name="[31]"></a>RTCAlarm_IRQHandler</STRONG> (Thumb, 0 bytes, Stack size 0 bytes, startup_stm32f10x_md_vl.o(.text))
<BR>[Address Reference Count : 1]<UL><LI> startup_stm32f10x_md_vl.o(RESET)
</UL>
<P><STRONG><a name="[f]"></a>RTC_IRQHandler</STRONG> (Thumb, 0 bytes, Stack size 0 bytes, startup_stm32f10x_md_vl.o(.text))
<BR>[Address Reference Count : 1]<UL><LI> startup_stm32f10x_md_vl.o(RESET)
</UL>
<P><STRONG><a name="[2b]"></a>SPI1_IRQHandler</STRONG> (Thumb, 0 bytes, Stack size 0 bytes, startup_stm32f10x_md_vl.o(.text))
<BR>[Address Reference Count : 1]<UL><LI> startup_stm32f10x_md_vl.o(RESET)
</UL>
<P><STRONG><a name="[2c]"></a>SPI2_IRQHandler</STRONG> (Thumb, 0 bytes, Stack size 0 bytes, startup_stm32f10x_md_vl.o(.text))
<BR>[Address Reference Count : 1]<UL><LI> startup_stm32f10x_md_vl.o(RESET)
</UL>
<P><STRONG><a name="[e]"></a>TAMPER_IRQHandler</STRONG> (Thumb, 0 bytes, Stack size 0 bytes, startup_stm32f10x_md_vl.o(.text))
<BR>[Address Reference Count : 1]<UL><LI> startup_stm32f10x_md_vl.o(RESET)
</UL>
<P><STRONG><a name="[20]"></a>TIM1_BRK_TIM15_IRQHandler</STRONG> (Thumb, 0 bytes, Stack size 0 bytes, startup_stm32f10x_md_vl.o(.text))
<BR>[Address Reference Count : 1]<UL><LI> startup_stm32f10x_md_vl.o(RESET)
</UL>
<P><STRONG><a name="[23]"></a>TIM1_CC_IRQHandler</STRONG> (Thumb, 0 bytes, Stack size 0 bytes, startup_stm32f10x_md_vl.o(.text))
<BR>[Address Reference Count : 1]<UL><LI> startup_stm32f10x_md_vl.o(RESET)
</UL>
<P><STRONG><a name="[22]"></a>TIM1_TRG_COM_TIM17_IRQHandler</STRONG> (Thumb, 0 bytes, Stack size 0 bytes, startup_stm32f10x_md_vl.o(.text))
<BR>[Address Reference Count : 1]<UL><LI> startup_stm32f10x_md_vl.o(RESET)
</UL>
<P><STRONG><a name="[21]"></a>TIM1_UP_TIM16_IRQHandler</STRONG> (Thumb, 0 bytes, Stack size 0 bytes, startup_stm32f10x_md_vl.o(.text))
<BR>[Address Reference Count : 1]<UL><LI> startup_stm32f10x_md_vl.o(RESET)
</UL>
<P><STRONG><a name="[24]"></a>TIM2_IRQHandler</STRONG> (Thumb, 0 bytes, Stack size 0 bytes, startup_stm32f10x_md_vl.o(.text))
<BR>[Address Reference Count : 1]<UL><LI> startup_stm32f10x_md_vl.o(RESET)
</UL>
<P><STRONG><a name="[25]"></a>TIM3_IRQHandler</STRONG> (Thumb, 0 bytes, Stack size 0 bytes, startup_stm32f10x_md_vl.o(.text))
<BR>[Address Reference Count : 1]<UL><LI> startup_stm32f10x_md_vl.o(RESET)
</UL>
<P><STRONG><a name="[26]"></a>TIM4_IRQHandler</STRONG> (Thumb, 0 bytes, Stack size 0 bytes, startup_stm32f10x_md_vl.o(.text))
<BR>[Address Reference Count : 1]<UL><LI> startup_stm32f10x_md_vl.o(RESET)
</UL>
<P><STRONG><a name="[33]"></a>TIM6_DAC_IRQHandler</STRONG> (Thumb, 0 bytes, Stack size 0 bytes, startup_stm32f10x_md_vl.o(.text))
<BR>[Address Reference Count : 1]<UL><LI> startup_stm32f10x_md_vl.o(RESET)
</UL>
<P><STRONG><a name="[34]"></a>TIM7_IRQHandler</STRONG> (Thumb, 0 bytes, Stack size 0 bytes, startup_stm32f10x_md_vl.o(.text))
<BR>[Address Reference Count : 1]<UL><LI> startup_stm32f10x_md_vl.o(RESET)
</UL>
<P><STRONG><a name="[2e]"></a>USART2_IRQHandler</STRONG> (Thumb, 0 bytes, Stack size 0 bytes, startup_stm32f10x_md_vl.o(.text))
<BR>[Address Reference Count : 1]<UL><LI> startup_stm32f10x_md_vl.o(RESET)
</UL>
<P><STRONG><a name="[2f]"></a>USART3_IRQHandler</STRONG> (Thumb, 0 bytes, Stack size 0 bytes, startup_stm32f10x_md_vl.o(.text))
<BR>[Address Reference Count : 1]<UL><LI> startup_stm32f10x_md_vl.o(RESET)
</UL>
<P><STRONG><a name="[c]"></a>WWDG_IRQHandler</STRONG> (Thumb, 0 bytes, Stack size 0 bytes, startup_stm32f10x_md_vl.o(.text))
<BR>[Address Reference Count : 1]<UL><LI> startup_stm32f10x_md_vl.o(RESET)
</UL>
<P><STRONG><a name="[131]"></a>__user_initial_stackheap</STRONG> (Thumb, 0 bytes, Stack size 0 bytes, startup_stm32f10x_md_vl.o(.text))
<BR><BR>[Called By]<UL><LI><a href="#[84]">&gt;&gt;</a>&nbsp;&nbsp;&nbsp;__user_setup_stackheap
</UL>

<P><STRONG><a name="[c5]"></a>__aeabi_memcpy</STRONG> (Thumb, 0 bytes, Stack size 0 bytes, rt_memcpy_v6.o(.text))
<BR><BR>[Called By]<UL><LI><a href="#[3a]">&gt;&gt;</a>&nbsp;&nbsp;&nbsp;ExecAsbParam
<LI><a href="#[c4]">&gt;&gt;</a>&nbsp;&nbsp;&nbsp;ExecFctParam
</UL>

<P><STRONG><a name="[128]"></a>__rt_memcpy</STRONG> (Thumb, 138 bytes, Stack size 0 bytes, rt_memcpy_v6.o(.text), UNUSED)
<BR><BR>[Calls]<UL><LI><a href="#[129]">&gt;&gt;</a>&nbsp;&nbsp;&nbsp;__aeabi_memcpy4
</UL>

<P><STRONG><a name="[c6]"></a>__aeabi_memset</STRONG> (Thumb, 16 bytes, Stack size 0 bytes, aeabi_memset.o(.text))
<BR><BR>[Calls]<UL><LI><a href="#[12a]">&gt;&gt;</a>&nbsp;&nbsp;&nbsp;_memset
</UL>
<BR>[Called By]<UL><LI><a href="#[c4]">&gt;&gt;</a>&nbsp;&nbsp;&nbsp;ExecFctParam
</UL>

<P><STRONG><a name="[be]"></a>__aeabi_memclr</STRONG> (Thumb, 0 bytes, Stack size 0 bytes, rt_memclr.o(.text))
<BR><BR>[Called By]<UL><LI><a href="#[91]">&gt;&gt;</a>&nbsp;&nbsp;&nbsp;InitParam
</UL>

<P><STRONG><a name="[12b]"></a>__rt_memclr</STRONG> (Thumb, 68 bytes, Stack size 0 bytes, rt_memclr.o(.text), UNUSED)
<BR><BR>[Calls]<UL><LI><a href="#[12c]">&gt;&gt;</a>&nbsp;&nbsp;&nbsp;_memset_w
</UL>

<P><STRONG><a name="[12a]"></a>_memset</STRONG> (Thumb, 0 bytes, Stack size 0 bytes, rt_memclr.o(.text))
<BR><BR>[Called By]<UL><LI><a href="#[c6]">&gt;&gt;</a>&nbsp;&nbsp;&nbsp;__aeabi_memset
</UL>

<P><STRONG><a name="[12d]"></a>__read_errno</STRONG> (Thumb, 10 bytes, Stack size 0 bytes, _rserrno.o(.text), UNUSED)
<BR><BR>[Calls]<UL><LI><a href="#[12e]">&gt;&gt;</a>&nbsp;&nbsp;&nbsp;__aeabi_errno_addr
</UL>

<P><STRONG><a name="[12f]"></a>__set_errno</STRONG> (Thumb, 12 bytes, Stack size 0 bytes, _rserrno.o(.text))
<BR><BR>[Calls]<UL><LI><a href="#[12e]">&gt;&gt;</a>&nbsp;&nbsp;&nbsp;__aeabi_errno_addr
</UL>
<BR>[Called By]<UL><LI><a href="#[b6]">&gt;&gt;</a>&nbsp;&nbsp;&nbsp;sqrt
<LI><a href="#[b5]">&gt;&gt;</a>&nbsp;&nbsp;&nbsp;pow
</UL>

<P><STRONG><a name="[129]"></a>__aeabi_memcpy4</STRONG> (Thumb, 0 bytes, Stack size 0 bytes, rt_memcpy_w.o(.text), UNUSED)
<BR><BR>[Called By]<UL><LI><a href="#[128]">&gt;&gt;</a>&nbsp;&nbsp;&nbsp;__rt_memcpy
</UL>

<P><STRONG><a name="[12c]"></a>_memset_w</STRONG> (Thumb, 0 bytes, Stack size 0 bytes, rt_memclr_w.o(.text), UNUSED)
<BR><BR>[Called By]<UL><LI><a href="#[12b]">&gt;&gt;</a>&nbsp;&nbsp;&nbsp;__rt_memclr
</UL>

<P><STRONG><a name="[12e]"></a>__aeabi_errno_addr</STRONG> (Thumb, 8 bytes, Stack size 0 bytes, rt_errno_addr_intlibspace.o(.text))
<BR><BR>[Called By]<UL><LI><a href="#[12f]">&gt;&gt;</a>&nbsp;&nbsp;&nbsp;__set_errno
<LI><a href="#[12d]">&gt;&gt;</a>&nbsp;&nbsp;&nbsp;__read_errno
</UL>

<P><STRONG><a name="[130]"></a>__user_perproc_libspace</STRONG> (Thumb, 0 bytes, Stack size 0 bytes, libspace.o(.text))
<BR><BR>[Called By]<UL><LI><a href="#[84]">&gt;&gt;</a>&nbsp;&nbsp;&nbsp;__user_setup_stackheap
</UL>

<P><STRONG><a name="[84]"></a>__user_setup_stackheap</STRONG> (Thumb, 74 bytes, Stack size 0 bytes, sys_stackheap_outer.o(.text))
<BR><BR>[Calls]<UL><LI><a href="#[130]">&gt;&gt;</a>&nbsp;&nbsp;&nbsp;__user_perproc_libspace
<LI><a href="#[131]">&gt;&gt;</a>&nbsp;&nbsp;&nbsp;__user_initial_stackheap
</UL>
<BR>[Called By]<UL><LI><a href="#[83]">&gt;&gt;</a>&nbsp;&nbsp;&nbsp;__rt_entry_sh
</UL>

<P><STRONG><a name="[88]"></a>exit</STRONG> (Thumb, 12 bytes, Stack size 0 bytes, exit.o(.text))
<BR><BR>[Calls]<UL><LI><a href="#[132]">&gt;&gt;</a>&nbsp;&nbsp;&nbsp;__rt_exit
</UL>
<BR>[Called By]<UL><LI><a href="#[86]">&gt;&gt;</a>&nbsp;&nbsp;&nbsp;__rt_entry_main
</UL>

<P><STRONG><a name="[152]"></a>__rt_fp_status_addr</STRONG> (Thumb, 8 bytes, Stack size 0 bytes, rt_fp_status_addr_intlibspace.o(.text))
<BR><BR>[Called By]<UL><LI><a href="#[82]">&gt;&gt;</a>&nbsp;&nbsp;&nbsp;_fp_init
</UL>

<P><STRONG><a name="[8c]"></a>_sys_exit</STRONG> (Thumb, 8 bytes, Stack size 0 bytes, sys_exit.o(.text))
<BR><BR>[Called By]<UL><LI><a href="#[8b]">&gt;&gt;</a>&nbsp;&nbsp;&nbsp;__rt_exit_exit
</UL>

<P><STRONG><a name="[137]"></a>__ARM_fpclassify</STRONG> (Thumb, 40 bytes, Stack size 0 bytes, fpclassify.o(i.__ARM_fpclassify))
<BR><BR>[Called By]<UL><LI><a href="#[b5]">&gt;&gt;</a>&nbsp;&nbsp;&nbsp;pow
</UL>

[...]
<BR><BR>[Called By]<UL><LI><a href="#[5a]">&gt;&gt;</a>&nbsp;&nbsp;&nbsp;Bootloader
<LI><a href="#[c1]">&gt;&gt;</a>&nbsp;&nbsp;&nbsp;Code2Flash
</UL>

<P><STRONG><a name="[5f]"></a>FLASH_UnlockBank1</STRONG> (Thumb, 12 bytes, Stack size 0 bytes, stm32f10x_flash.o(.text), UNUSED, KEPT)

<P><STRONG><a name="[60]"></a>FLASH_Lock</STRONG> (Thumb, 12 bytes, Stack size 0 bytes, stm32f10x_flash.o(.text))
<BR><BR>[Called By]<UL><LI><a href="#[5a]">&gt;&gt;</a>&nbsp;&nbsp;&nbsp;Bootloader
<LI><a href="#[c1]">&gt;&gt;</a>&nbsp;&nbsp;&nbsp;Code2Flash
</UL>

<P><STRONG><a name="[61]"></a>FLASH_LockBank1</STRONG> (Thumb, 12 bytes, Stack size 0 bytes, stm32f10x_flash.o(.text), UNUSED, KEPT)

<P><STRONG><a name="[62]"></a>FLASH_GetBank1Status</STRONG> (Thumb, 34 bytes, Stack size 0 bytes, stm32f10x_flash.o(.text))
<BR><BR>[Called By]<UL><LI><a href="#[66]">&gt;&gt;</a>&nbsp;&nbsp;&nbsp;FLASH_WaitForLastBank1Operation
<LI><a href="#[63]">&gt;&gt;</a>&nbsp;&nbsp;&nbsp;FLASH_WaitForLastOperation
</UL>

<P><STRONG><a name="[63]"></a>FLASH_WaitForLastOperation</STRONG> (Thumb, 34 bytes, Stack size 0 bytes, stm32f10x_flash.o(.text))
<BR><BR>[Calls]<UL><LI><a href="#[62]">&gt;&gt;</a>&nbsp;&nbsp;&nbsp;FLASH_GetBank1Status
</UL>
<BR>[Called By]<UL><LI><a href="#[6f]">&gt;&gt;</a>&nbsp;&nbsp;&nbsp;FLASH_UserOptionByteConfig
<LI><a href="#[6e]">&gt;&gt;</a>&nbsp;&nbsp;&nbsp;FLASH_ReadOutProtection
<LI><a href="#[6d]">&gt;&gt;</a>&nbsp;&nbsp;&nbsp;FLASH_EnableWriteProtection
<LI><a href="#[6c]">&gt;&gt;</a>&nbsp;&nbsp;&nbsp;FLASH_ProgramOptionByteData
<LI><a href="#[6b]">&gt;&gt;</a>&nbsp;&nbsp;&nbsp;FLASH_ProgramHalfWord
<LI><a href="#[69]">&gt;&gt;</a>&nbsp;&nbsp;&nbsp;FLASH_EraseOptionBytes
<LI><a href="#[65]">&gt;&gt;</a>&nbsp;&nbsp;&nbsp;FLASH_EraseAllPages
<LI><a href="#[6a]">&gt;&gt;</a>&nbsp;&nbsp;&nbsp;FLASH_ProgramWord
<LI><a href="#[64]">&gt;&gt;</a>&nbsp;&nbsp;&nbsp;FLASH_ErasePage
</UL>

<P><STRONG><a name="[64]"></a>FLASH_ErasePage</STRONG> (Thumb, 56 bytes, Stack size 0 bytes, stm32f10x_flash.o(.text))
<BR><BR>[Calls]<UL><LI><a href="#[63]">&gt;&gt;</a>&nbsp;&nbsp;&nbsp;FLASH_WaitForLastOperation
</UL>
<BR>[Called By]<UL><LI><a href="#[5a]">&gt;&gt;</a>&nbsp;&nbsp;&nbsp;Bootloader
<LI><a href="#[c1]">&gt;&gt;</a>&nbsp;&nbsp;&nbsp;Code2Flash
</UL>

<P><STRONG><a name="[65]"></a>FLASH_EraseAllPages</STRONG> (Thumb, 52 bytes, Stack size 0 bytes, stm32f10x_flash.o(.text), UNUSED, KEPT)
<BR><BR>[Calls]<UL><LI><a href="#[63]">&gt;&gt;</a>&nbsp;&nbsp;&nbsp;FLASH_WaitForLastOperation
</UL>

<P><STRONG><a name="[66]"></a>FLASH_WaitForLastBank1Operation</STRONG> (Thumb, 34 bytes, Stack size 0 bytes, stm32f10x_flash.o(.text), UNUSED, KEPT)
<BR><BR>[Calls]<UL><LI><a href="#[62]">&gt;&gt;</a>&nbsp;&nbsp;&nbsp;FLASH_GetBank1Status
</UL>
<BR>[Called By]<UL><LI><a href="#[67]">&gt;&gt;</a>&nbsp;&nbsp;&nbsp;FLASH_EraseAllBank1Pages
</UL>

<P><STRONG><a name="[67]"></a>FLASH_EraseAllBank1Pages</STRONG> (Thumb, 52 bytes, Stack size 0 bytes, stm32f10x_flash.o(.text), UNUSED, KEPT)
<BR><BR>[Calls]<UL><LI><a href="#[66]">&gt;&gt;</a>&nbsp;&nbsp;&nbsp;FLASH_WaitForLastBank1Operation
</UL>

<P><STRONG><a name="[68]"></a>FLASH_GetReadOutProtectionStatus</STRONG> (Thumb, 14 bytes, Stack size 0 bytes, stm32f10x_flash.o(.text), UNUSED, KEPT)
<BR><BR>[Called By]<UL><LI><a href="#[69]">&gt;&gt;</a>&nbsp;&nbsp;&nbsp;FLASH_EraseOptionBytes
</UL>

<P><STRONG><a name="[69]"></a>FLASH_EraseOptionBytes</STRONG> (Thumb, 108 bytes, Stack size 0 bytes, stm32f10x_flash.o(.text), UNUSED, KEPT)
<BR><BR>[Calls]<UL><LI><a href="#[68]">&gt;&gt;</a>&nbsp;&nbsp;&nbsp;FLASH_GetReadOutProtectionStatus
<LI><a href="#[63]">&gt;&gt;</a>&nbsp;&nbsp;&nbsp;FLASH_WaitForLastOperation
</UL>

<P><STRONG><a name="[6a]"></a>FLASH_ProgramWord</STRONG> (Thumb, 64 bytes, Stack size 0 bytes, stm32f10x_flash.o(.text))
<BR><BR>[Calls]<UL><LI><a href="#[63]">&gt;&gt;</a>&nbsp;&nbsp;&nbsp;FLASH_WaitForLastOperation
</UL>
<BR>[Called By]<UL><LI><a href="#[5a]">&gt;&gt;</a>&nbsp;&nbsp;&nbsp;Bootloader
<LI><a href="#[c1]">&gt;&gt;</a>&nbsp;&nbsp;&nbsp;Code2Flash
</UL>

<P><STRONG><a name="[6b]"></a>FLASH_ProgramHalfWord</STRONG> (Thumb, 48 bytes, Stack size 0 bytes, stm32f10x_flash.o(.text), UNUSED, KEPT)
<BR><BR>[Calls]<UL><LI><a href="#[63]">&gt;&gt;</a>&nbsp;&nbsp;&nbsp;FLASH_WaitForLastOperation
</UL>

<P><STRONG><a name="[6c]"></a>FLASH_ProgramOptionByteData</STRONG> (Thumb, 62 bytes, Stack size 0 bytes, stm32f10x_flash.o(.text), UNUSED, KEPT)
<BR><BR>[Calls]<UL><LI><a href="#[63]">&gt;&gt;</a>&nbsp;&nbsp;&nbsp;FLASH_WaitForLastOperation
</UL>

<P><STRONG><a name="[6d]"></a>FLASH_EnableWriteProtection</STRONG> (Thumb, 158 bytes, Stack size 0 bytes, stm32f10x_flash.o(.text), UNUSED, KEPT)
<BR><BR>[Calls]<UL><LI><a href="#[63]">&gt;&gt;</a>&nbsp;&nbsp;&nbsp;FLASH_WaitForLastOperation
</UL>

<P><STRONG><a name="[6e]"></a>FLASH_ReadOutProtection</STRONG> (Thumb, 118 bytes, Stack size 0 bytes, stm32f10x_flash.o(.text), UNUSED, KEPT)
<BR><BR>[Calls]<UL><LI><a href="#[63]">&gt;&gt;</a>&nbsp;&nbsp;&nbsp;FLASH_WaitForLastOperation
</UL>

<P><STRONG><a name="[6f]"></a>FLASH_UserOptionByteConfig</STRONG> (Thumb, 92 bytes, Stack size 0 bytes, stm32f10x_flash.o(.text), UNUSED, KEPT)
<BR><BR>[Calls]<UL><LI><a href="#[63]">&gt;&gt;</a>&nbsp;&nbsp;&nbsp;FLASH_WaitForLastOperation
</UL>

<P><STRONG><a name="[70]"></a>FLASH_GetUserOptionByte</STRONG> (Thumb, 8 bytes, Stack size 0 bytes, stm32f10x_flash.o(.text), UNUSED, KEPT)

<P><STRONG><a name="[71]"></a>FLASH_GetWriteProtectionOptionByte</STRONG> (Thumb, 6 bytes, Stack size 0 bytes, stm32f10x_flash.o(.text), UNUSED, KEPT)

<P><STRONG><a name="[72]"></a>FLASH_GetPrefetchBufferStatus</STRONG> (Thumb, 14 bytes, Stack size 0 bytes, stm32f10x_flash.o(.text), UNUSED, KEPT)

<P><STRONG><a name="[73]"></a>FLASH_ITConfig</STRONG> (Thumb, 18 bytes, Stack size 0 bytes, stm32f10x_flash.o(.text), UNUSED, KEPT)

<P><STRONG><a name="[74]"></a>FLASH_GetFlagStatus</STRONG> (Thumb, 28 bytes, Stack size 0 bytes, stm32f10x_flash.o(.text), UNUSED, KEPT)

<P><STRONG><a name="[75]"></a>FLASH_ClearFlag</STRONG> (Thumb, 6 bytes, Stack size 0 bytes, stm32f10x_flash.o(.text))
<BR><BR>[Called By]<UL><LI><a href="#[5a]">&gt;&gt;</a>&nbsp;&nbsp;&nbsp;Bootloader
<LI><a href="#[c1]">&gt;&gt;</a>&nbsp;&nbsp;&nbsp;Code2Flash
</UL>

<P><STRONG><a name="[76]"></a>FLASH_GetStatus</STRONG> (Thumb, 34 bytes, Stack size 0 bytes, stm32f10x_flash.o(.text), UNUSED, KEPT)

<P><STRONG><a name="[77]"></a>IWDG_WriteAccessCmd</STRONG> (Thumb, 6 bytes, Stack size 0 bytes, stm32f10x_iwdg.o(.text))
<BR><BR>[Called By]<UL><LI><a href="#[87]">&gt;&gt;</a>&nbsp;&nbsp;&nbsp;main
</UL>

<P><STRONG><a name="[78]"></a>IWDG_SetPrescaler</STRONG> (Thumb, 6 bytes, Stack size 0 bytes, stm32f10x_iwdg.o(.text))
<BR><BR>[Called By]<UL><LI><a href="#[87]">&gt;&gt;</a>&nbsp;&nbsp;&nbsp;main
</UL>

<P><STRONG><a name="[79]"></a>IWDG_SetReload</STRONG> (Thumb, 6 bytes, Stack size 0 bytes, stm32f10x_iwdg.o(.text))
<BR><BR>[Called By]<UL><LI><a href="#[87]">&gt;&gt;</a>&nbsp;&nbsp;&nbsp;main
</UL>

<P><STRONG><a name="[7a]"></a>IWDG_ReloadCounter</STRONG> (Thumb, 10 bytes, Stack size 0 bytes, stm32f10x_iwdg.o(.text))
<BR><BR>[Called By]<UL><LI><a href="#[5a]">&gt;&gt;</a>&nbsp;&nbsp;&nbsp;Bootloader
<LI><a href="#[87]">&gt;&gt;</a>&nbsp;&nbsp;&nbsp;main
<LI><a href="#[39]">&gt;&gt;</a>&nbsp;&nbsp;&nbsp;TaskWatchdog
</UL>

<P><STRONG><a name="[7b]"></a>IWDG_Enable</STRONG> (Thumb, 10 bytes, Stack size 0 bytes, stm32f10x_iwdg.o(.text))
<BR><BR>[Called By]<UL><LI><a href="#[87]">&gt;&gt;</a>&nbsp;&nbsp;&nbsp;main
</UL>

<P><STRONG><a name="[7c]"></a>IWDG_GetFlagStatus</STRONG> (Thumb, 16 bytes, Stack size 0 bytes, stm32f10x_iwdg.o(.text), UNUSED, KEPT)

<P><STRONG><a name="[5a]"></a>Bootloader</STRONG> (Thumb, 104 bytes, Stack size 0 bytes, user_flash.o(BOOTLOADER))
<BR><BR>[Calls]<UL><LI><a href="#[5e]">&gt;&gt;</a>&nbsp;&nbsp;&nbsp;FLASH_Unlock
<LI><a href="#[6a]">&gt;&gt;</a>&nbsp;&nbsp;&nbsp;FLASH_ProgramWord
<LI><a href="#[60]">&gt;&gt;</a>&nbsp;&nbsp;&nbsp;FLASH_Lock
<LI><a href="#[64]">&gt;&gt;</a>&nbsp;&nbsp;&nbsp;FLASH_ErasePage
<LI><a href="#[75]">&gt;&gt;</a>&nbsp;&nbsp;&nbsp;FLASH_ClearFlag
<LI><a href="#[7a]">&gt;&gt;</a>&nbsp;&nbsp;&nbsp;IWDG_ReloadCounter
</UL>
<BR>[Called By]<UL><LI><a href="#[c1]">&gt;&gt;</a>&nbsp;&nbsp;&nbsp;Code2Flash
</UL>
<P>
<H3>
Local Symbols
</H3>
<P><STRONG><a name="[39]"></a>TaskWatchdog</STRONG> (Thumb, 4 bytes, Stack size 0 bytes, main.o(.text))
<BR><BR>[Calls]<UL><LI><a href="#[7a]">&gt;&gt;</a>&nbsp;&nbsp;&nbsp;IWDG_ReloadCounter
</UL>
<BR>[Address Reference Count : 1]<UL><LI> main.o(.text)
</UL>
<P><STRONG><a name="[9b]"></a>calRefPwr</STRONG> (Thumb, 178 bytes, Stack size 0 bytes, rf_control.o(.text))
<BR><BR>[Calls]<UL><LI><a href="#[9e]">&gt;&gt;</a>&nbsp;&nbsp;&nbsp;__aeabi_fmul
<LI><a href="#[9c]">&gt;&gt;</a>&nbsp;&nbsp;&nbsp;__aeabi_i2f
<LI><a href="#[a0]">&gt;&gt;</a>&nbsp;&nbsp;&nbsp;__aeabi_f2iz
<LI><a href="#[9d]">&gt;&gt;</a>&nbsp;&nbsp;&nbsp;__aeabi_fdiv
<LI><a href="#[9f]">&gt;&gt;</a>&nbsp;&nbsp;&nbsp;__aeabi_fadd
</UL>
<BR>[Called By]<UL><LI><a href="#[b0]">&gt;&gt;</a>&nbsp;&nbsp;&nbsp;calVswr
</UL>

<P><STRONG><a name="[a5]"></a>calOutPwr</STRONG> (Thumb, 178 bytes, Stack size 0 bytes, rf_control.o(.text))
<BR><BR>[Calls]<UL><LI><a href="#[9e]">&gt;&gt;</a>&nbsp;&nbsp;&nbsp;__aeabi_fmul
<LI><a href="#[9c]">&gt;&gt;</a>&nbsp;&nbsp;&nbsp;__aeabi_i2f
<LI><a href="#[a0]">&gt;&gt;</a>&nbsp;&nbsp;&nbsp;__aeabi_f2iz
<LI><a href="#[9d]">&gt;&gt;</a>&nbsp;&nbsp;&nbsp;__aeabi_fdiv
<LI><a href="#[9f]">&gt;&gt;</a>&nbsp;&nbsp;&nbsp;__aeabi_fadd
</UL>
<BR>[Called By]<UL><LI><a href="#[b0]">&gt;&gt;</a>&nbsp;&nbsp;&nbsp;calVswr
</UL>

<P><STRONG><a name="[af]"></a>orderStr</STRONG> (Thumb, 78 bytes, Stack size 0 bytes, rf_control.o(.text))
<BR><BR>[Called By]<UL><LI><a href="#[35]">&gt;&gt;</a>&nbsp;&nbsp;&nbsp;TaskSample
</UL>

<P><STRONG><a name="[ab]"></a>ReadAdcValueFilter</STRONG> (Thumb, 50 bytes, Stack size 0 bytes, rf_control.o(.text))
<BR><BR>[Calls]<UL><LI><a href="#[ac]">&gt;&gt;</a>&nbsp;&nbsp;&nbsp;ReadAdcValue
</UL>
<BR>[Called By]<UL><LI><a href="#[35]">&gt;&gt;</a>&nbsp;&nbsp;&nbsp;TaskSample
</UL>

<P><STRONG><a name="[ad]"></a>CurrentAlarm</STRONG> (Thumb, 160 bytes, Stack size 0 bytes, rf_control.o(.text))
<BR><BR>[Calls]<UL><LI><a href="#[a2]">&gt;&gt;</a>&nbsp;&nbsp;&nbsp;GPIO_WriteBit
</UL>
<BR>[Called By]<UL><LI><a href="#[36]">&gt;&gt;</a>&nbsp;&nbsp;&nbsp;TaskControl
</UL>

<P><STRONG><a name="[9a]"></a>ReadTemperature</STRONG> (Thumb, 38 bytes, Stack size 0 bytes, rf_control.o(.text))
<BR><BR>[Calls]<UL><LI><a href="#[b1]">&gt;&gt;</a>&nbsp;&nbsp;&nbsp;ReadExternalTemperatureSensor
</UL>
<BR>[Called By]<UL><LI><a href="#[52]">&gt;&gt;</a>&nbsp;&nbsp;&nbsp;TempCompensate
</UL>

<P><STRONG><a name="[b0]"></a>calVswr</STRONG> (Thumb, 80 bytes, Stack size 0 bytes, rf_control.o(.text))
<BR><BR>[Calls]<UL><LI><a href="#[b3]">&gt;&gt;</a>&nbsp;&nbsp;&nbsp;convertType
<LI><a href="#[b2]">&gt;&gt;</a>&nbsp;&nbsp;&nbsp;getVswrValue
<LI><a href="#[a5]">&gt;&gt;</a>&nbsp;&nbsp;&nbsp;calOutPwr
<LI><a href="#[9b]">&gt;&gt;</a>&nbsp;&nbsp;&nbsp;calRefPwr
</UL>
<BR>[Called By]<UL><LI><a href="#[35]">&gt;&gt;</a>&nbsp;&nbsp;&nbsp;TaskSample
</UL>

<P><STRONG><a name="[b2]"></a>getVswrValue</STRONG> (Thumb, 128 bytes, Stack size 0 bytes, rf_control.o(.text))
<BR><BR>[Calls]<UL><LI><a href="#[b6]">&gt;&gt;</a>&nbsp;&nbsp;&nbsp;sqrt
<LI><a href="#[b5]">&gt;&gt;</a>&nbsp;&nbsp;&nbsp;pow
<LI><a href="#[9e]">&gt;&gt;</a>&nbsp;&nbsp;&nbsp;__aeabi_fmul
<LI><a href="#[9c]">&gt;&gt;</a>&nbsp;&nbsp;&nbsp;__aeabi_i2f
<LI><a href="#[b8]">&gt;&gt;</a>&nbsp;&nbsp;&nbsp;__aeabi_f2uiz
<LI><a href="#[9d]">&gt;&gt;</a>&nbsp;&nbsp;&nbsp;__aeabi_fdiv
<LI><a href="#[b7]">&gt;&gt;</a>&nbsp;&nbsp;&nbsp;__aeabi_fsub
<LI><a href="#[9f]">&gt;&gt;</a>&nbsp;&nbsp;&nbsp;__aeabi_fadd
<LI><a href="#[b4]">&gt;&gt;</a>&nbsp;&nbsp;&nbsp;__aeabi_f2d
<LI><a href="#[aa]">&gt;&gt;</a>&nbsp;&nbsp;&nbsp;__aeabi_d2f
</UL>
<BR>[Called By]<UL><LI><a href="#[b0]">&gt;&gt;</a>&nbsp;&nbsp;&nbsp;calVswr
</UL>

<P><STRONG><a name="[b3]"></a>convertType</STRONG> (Thumb, 36 bytes, Stack size 0 bytes, rf_control.o(.text))
<BR><BR>[Called By]<UL><LI><a href="#[b0]">&gt;&gt;</a>&nbsp;&nbsp;&nbsp;calVswr
</UL>

<P><STRONG><a name="[c4]"></a>ExecFctParam</STRONG> (Thumb, 376 bytes, Stack size 0 bytes, rf_protocol.o(.text))
<BR><BR>[Calls]<UL><LI><a href="#[c6]">&gt;&gt;</a>&nbsp;&nbsp;&nbsp;__aeabi_memset
<LI><a href="#[c5]">&gt;&gt;</a>&nbsp;&nbsp;&nbsp;__aeabi_memcpy
<LI><a href="#[c0]">&gt;&gt;</a>&nbsp;&nbsp;&nbsp;InitCode2Flash
<LI><a href="#[c2]">&gt;&gt;</a>&nbsp;&nbsp;&nbsp;EndCode2Flash
<LI><a href="#[c1]">&gt;&gt;</a>&nbsp;&nbsp;&nbsp;Code2Flash
<LI><a href="#[a4]">&gt;&gt;</a>&nbsp;&nbsp;&nbsp;SetUartBufInfo
<LI><a href="#[a1]">&gt;&gt;</a>&nbsp;&nbsp;&nbsp;SaveParam
<LI><a href="#[bf]">&gt;&gt;</a>&nbsp;&nbsp;&nbsp;JointExeTabSize
</UL>
<BR>[Called By]<UL><LI><a href="#[38]">&gt;&gt;</a>&nbsp;&nbsp;&nbsp;TaskProtocol
</UL>

<P><STRONG><a name="[c8]"></a>PackLayer2</STRONG> (Thumb, 58 bytes, Stack size 0 bytes, rf_protocol.o(.text))
<BR><BR>[Called By]<UL><LI><a href="#[cc]">&gt;&gt;</a>&nbsp;&nbsp;&nbsp;ReturnUpgradeFlag
<LI><a href="#[3a]">&gt;&gt;</a>&nbsp;&nbsp;&nbsp;ExecAsbParam
<LI><a href="#[38]">&gt;&gt;</a>&nbsp;&nbsp;&nbsp;TaskProtocol
</UL>

<P><STRONG><a name="[3a]"></a>ExecAsbParam</STRONG> (Thumb, 212 bytes, Stack size 0 bytes, rf_protocol.o(.text))
<BR><BR>[Calls]<UL><LI><a href="#[c5]">&gt;&gt;</a>&nbsp;&nbsp;&nbsp;__aeabi_memcpy
<LI><a href="#[c7]">&gt;&gt;</a>&nbsp;&nbsp;&nbsp;ResetUartBuf
<LI><a href="#[c8]">&gt;&gt;</a>&nbsp;&nbsp;&nbsp;PackLayer2
<LI><a href="#[c9]">&gt;&gt;</a>&nbsp;&nbsp;&nbsp;AsbExeTabSize
</UL>
<BR>[Address Reference Count : 1]<UL><LI> rf_protocol.o(.text)
</UL>
<P><STRONG><a name="[cd]"></a>UnpackLayer2</STRONG> (Thumb, 178 bytes, Stack size 0 bytes, rf_protocol.o(.text))
<BR><BR>[Calls]<UL><LI><a href="#[c7]">&gt;&gt;</a>&nbsp;&nbsp;&nbsp;ResetUartBuf
<LI><a href="#[cf]">&gt;&gt;</a>&nbsp;&nbsp;&nbsp;GetUartBufInfo
</UL>
<BR>[Called By]<UL><LI><a href="#[38]">&gt;&gt;</a>&nbsp;&nbsp;&nbsp;TaskProtocol
</UL>

<P><STRONG><a name="[ce]"></a>PackLayer1</STRONG> (Thumb, 4 bytes, Stack size 0 bytes, rf_protocol.o(.text))
<BR><BR>[Calls]<UL><LI><a href="#[d0]">&gt;&gt;</a>&nbsp;&nbsp;&nbsp;UartTxOpen
</UL>
<BR>[Called By]<UL><LI><a href="#[cc]">&gt;&gt;</a>&nbsp;&nbsp;&nbsp;ReturnUpgradeFlag
<LI><a href="#[38]">&gt;&gt;</a>&nbsp;&nbsp;&nbsp;TaskProtocol
</UL>

<P><STRONG><a name="[cc]"></a>ReturnUpgradeFlag</STRONG> (Thumb, 78 bytes, Stack size 0 bytes, rf_protocol.o(.text))
<BR><BR>[Calls]<UL><LI><a href="#[cf]">&gt;&gt;</a>&nbsp;&nbsp;&nbsp;GetUartBufInfo
<LI><a href="#[c3]">&gt;&gt;</a>&nbsp;&nbsp;&nbsp;I2cUpgradeReply
<LI><a href="#[ce]">&gt;&gt;</a>&nbsp;&nbsp;&nbsp;PackLayer1
<LI><a href="#[c8]">&gt;&gt;</a>&nbsp;&nbsp;&nbsp;PackLayer2
<LI><a href="#[b9]">&gt;&gt;</a>&nbsp;&nbsp;&nbsp;CheckDownFlag
</UL>
<BR>[Called By]<UL><LI><a href="#[93]">&gt;&gt;</a>&nbsp;&nbsp;&nbsp;InitProtocol
</UL>

<P><STRONG><a name="[dc]"></a>SetSysClockToCustom</STRONG> (Thumb, 108 bytes, Stack size 0 bytes, system_stm32f10x.o(.text))
<BR><BR>[Called By]<UL><LI><a href="#[3b]">&gt;&gt;</a>&nbsp;&nbsp;&nbsp;SystemInit
</UL>

<P><STRONG><a name="[dd]"></a>WriteGpioPin</STRONG> (Thumb, 40 bytes, Stack size 0 bytes, dev_spi.o(.text))
<BR><BR>[Calls]<UL><LI><a href="#[a2]">&gt;&gt;</a>&nbsp;&nbsp;&nbsp;GPIO_WriteBit
</UL>
<BR>[Called By]<UL><LI><a href="#[e0]">&gt;&gt;</a>&nbsp;&nbsp;&nbsp;WriteSpiOneWord
<LI><a href="#[e1]">&gt;&gt;</a>&nbsp;&nbsp;&nbsp;EndSpiBus
<LI><a href="#[de]">&gt;&gt;</a>&nbsp;&nbsp;&nbsp;StartSpiBus
</UL>

<P><STRONG><a name="[de]"></a>StartSpiBus</STRONG> (Thumb, 100 bytes, Stack size 0 bytes, dev_spi.o(.text))
<BR><BR>[Calls]<UL><LI><a href="#[df]">&gt;&gt;</a>&nbsp;&nbsp;&nbsp;usdelay
<LI><a href="#[dd]">&gt;&gt;</a>&nbsp;&nbsp;&nbsp;WriteGpioPin
</UL>
<BR>[Called By]<UL><LI><a href="#[e0]">&gt;&gt;</a>&nbsp;&nbsp;&nbsp;WriteSpiOneWord
</UL>

<P><STRONG><a name="[e1]"></a>EndSpiBus</STRONG> (Thumb, 76 bytes, Stack size 0 bytes, dev_spi.o(.text))
<BR><BR>[Calls]<UL><LI><a href="#[df]">&gt;&gt;</a>&nbsp;&nbsp;&nbsp;usdelay
<LI><a href="#[dd]">&gt;&gt;</a>&nbsp;&nbsp;&nbsp;WriteGpioPin
</UL>
<BR>[Called By]<UL><LI><a href="#[e0]">&gt;&gt;</a>&nbsp;&nbsp;&nbsp;WriteSpiOneWord
</UL>

<P><STRONG><a name="[fe]"></a>I2cMasterWrite</STRONG> (Thumb, 178 bytes, Stack size 0 bytes, user_i2c.o(.text))
<BR><BR>[Calls]<UL><LI><a href="#[fd]">&gt;&gt;</a>&nbsp;&nbsp;&nbsp;I2C_SendData
<LI><a href="#[101]">&gt;&gt;</a>&nbsp;&nbsp;&nbsp;I2C_Send7bitAddress
<LI><a href="#[fa]">&gt;&gt;</a>&nbsp;&nbsp;&nbsp;I2C_GenerateSTOP
<LI><a href="#[ff]">&gt;&gt;</a>&nbsp;&nbsp;&nbsp;I2C_GenerateSTART
<LI><a href="#[100]">&gt;&gt;</a>&nbsp;&nbsp;&nbsp;CheckEventTimeOut
</UL>
<BR>[Called By]<UL><LI><a href="#[e2]">&gt;&gt;</a>&nbsp;&nbsp;&nbsp;I2cWriteDevice
<LI><a href="#[e3]">&gt;&gt;</a>&nbsp;&nbsp;&nbsp;I2cReadDevice
</UL>

<P><STRONG><a name="[100]"></a>CheckEventTimeOut</STRONG> (Thumb, 48 bytes, Stack size 0 bytes, user_i2c.o(.text))
<BR><BR>[Calls]<UL><LI><a href="#[107]">&gt;&gt;</a>&nbsp;&nbsp;&nbsp;I2C_CheckEvent
</UL>
<BR>[Called By]<UL><LI><a href="#[102]">&gt;&gt;</a>&nbsp;&nbsp;&nbsp;I2cMasterRead
<LI><a href="#[fe]">&gt;&gt;</a>&nbsp;&nbsp;&nbsp;I2cMasterWrite
</UL>

<P><STRONG><a name="[102]"></a>I2cMasterRead</STRONG> (Thumb, 156 bytes, Stack size 0 bytes, user_i2c.o(.text))
<BR><BR>[Calls]<UL><LI><a href="#[101]">&gt;&gt;</a>&nbsp;&nbsp;&nbsp;I2C_Send7bitAddress
<LI><a href="#[fc]">&gt;&gt;</a>&nbsp;&nbsp;&nbsp;I2C_ReceiveData
<LI><a href="#[fa]">&gt;&gt;</a>&nbsp;&nbsp;&nbsp;I2C_GenerateSTOP
<LI><a href="#[ff]">&gt;&gt;</a>&nbsp;&nbsp;&nbsp;I2C_GenerateSTART
<LI><a href="#[108]">&gt;&gt;</a>&nbsp;&nbsp;&nbsp;I2C_AcknowledgeConfig
<LI><a href="#[100]">&gt;&gt;</a>&nbsp;&nbsp;&nbsp;CheckEventTimeOut
</UL>
<BR>[Called By]<UL><LI><a href="#[e3]">&gt;&gt;</a>&nbsp;&nbsp;&nbsp;I2cReadDevice
</UL>

<P><STRONG><a name="[10e]"></a>UartBufDataOut</STRONG> (Thumb, 44 bytes, Stack size 0 bytes, user_uart.o(.text))
<BR><BR>[Called By]<UL><LI><a href="#[2d]">&gt;&gt;</a>&nbsp;&nbsp;&nbsp;USART1_IRQHandler
<LI><a href="#[d0]">&gt;&gt;</a>&nbsp;&nbsp;&nbsp;UartTxOpen
</UL>

<P><STRONG><a name="[11c]"></a>TI2_Config</STRONG> (Thumb, 98 bytes, Stack size 0 bytes, stm32f10x_tim.o(.text), UNUSED)
<BR><BR>[Called By]<UL><LI><a href="#[123]">&gt;&gt;</a>&nbsp;&nbsp;&nbsp;TIM_TIxExternalClockConfig
<LI><a href="#[120]">&gt;&gt;</a>&nbsp;&nbsp;&nbsp;TIM_PWMIConfig
<LI><a href="#[119]">&gt;&gt;</a>&nbsp;&nbsp;&nbsp;TIM_ICInit
</UL>

<P><STRONG><a name="[11a]"></a>TI1_Config</STRONG> (Thumb, 84 bytes, Stack size 0 bytes, stm32f10x_tim.o(.text), UNUSED)
<BR><BR>[Called By]<UL><LI><a href="#[123]">&gt;&gt;</a>&nbsp;&nbsp;&nbsp;TIM_TIxExternalClockConfig
<LI><a href="#[120]">&gt;&gt;</a>&nbsp;&nbsp;&nbsp;TIM_PWMIConfig
<LI><a href="#[119]">&gt;&gt;</a>&nbsp;&nbsp;&nbsp;TIM_ICInit
</UL>

<P><STRONG><a name="[148]"></a>_dadd1</STRONG> (Thumb, 0 bytes, Stack size 0 bytes, daddsub_clz.o(x$fpl$dadd), UNUSED)
<BR><BR>[Called By]<UL><LI><a href="#[149]">&gt;&gt;</a>&nbsp;&nbsp;&nbsp;_dsub
<LI><a href="#[147]">&gt;&gt;</a>&nbsp;&nbsp;&nbsp;_drsb
</UL>

<P><STRONG><a name="[13d]"></a>_dsub1</STRONG> (Thumb, 0 bytes, Stack size 0 bytes, daddsub_clz.o(x$fpl$dsub), UNUSED)
<BR><BR>[Called By]<UL><LI><a href="#[147]">&gt;&gt;</a>&nbsp;&nbsp;&nbsp;_drsb
<LI><a href="#[13c]">&gt;&gt;</a>&nbsp;&nbsp;&nbsp;_dadd
</UL>

<P><STRONG><a name="[154]"></a>_fadd1</STRONG> (Thumb, 0 bytes, Stack size 0 bytes, faddsub_clz.o(x$fpl$fadd), UNUSED)
<BR><BR>[Called By]<UL><LI><a href="#[153]">&gt;&gt;</a>&nbsp;&nbsp;&nbsp;_fsub
</UL>

<P><STRONG><a name="[14d]"></a>_fsub1</STRONG> (Thumb, 0 bytes, Stack size 0 bytes, faddsub_clz.o(x$fpl$fsub), UNUSED)
<BR><BR>[Called By]<UL><LI><a href="#[14c]">&gt;&gt;</a>&nbsp;&nbsp;&nbsp;_fadd
</UL>
<P>
<H3>
Undefined Global Symbols
</H3><HR></body></html>
