ARM Linker, 4.1 [Build 713] [Standard]

==============================================================================

Section Cross References

    main.o(.text) refers to target.o(.text) for InitTarget
    main.o(.text) refers to rf_parameter.o(.text) for InitParam
    main.o(.text) refers to task.o(.text) for AddTaskTimer
    main.o(.text) refers to rf_protocol.o(.text) for InitProtocol
    rf_control.o(.text) refers to stm32f10x_gpio.o(.text) for GPIO_WriteBit
    rf_control.o(.text) refers to user_adc.o(.text) for ReadAdcValue
    rf_control.o(.text) refers to dev_att.o(.text) for WritePe4302
    rf_control.o(.text) refers to rf_parameter.o(.text) for RebootFlagSet
    rf_control.o(.text) refers to rt_memcpy_v6.o(.text) for __aeabi_memcpy
    rf_control.o(.text) refers to rt_memclr.o(.text) for __aeabi_memclr
    rf_control.o(.text) refers to dev_e2prom.o(.text) for ReadE2prom
    rf_control.o(.text) refers to rf_control.o(.bss) for .bss
    rf_control.o(.text) refers to target.o(.constdata) for attBus
    rf_control.o(.text) refers to rf_control.o(.constdata) for .constdata
    rf_control.o(.text) refers to rf_parameter.o(.data) for modelAddr
    rf_control.o(.text) refers to rf_parameter.o(.data) for modelFwCrc
    rf_control.o(.text) refers to dev_temp.o(.text) for ReadExternalTemperatureSensor
    rf_control.o(POINTER) refers to rf_control.o(.text) for InitControl
    rf_control.o(.constdata) refers to rf_control.o(.bss) for mallocFct
    rf_control.o(.constdata) refers to rf_control.o(.text) for ProcSetMode
    rf_protocol.o(.text) refers to rt_memcpy_w.o(.text) for __aeabi_memcpy4
    rf_protocol.o(.text) refers to user_uart.o(.text) for GetUartBufInfo
    rf_protocol.o(.text) refers to user_flash.o(.text) for InitCode2Flash
    rf_protocol.o(.text) refers to rf_parameter.o(.text) for CalcFirmwareBufCRC16
    rf_protocol.o(.text) refers to user_timer.o(.text) for UserTimerReset
    rf_protocol.o(.text) refers to rf_protocol.o(.constdata) for .constdata
    rf_protocol.o(.text) refers to rf_parameter.o(.data) for modelAddr
    rf_protocol.o(.text) refers to rf_parameter.o(.data) for modelFwCrc
    rf_protocol.o(.text) refers to rf_protocol.o(.data) for .data
    rf_protocol.o(.text) refers to rf_control.o(.ARM.__AT_0x08005FF8) for HardwareV
    rf_protocol.o(.text) refers to rf_control.o(.ARM.__AT_0x08005FF4) for SoftwareV
    rf_parameter.o(.text) refers to user_flash.o(.text) for Section2Bak
    rf_parameter.o(.text) refers to rf_protocol.o(.text) for CalcCRC16Value
    rf_parameter.o(.text) refers to dev_e2prom.o(.text) for WriteE2prom
    rf_parameter.o(.text) refers to rf_parameter.o(.data) for .data
    task.o(.text) refers to user_timer.o(.text) for UserTimerReset
    task.o(.text) refers to task.o(.data) for .data
    task.o(.text) refers to task.o(.bss) for .bss
    target.o(.text) refers to stm32f10x_rcc.o(.text) for RCC_PCLK1Config
    target.o(.text) refers to misc.o(.text) for NVIC_PriorityGroupConfig
    target.o(.text) refers to stm32f10x_gpio.o(.text) for GPIO_PinRemapConfig
    target.o(.text) refers to user_adc.o(.text) for InitAdc
    target.o(.text) refers to user_uart.o(.text) for InitUart
    target.o(.text) refers to user_i2c.o(.text) for InitI2c
    target.o(.text) refers to user_timer.o(.text) for InitTimer
    target.o(.text) refers to target.o(.constdata) for .constdata
    system_stm32f10x.o(.text) refers to system_stm32f10x.o(.data) for .data
    dev_spi.o(.text) refers to stm32f10x_gpio.o(.text) for GPIO_WriteBit
    dev_spi.o(.text) refers to dev_spi.o(i.usdelay) for usdelay
    dev_att.o(.text) refers to dev_spi.o(.text) for WriteSpiOneWord
    dev_att.o(.text) refers to target.o(.constdata) for attBus
    dev_e2prom.o(.text) refers to user_i2c.o(.text) for I2cWriteDevice
    dev_e2prom.o(.text) refers to dev_spi.o(i.usdelay) for usdelay
    dev_temp.o(.text) refers to user_adc.o(.text) for ReadAdcTemperature
    dev_temp.o(.text) refers to user_i2c.o(.text) for I2cReadDevice
    user_timer.o(.text) refers to stm32f10x_tim.o(.text) for TIM_TimeBaseInit
    user_timer.o(.text) refers to system_stm32f10x.o(.data) for SystemCoreClock
    user_adc.o(.text) refers to stm32f10x_adc.o(.text) for ADC_Init
    user_adc.o(.text) refers to dflt_clz.o(x$fpl$dfltu) for __aeabi_ui2d
    user_adc.o(.text) refers to dmul.o(x$fpl$dmul) for __aeabi_dmul
    user_adc.o(.text) refers to scalbn.o(x$fpl$scalbn) for __ARM_scalbn
    user_adc.o(.text) refers to daddsub_clz.o(x$fpl$drsb) for __aeabi_drsub
    user_adc.o(.text) refers to ddiv.o(x$fpl$ddiv) for __aeabi_ddiv
    user_adc.o(.text) refers to daddsub_clz.o(x$fpl$dadd) for __aeabi_dadd
    user_adc.o(.text) refers to d2f.o(x$fpl$d2f) for __aeabi_d2f
    user_adc.o(.text) refers to ffix.o(x$fpl$ffix) for __aeabi_f2iz
    user_i2c.o(.text) refers to stm32f10x_i2c.o(.text) for I2C_GetLastEvent
    user_i2c.o(.text) refers to user_i2c.o(.data) for .data
    user_i2c.o(.text) refers to user_i2c.o(.bss) for .bss
[...]
    RESET                                    0x08000000   Section      288  startup_stm32f10x_md_vl.o(RESET)
    !!!main                                  0x08000120   Section        8  __main.o(!!!main)
    !!!scatter                               0x08000128   Section       52  __scatter.o(!!!scatter)
    !!handler_copy                           0x0800015c   Section       26  __scatter_copy.o(!!handler_copy)
    !!handler_zi                             0x08000178   Section       28  __scatter_zi.o(!!handler_zi)
    .ARM.Collect$$libinit$$00000000          0x08000194   Section        6  libinit.o(.ARM.Collect$$libinit$$00000000)
    .ARM.Collect$$libinit$$00000006          0x0800019a   Section        0  libinit2.o(.ARM.Collect$$libinit$$00000006)
    .ARM.Collect$$libinit$$00000008          0x0800019a   Section        0  libinit2.o(.ARM.Collect$$libinit$$00000008)
    .ARM.Collect$$libinit$$0000000A          0x0800019a   Section        0  libinit2.o(.ARM.Collect$$libinit$$0000000A)
    .ARM.Collect$$libinit$$0000000D          0x0800019a   Section        0  libinit2.o(.ARM.Collect$$libinit$$0000000D)
    .ARM.Collect$$libinit$$0000000F          0x0800019a   Section        0  libinit2.o(.ARM.Collect$$libinit$$0000000F)
    .ARM.Collect$$libinit$$00000011          0x0800019a   Section        0  libinit2.o(.ARM.Collect$$libinit$$00000011)
    .ARM.Collect$$libinit$$00000013          0x0800019a   Section        0  libinit2.o(.ARM.Collect$$libinit$$00000013)
    .ARM.Collect$$libinit$$00000015          0x0800019a   Section        0  libinit2.o(.ARM.Collect$$libinit$$00000015)
    .ARM.Collect$$libinit$$00000017          0x0800019a   Section        0  libinit2.o(.ARM.Collect$$libinit$$00000017)
    .ARM.Collect$$libinit$$00000019          0x0800019a   Section        0  libinit2.o(.ARM.Collect$$libinit$$00000019)
    .ARM.Collect$$libinit$$0000001B          0x0800019a   Section        0  libinit2.o(.ARM.Collect$$libinit$$0000001B)
    .ARM.Collect$$libinit$$0000001D          0x0800019a   Section        0  libinit2.o(.ARM.Collect$$libinit$$0000001D)
    .ARM.Collect$$libinit$$0000001F          0x0800019a   Section        0  libinit2.o(.ARM.Collect$$libinit$$0000001F)
    .ARM.Collect$$libinit$$00000021          0x0800019a   Section        0  libinit2.o(.ARM.Collect$$libinit$$00000021)
    .ARM.Collect$$libinit$$00000028          0x0800019a   Section        0  libinit2.o(.ARM.Collect$$libinit$$00000028)
    .ARM.Collect$$libinit$$0000002A          0x0800019a   Section        0  libinit2.o(.ARM.Collect$$libinit$$0000002A)
    .ARM.Collect$$libinit$$0000002C          0x0800019a   Section        0  libinit2.o(.ARM.Collect$$libinit$$0000002C)
    .ARM.Collect$$libinit$$0000002E          0x0800019a   Section        0  libinit2.o(.ARM.Collect$$libinit$$0000002E)
    .ARM.Collect$$libinit$$0000002F          0x0800019a   Section        2  libinit2.o(.ARM.Collect$$libinit$$0000002F)
    .ARM.Collect$$libshutdown$$00000000      0x0800019c   Section        2  libshutdown.o(.ARM.Collect$$libshutdown$$00000000)
    .ARM.Collect$$libshutdown$$00000003      0x0800019e   Section        0  libshutdown2.o(.ARM.Collect$$libshutdown$$00000003)
    .ARM.Collect$$libshutdown$$00000006      0x0800019e   Section        0  libshutdown2.o(.ARM.Collect$$libshutdown$$00000006)
    .ARM.Collect$$libshutdown$$00000009      0x0800019e   Section        0  libshutdown2.o(.ARM.Collect$$libshutdown$$00000009)
    .ARM.Collect$$libshutdown$$0000000B      0x0800019e   Section        0  libshutdown2.o(.ARM.Collect$$libshutdown$$0000000B)
    .ARM.Collect$$libshutdown$$0000000E      0x0800019e   Section        0  libshutdown2.o(.ARM.Collect$$libshutdown$$0000000E)
    .ARM.Collect$$libshutdown$$0000000F      0x0800019e   Section        2  libshutdown2.o(.ARM.Collect$$libshutdown$$0000000F)
    .ARM.Collect$$rtentry$$00000000          0x080001a0   Section        0  rtentry.o(.ARM.Collect$$rtentry$$00000000)
    .ARM.Collect$$rtentry$$00000002          0x080001a0   Section        0  rtentry2.o(.ARM.Collect$$rtentry$$00000002)
    .ARM.Collect$$rtentry$$00000004          0x080001a0   Section        6  rtentry4.o(.ARM.Collect$$rtentry$$00000004)
    .ARM.Collect$$rtentry$$00000009          0x080001a6   Section        0  rtentry2.o(.ARM.Collect$$rtentry$$00000009)
    .ARM.Collect$$rtentry$$0000000A          0x080001a6   Section        4  rtentry2.o(.ARM.Collect$$rtentry$$0000000A)
    .ARM.Collect$$rtentry$$0000000C          0x080001aa   Section        0  rtentry2.o(.ARM.Collect$$rtentry$$0000000C)
    .ARM.Collect$$rtentry$$0000000D          0x080001aa   Section        8  rtentry2.o(.ARM.Collect$$rtentry$$0000000D)
    .ARM.Collect$$rtexit$$00000000           0x080001b2   Section        2  rtexit.o(.ARM.Collect$$rtexit$$00000000)
    .ARM.Collect$$rtexit$$00000002           0x080001b4   Section        0  rtexit2.o(.ARM.Collect$$rtexit$$00000002)
    .ARM.Collect$$rtexit$$00000003           0x080001b4   Section        4  rtexit2.o(.ARM.Collect$$rtexit$$00000003)
    .ARM.Collect$$rtexit$$00000004           0x080001b8   Section        6  rtexit2.o(.ARM.Collect$$rtexit$$00000004)
    .text                                    0x080001c0   Section        0  main.o(.text)
    TaskWatchdog                             0x080001c1   Thumb Code     4  main.o(.text)
    TaskDebug                                0x080001c5   Thumb Code     4  main.o(.text)
    .text                                    0x08000238   Section        0  rf_protocol.o(.text)
    HdlcConvertData                          0x08000285   Thumb Code   166  rf_protocol.o(.text)
    ReturnUpgradeFlag                        0x0800032b   Thumb Code    94  rf_protocol.o(.text)
    ReturnResetFlag                          0x08000389   Thumb Code    88  rf_protocol.o(.text)
    TMAPktHandle                             0x080003e1   Thumb Code   510  rf_protocol.o(.text)
    ProcSetLoadingPrev                       0x0800064d   Thumb Code    72  rf_protocol.o(.text)
    .text                                    0x08000698   Section        0  rf_parameter.o(.text)
    NVIC_SystemReset                         0x080007ef   Thumb Code    22  rf_parameter.o(.text)
    .text                                    0x0800082c   Section        0  task.o(.text)
    .text                                    0x0800092c   Section        0  target.o(.text)
    .text                                    0x080009dc   Section        0  stm32f10x_it.o(.text)
    .text                                    0x080009f0   Section        0  system_stm32f10x.o(.text)
    .text                                    0x08000ab0   Section        0  dev_spi.o(.text)
    WriteGpioPin                             0x08000ab1   Thumb Code    40  dev_spi.o(.text)
    StartSpiBus                              0x08000ad9   Thumb Code   100  dev_spi.o(.text)
    EndSpiBus                                0x08000bbd   Thumb Code    76  dev_spi.o(.text)
    .text                                    0x08000c18   Section        0  dev_att.o(.text)
    .text                                    0x08000c58   Section        0  dev_e2prom.o(.text)
    .text                                    0x08000ce4   Section        0  dev_temp.o(.text)
    .text                                    0x08000d24   Section        0  user_timer.o(.text)
    .text                                    0x08000dd0   Section        0  user_adc.o(.text)
    .text                                    0x08000f34   Section        0  user_i2c.o(.text)
    I2cMasterWrite                           0x0800102d   Thumb Code   178  user_i2c.o(.text)
    CheckEventTimeOut                        0x08001161   Thumb Code    48  user_i2c.o(.text)
    I2cMasterRead                            0x08001191   Thumb Code   156  user_i2c.o(.text)
    .text                                    0x0800125c   Section        0  user_uart.o(.text)
    UartBufDataIn                            0x0800128f   Thumb Code    42  user_uart.o(.text)
    UartBufDataOut                           0x080012b9   Thumb Code    44  user_uart.o(.text)
    .text                                    0x080014d4   Section        0  user_flash.o(.text)
    Flash2Section                            0x08001675   Thumb Code   100  user_flash.o(.text)
    NVIC_SystemReset                         0x080016fb   Thumb Code    22  user_flash.o(.text)
    .text                                    0x0800172c   Section        0  misc.o(.text)
    .text                                    0x080017dc   Section        0  stm32f10x_adc.o(.text)
    .text                                    0x08001b00   Section        0  stm32f10x_gpio.o(.text)
    .text                                    0x08001d68   Section        0  stm32f10x_i2c.o(.text)
    .text                                    0x08002078   Section        0  stm32f10x_rcc.o(.text)
    .text                                    0x0800235c   Section        0  stm32f10x_tim.o(.text)
    TI2_Config                               0x080026d7   Thumb Code    98  stm32f10x_tim.o(.text)
    TI1_Config                               0x08002789   Thumb Code    84  stm32f10x_tim.o(.text)
    .text                                    0x08002dcc   Section        0  stm32f10x_usart.o(.text)
    .text                                    0x080030fc   Section       64  startup_stm32f10x_md_vl.o(.text)
    .text                                    0x0800313c   Section      138  rt_memcpy_v6.o(.text)
    .text                                    0x080031c6   Section      100  rt_memcpy_w.o(.text)
    .text                                    0x0800322a   Section       68  rt_memclr.o(.text)
    .text                                    0x0800326e   Section        0  heapauxi.o(.text)
    .text                                    0x08003274   Section       78  rt_memclr_w.o(.text)
    .text                                    0x080032c2   Section       74  sys_stackheap_outer.o(.text)
    .text                                    0x0800330c   Section        0  exit.o(.text)
    .text                                    0x08003318   Section        8  libspace.o(.text)
    .text                                    0x08003320   Section        8  rt_fp_status_addr_intlibspace.o(.text)
    .text                                    0x08003328   Section        0  sys_exit.o(.text)
    .text                                    0x08003334   Section        2  use_no_semi.o(.text)
    .text                                    0x08003336   Section        0  indicate_semi.o(.text)
    i.usdelay                                0x08003338   Section        0  dev_spi.o(i.usdelay)
    x$fpl$d2f                                0x0800335c   Section       98  d2f.o(x$fpl$d2f)
    x$fpl$dadd                               0x080033c0   Section      336  daddsub_clz.o(x$fpl$dadd)
    _dadd1                                   0x080033d1   Thumb Code     0  daddsub_clz.o(x$fpl$dadd)
    x$fpl$dcheck1                            0x08003510   Section       16  dcheck1.o(x$fpl$dcheck1)
    x$fpl$ddiv                               0x08003520   Section      688  ddiv.o(x$fpl$ddiv)
    ddiv_entry                               0x08003527   Thumb Code     0  ddiv.o(x$fpl$ddiv)
    x$fpl$dfltu                              0x080037d0   Section       38  dflt_clz.o(x$fpl$dfltu)
    x$fpl$dmul                               0x080037f8   Section      340  dmul.o(x$fpl$dmul)
    x$fpl$dnaninf                            0x0800394c   Section      156  dnaninf.o(x$fpl$dnaninf)
    x$fpl$dretinf                            0x080039e8   Section       12  dretinf.o(x$fpl$dretinf)
    x$fpl$drsb                               0x080039f4   Section       22  daddsub_clz.o(x$fpl$drsb)
    x$fpl$dsub                               0x08003a0c   Section      468  daddsub_clz.o(x$fpl$dsub)
    _dsub1                                   0x08003a1d   Thumb Code     0  daddsub_clz.o(x$fpl$dsub)
    x$fpl$ffix                               0x08003be0   Section       54  ffix.o(x$fpl$ffix)
    x$fpl$fnaninf                            0x08003c16   Section      140  fnaninf.o(x$fpl$fnaninf)
    x$fpl$fpinit                             0x08003ca2   Section       14  fpinit.o(x$fpl$fpinit)
    x$fpl$fretinf                            0x08003cb0   Section       10  fretinf.o(x$fpl$fretinf)
    x$fpl$retnan                             0x08003cba   Section      100  retnan.o(x$fpl$retnan)
    x$fpl$scalbn                             0x08003d1e   Section       96  scalbn.o(x$fpl$scalbn)
    x$fpl$trapveneer                         0x08003d7e   Section       48  trapv.o(x$fpl$trapveneer)
    x$fpl$usenofp                            0x08003dae   Section        0  usenofp.o(x$fpl$usenofp)
    .constdata                               0x08003db0   Section       32  rf_protocol.o(.constdata)
    .constdata                               0x08003dd0   Section       24  target.o(.constdata)
    .constdata                               0x08003de8   Section      528  target.o(.constdata)
    gpioTable                                0x08003de8   Data         528  target.o(.constdata)
    POINTER                                  0x08005000   Section        0  rf_control.o(POINTER)
    .text                                    0x08005038   Section        0  rf_control.o(.text)
    RFSWITCH_SYC_PATH1                       0x08005039   Thumb Code    50  rf_control.o(.text)
    RFSWITCH_SYC_PATH2                       0x0800506b   Thumb Code    50  rf_control.o(.text)
    RFSWITCH_SYC_TEST                        0x0800509d   Thumb Code    52  rf_control.o(.text)
    RFSWITCH_SYC_PATH                        0x080050d1   Thumb Code   134  rf_control.o(.text)
    ReadAdcValueFilter                       0x08005157   Thumb Code    50  rf_control.o(.text)
    ProcSwitchPath1                          0x08005189   Thumb Code    12  rf_control.o(.text)
    ProcSwitchPath2                          0x08005195   Thumb Code    12  rf_control.o(.text)
    ProcSwitchBypass1                        0x080051a1   Thumb Code    12  rf_control.o(.text)
    ProcSwitchBypass2                        0x080051ad   Thumb Code    12  rf_control.o(.text)
    ProcSwitchTest                           0x080051b9   Thumb Code    12  rf_control.o(.text)
    ProcSetMode                              0x080051c5   Thumb Code    46  rf_control.o(.text)
    ProcSetPower1                            0x080051f3   Thumb Code    12  rf_control.o(.text)
    ProcSetPower2                            0x080051ff   Thumb Code    12  rf_control.o(.text)
    ProcSetPower3                            0x0800520b   Thumb Code    12  rf_control.o(.text)
    ProcSetPower4                            0x08005217   Thumb Code    12  rf_control.o(.text)
    ProcSetGain                              0x08005223   Thumb Code    42  rf_control.o(.text)
    ProcSetTemperatorReset                   0x0800524d   Thumb Code    36  rf_control.o(.text)
    ProcSetReset                             0x08005271   Thumb Code    26  rf_control.o(.text)
    ComResponsePcs                           0x0800528b   Thumb Code   178  rf_control.o(.text)
    InitControl                              0x0800533d   Thumb Code   304  rf_control.o(.text)
    TaskSample                               0x0800546d   Thumb Code   884  rf_control.o(.text)
    RFPOWER_SYC_5V_1                         0x080057e1   Thumb Code    28  rf_control.o(.text)
    RFPOWER_SYC_5V_2                         0x080057fd   Thumb Code    28  rf_control.o(.text)
    RFPOWER_SYC_9V_1                         0x08005819   Thumb Code    28  rf_control.o(.text)
    RFPOWER_SYC_9V_2                         0x08005835   Thumb Code    28  rf_control.o(.text)
    RFSWITCH_SYC_BYPASS1                     0x08005851   Thumb Code    50  rf_control.o(.text)
    RFSWITCH_SYC_BYPASS2                     0x08005883   Thumb Code    30  rf_control.o(.text)
    RFSWITCH_SYC_BYPASS                      0x080058a1   Thumb Code    16  rf_control.o(.text)
    StoreParamToEEprom                       0x080058b1   Thumb Code     8  rf_control.o(.text)
    .constdata                               0x080058c4   Section      912  rf_control.o(.constdata)
    tabCommand                               0x080058c4   Data         912  rf_control.o(.constdata)
    .ARM.__AT_0x08005FF0                     0x08005ff0   Section        1  rf_control.o(.ARM.__AT_0x08005FF0)
    .ARM.__AT_0x08005FF4                     0x08005ff4   Section        1  rf_control.o(.ARM.__AT_0x08005FF4)
    .ARM.__AT_0x08005FF8                     0x08005ff8   Section        1  rf_control.o(.ARM.__AT_0x08005FF8)
    .text                                    0x08007000   Section        0  stm32f10x_flash.o(.text)
    .text                                    0x08007478   Section        0  stm32f10x_iwdg.o(.text)
    BOOTLOADER                               0x080074b4   Section        0  user_flash.o(BOOTLOADER)
    .data                                    0x20000000   Section        2  rf_protocol.o(.data)
    loadFwCnt                                0x20000000   Data           2  rf_protocol.o(.data)
    .data                                    0x20000002   Section        1  rf_parameter.o(.data)
    .data                                    0x20000004   Section        2  rf_parameter.o(.data)
    .data                                    0x20000006   Section        2  rf_parameter.o(.data)
    .data                                    0x20000008   Section        1  task.o(.data)
    taskNum                                  0x20000008   Data           1  task.o(.data)
    .data                                    0x2000000c   Section       20  system_stm32f10x.o(.data)
    .data                                    0x20000020   Section       16  user_i2c.o(.data)
    rxCnt                                    0x20000020   Data           2  user_i2c.o(.data)
    txCnt                                    0x20000022   Data           2  user_i2c.o(.data)
    txSum                                    0x20000024   Data           2  user_i2c.o(.data)
    txBuf                                    0x20000028   Data           4  user_i2c.o(.data)
    .data                                    0x20000030   Section       20  stm32f10x_rcc.o(.data)
    ADCPrescTable                            0x20000030   Data           4  stm32f10x_rcc.o(.data)
    APBAHBPrescTable                         0x20000034   Data          16  stm32f10x_rcc.o(.data)
    .bss                                     0x20000044   Section     1000  rf_control.o(.bss)
    mallocFct                                0x20000044   Data         500  rf_control.o(.bss)
    mallocBuf                                0x20000238   Data         500  rf_control.o(.bss)
    .bss                                     0x2000042c   Section      200  task.o(.bss)
    taskTable                                0x2000042c   Data         200  task.o(.bss)
    .bss                                     0x200004f4   Section      512  user_i2c.o(.bss)
    rxBuf                                    0x200004f4   Data         512  user_i2c.o(.bss)
    .bss                                     0x200006f4   Section     1072  user_uart.o(.bss)
    rxTimer                                  0x200006f4   Data          12  user_uart.o(.bss)
    rxTimer                                  0x20000700   Data          12  user_uart.o(.bss)
    uartBufQS                                0x20000b0c   Data          24  user_uart.o(.bss)
    .bss                                     0x20000b24   Section     1032  user_flash.o(.bss)
    bufQueue                                 0x20000b24   Data        1032  user_flash.o(.bss)
    .bss                                     0x20000f2c   Section       96  libspace.o(.bss)
    HEAP                                     0x20000f90   Section      512  startup_stm32f10x_md_vl.o(HEAP)
    Heap_Mem                                 0x20000f90   Data         512  startup_stm32f10x_md_vl.o(HEAP)
    STACK                                    0x20001190   Section     1024  startup_stm32f10x_md_vl.o(STACK)
    Stack_Mem                                0x20001190   Data        1024  startup_stm32f10x_md_vl.o(STACK)
    __initial_sp                             0x20001590   Data           0  startup_stm32f10x_md_vl.o(STACK)

    Global Symbols

    Symbol Name                              Value     Ov Type        Size  Object(Section)

    BuildAttributes$$THM_ISAv4$P$D$K$B$S$PE$A:L22UL41UL21$X:L11$S22US41US21$IEEE1$IW$USESV6$~STKCKD$USESV7$~SHL$OSPACE$ROPI$EBA8$UX$STANDARDLIB$REQ8$PRES8$EABIv2 0x00000000   Number         0  anon$$obj.o ABSOLUTE
    __ARM_use_no_argv                        0x00000000   Number         0  main.o ABSOLUTE
    __ARM_exceptions_init                     - Undefined Weak Reference
    __alloca_initialize                       - Undefined Weak Reference
    __cpp_initialize__aeabi_                  - Undefined Weak Reference
    __cxa_finalize                            - Undefined Weak Reference
    __fpl_infinity                            - Undefined Weak Reference
    __rt_locale                               - Undefined Weak Reference
    __sigvec_lookup                           - Undefined Weak Reference
    _atexit_init                              - Undefined Weak Reference
    _call_atexit_fns                          - Undefined Weak Reference
    _clock_init                               - Undefined Weak Reference
    _fp_trap_init                             - Undefined Weak Reference
    _fp_trap_shutdown                         - Undefined Weak Reference
    _get_lc_collate                           - Undefined Weak Reference
    _get_lc_ctype                             - Undefined Weak Reference
    _get_lc_monetary                          - Undefined Weak Reference
    _get_lc_numeric                           - Undefined Weak Reference
    _get_lc_time                              - Undefined Weak Reference
    _getenv_init                              - Undefined Weak Reference
    _handle_redirection                       - Undefined Weak Reference
    _init_alloc                               - Undefined Weak Reference
    _init_user_alloc                          - Undefined Weak Reference
    _initio                                   - Undefined Weak Reference
    _rand_init                                - Undefined Weak Reference
    _signal_finish                            - Undefined Weak Reference
    _signal_init                              - Undefined Weak Reference
    _terminate_alloc                          - Undefined Weak Reference
    _terminate_user_alloc                     - Undefined Weak Reference
    _terminateio                              - Undefined Weak Reference
    __Vectors_Size                           0x00000120   Number         0  startup_stm32f10x_md_vl.o ABSOLUTE
    __Vectors                                0x08000000   Data           4  startup_stm32f10x_md_vl.o(RESET)
    __Vectors_End                            0x08000120   Data           0  startup_stm32f10x_md_vl.o(RESET)
    __main                                   0x08000121   Thumb Code     8  __main.o(!!!main)
    __scatterload                            0x08000129   Thumb Code     0  __scatter.o(!!!scatter)
    __scatterload_rt2                        0x08000129   Thumb Code    44  __scatter.o(!!!scatter)
    __scatterload_rt2_thumb_only             0x08000129   Thumb Code     0  __scatter.o(!!!scatter)
    __scatterload_null                       0x08000137   Thumb Code     0  __scatter.o(!!!scatter)
    __scatterload_copy                       0x0800015d   Thumb Code    26  __scatter_copy.o(!!handler_copy)
    __scatterload_zeroinit                   0x08000179   Thumb Code    28  __scatter_zi.o(!!handler_zi)
    __rt_lib_init                            0x08000195   Thumb Code     0  libinit.o(.ARM.Collect$$libinit$$00000000)
    __rt_lib_init_alloca_1                   0x0800019b   Thumb Code     0  libinit2.o(.ARM.Collect$$libinit$$0000002A)
    __rt_lib_init_argv_1                     0x0800019b   Thumb Code     0  libinit2.o(.ARM.Collect$$libinit$$00000028)
    __rt_lib_init_atexit_1                   0x0800019b   Thumb Code     0  libinit2.o(.ARM.Collect$$libinit$$00000017)
    __rt_lib_init_clock_1                    0x0800019b   Thumb Code     0  libinit2.o(.ARM.Collect$$libinit$$0000001D)
    __rt_lib_init_cpp_1                      0x0800019b   Thumb Code     0  libinit2.o(.ARM.Collect$$libinit$$0000002E)
    __rt_lib_init_exceptions_1               0x0800019b   Thumb Code     0  libinit2.o(.ARM.Collect$$libinit$$0000002C)
    __rt_lib_init_fp_trap_1                  0x0800019b   Thumb Code     0  libinit2.o(.ARM.Collect$$libinit$$0000001B)
    __rt_lib_init_getenv_1                   0x0800019b   Thumb Code     0  libinit2.o(.ARM.Collect$$libinit$$0000001F)
    __rt_lib_init_heap_1                     0x0800019b   Thumb Code     0  libinit2.o(.ARM.Collect$$libinit$$00000006)
    __rt_lib_init_lc_collate_1               0x0800019b   Thumb Code     0  libinit2.o(.ARM.Collect$$libinit$$0000000D)
    __rt_lib_init_lc_ctype_1                 0x0800019b   Thumb Code     0  libinit2.o(.ARM.Collect$$libinit$$0000000F)
    __rt_lib_init_lc_monetary_1              0x0800019b   Thumb Code     0  libinit2.o(.ARM.Collect$$libinit$$00000011)
    __rt_lib_init_lc_numeric_1               0x0800019b   Thumb Code     0  libinit2.o(.ARM.Collect$$libinit$$00000013)
    __rt_lib_init_lc_time_1                  0x0800019b   Thumb Code     0  libinit2.o(.ARM.Collect$$libinit$$00000015)
    __rt_lib_init_rand_1                     0x0800019b   Thumb Code     0  libinit2.o(.ARM.Collect$$libinit$$0000000A)
    __rt_lib_init_return                     0x0800019b   Thumb Code     0  libinit2.o(.ARM.Collect$$libinit$$0000002F)
    __rt_lib_init_signal_1                   0x0800019b   Thumb Code     0  libinit2.o(.ARM.Collect$$libinit$$00000019)
    __rt_lib_init_stdio_1                    0x0800019b   Thumb Code     0  libinit2.o(.ARM.Collect$$libinit$$00000021)
    __rt_lib_init_user_alloc_1               0x0800019b   Thumb Code     0  libinit2.o(.ARM.Collect$$libinit$$00000008)
    __rt_lib_shutdown                        0x0800019d   Thumb Code     0  libshutdown.o(.ARM.Collect$$libshutdown$$00000000)
    __rt_lib_shutdown_fp_trap_1              0x0800019f   Thumb Code     0  libshutdown2.o(.ARM.Collect$$libshutdown$$00000006)
    __rt_lib_shutdown_heap_1                 0x0800019f   Thumb Code     0  libshutdown2.o(.ARM.Collect$$libshutdown$$0000000E)
    __rt_lib_shutdown_return                 0x0800019f   Thumb Code     0  libshutdown2.o(.ARM.Collect$$libshutdown$$0000000F)
    __rt_lib_shutdown_signal_1               0x0800019f   Thumb Code     0  libshutdown2.o(.ARM.Collect$$libshutdown$$00000009)
    __rt_lib_shutdown_stdio_1                0x0800019f   Thumb Code     0  libshutdown2.o(.ARM.Collect$$libshutdown$$00000003)
    __rt_lib_shutdown_user_alloc_1           0x0800019f   Thumb Code     0  libshutdown2.o(.ARM.Collect$$libshutdown$$0000000B)
    __rt_entry                               0x080001a1   Thumb Code     0  rtentry.o(.ARM.Collect$$rtentry$$00000000)
    __rt_entry_presh_1                       0x080001a1   Thumb Code     0  rtentry2.o(.ARM.Collect$$rtentry$$00000002)
    __rt_entry_sh                            0x080001a1   Thumb Code     0  rtentry4.o(.ARM.Collect$$rtentry$$00000004)
    __rt_entry_li                            0x080001a7   Thumb Code     0  rtentry2.o(.ARM.Collect$$rtentry$$0000000A)
    __rt_entry_postsh_1                      0x080001a7   Thumb Code     0  rtentry2.o(.ARM.Collect$$rtentry$$00000009)
    __rt_entry_main                          0x080001ab   Thumb Code     0  rtentry2.o(.ARM.Collect$$rtentry$$0000000D)
    __rt_entry_postli_1                      0x080001ab   Thumb Code     0  rtentry2.o(.ARM.Collect$$rtentry$$0000000C)
    __rt_exit                                0x080001b3   Thumb Code     0  rtexit.o(.ARM.Collect$$rtexit$$00000000)
    __rt_exit_ls                             0x080001b5   Thumb Code     0  rtexit2.o(.ARM.Collect$$rtexit$$00000003)
    __rt_exit_prels_1                        0x080001b5   Thumb Code     0  rtexit2.o(.ARM.Collect$$rtexit$$00000002)
    __rt_exit_exit                           0x080001b9   Thumb Code     0  rtexit2.o(.ARM.Collect$$rtexit$$00000004)
    main                                     0x080001c9   Thumb Code    86  main.o(.text)
    CalcCRC16Value                           0x08000239   Thumb Code    76  rf_protocol.o(.text)
    InitProtocol                             0x080005df   Thumb Code    58  rf_protocol.o(.text)
    TaskProtocol                             0x08000619   Thumb Code    52  rf_protocol.o(.text)
    FirmwareVerify                           0x08000699   Thumb Code    68  rf_parameter.o(.text)
    FirmwareIsExist                          0x080006dd   Thumb Code    56  rf_parameter.o(.text)
    CalcCheckSum                             0x08000715   Thumb Code    28  rf_parameter.o(.text)
    CalcUpgradeCheckSum                      0x08000731   Thumb Code    44  rf_parameter.o(.text)
    CalcFirmwareAllCRC16                     0x0800075d   Thumb Code    12  rf_parameter.o(.text)
    CalcFirmwareBufCRC16                     0x08000769   Thumb Code    10  rf_parameter.o(.text)
    DownFlagSet                              0x08000773   Thumb Code    16  rf_parameter.o(.text)
    DownFlagCheck                            0x08000783   Thumb Code    32  rf_parameter.o(.text)
    RebootFlagCheck                          0x080007a3   Thumb Code    30  rf_parameter.o(.text)
    RebootFlagSet                            0x080007c1   Thumb Code    14  rf_parameter.o(.text)
    InitParam                                0x080007cf   Thumb Code    28  rf_parameter.o(.text)
    TaskParameter                            0x080007eb   Thumb Code     4  rf_parameter.o(.text)
    AddTaskTimer                             0x0800082d   Thumb Code    50  task.o(.text)
    DelTaskTimer                             0x0800085f   Thumb Code    88  task.o(.text)
    InitTaskTimer                            0x080008b7   Thumb Code    44  task.o(.text)
    TaskTimerRoutine                         0x080008e3   Thumb Code    66  task.o(.text)
    InitTarget                               0x0800092d   Thumb Code   162  target.o(.text)
    NMI_Handler                              0x080009dd   Thumb Code     2  stm32f10x_it.o(.text)
    HardFault_Handler                        0x080009df   Thumb Code     2  stm32f10x_it.o(.text)
    MemManage_Handler                        0x080009e1   Thumb Code     2  stm32f10x_it.o(.text)
    BusFault_Handler                         0x080009e3   Thumb Code     2  stm32f10x_it.o(.text)
    UsageFault_Handler                       0x080009e5   Thumb Code     2  stm32f10x_it.o(.text)
    SVC_Handler                              0x080009e7   Thumb Code     2  stm32f10x_it.o(.text)
    DebugMon_Handler                         0x080009e9   Thumb Code     2  stm32f10x_it.o(.text)
    PendSV_Handler                           0x080009eb   Thumb Code     2  stm32f10x_it.o(.text)
    SysTick_Handler                          0x080009ed   Thumb Code     2  stm32f10x_it.o(.text)
    SystemInit                               0x080009f1   Thumb Code    60  system_stm32f10x.o(.text)
    SystemCoreClockUpdate                    0x08000a2d   Thumb Code    98  system_stm32f10x.o(.text)
    WriteSpiOneWord                          0x08000b3d   Thumb Code   128  dev_spi.o(.text)
    WritePe4302                              0x08000c19   Thumb Code    58  dev_att.o(.text)
    WriteE2prom                              0x08000c59   Thumb Code   102  dev_e2prom.o(.text)
    ReadE2prom                               0x08000cbf   Thumb Code    32  dev_e2prom.o(.text)
    ReadInternalTemperatureSensor            0x08000ce5   Thumb Code     4  dev_temp.o(.text)
    ReadExternalTemperatureSensor            0x08000ce9   Thumb Code    54  dev_temp.o(.text)
    InitTimer                                0x08000d25   Thumb Code    60  user_timer.o(.text)
    UserTimerReset                           0x08000d61   Thumb Code    12  user_timer.o(.text)
    UserTimerOver                            0x08000d6d   Thumb Code    94  user_timer.o(.text)
    InitAdc                                  0x08000dd1   Thumb Code    84  user_adc.o(.text)
    ReadAdcValue                             0x08000e25   Thumb Code    96  user_adc.o(.text)
    ReadAdcTemperature                       0x08000e85   Thumb Code   150  user_adc.o(.text)
    I2C1_EV_IRQHandler                       0x08000f35   Thumb Code   246  user_i2c.o(.text)
    I2C2_EV_IRQHandler                       0x0800102b   Thumb Code     2  user_i2c.o(.text)
    I2cReadDevice                            0x080010df   Thumb Code    50  user_i2c.o(.text)
    I2cWriteDevice                           0x08001111   Thumb Code    16  user_i2c.o(.text)
    InitI2c                                  0x08001121   Thumb Code    58  user_i2c.o(.text)
    InitI2cProc                              0x0800115b   Thumb Code     6  user_i2c.o(.text)
    InitUartBuf                              0x0800125d   Thumb Code    30  user_uart.o(.text)
    ResetUartBuf                             0x0800127b   Thumb Code    20  user_uart.o(.text)
    GetUartBufInfo                           0x080012e5   Thumb Code    30  user_uart.o(.text)
    SetUartBufInfo                           0x08001303   Thumb Code    14  user_uart.o(.text)
    InitUart                                 0x08001311   Thumb Code   108  user_uart.o(.text)
    USART1_IRQHandler                        0x0800137d   Thumb Code   140  user_uart.o(.text)
    USART2_IRQHandler                        0x08001409   Thumb Code   138  user_uart.o(.text)
    UartTxOpen                               0x08001493   Thumb Code    50  user_uart.o(.text)
    Code2Flash                               0x080014d5   Thumb Code   400  user_flash.o(.text)
    EndCode2Flash                            0x08001665   Thumb Code     8  user_flash.o(.text)
    InitCode2Flash                           0x0800166d   Thumb Code     8  user_flash.o(.text)
    Section2Bak                              0x080016d9   Thumb Code     8  user_flash.o(.text)
    Bak2Section                              0x080016e1   Thumb Code     8  user_flash.o(.text)
    EndCode2FlashRrev                        0x080016e9   Thumb Code    18  user_flash.o(.text)
    NVIC_PriorityGroupConfig                 0x0800172d   Thumb Code    10  misc.o(.text)
    NVIC_Init                                0x08001737   Thumb Code    90  misc.o(.text)
    NVIC_SetVectorTable                      0x08001791   Thumb Code    14  misc.o(.text)
    NVIC_SystemLPConfig                      0x0800179f   Thumb Code    20  misc.o(.text)
    SysTick_CLKSourceConfig                  0x080017b3   Thumb Code    24  misc.o(.text)
    ADC_DeInit                               0x080017dd   Thumb Code    56  stm32f10x_adc.o(.text)
    ADC_Init                                 0x08001815   Thumb Code    62  stm32f10x_adc.o(.text)
    ADC_StructInit                           0x08001853   Thumb Code    18  stm32f10x_adc.o(.text)
    ADC_Cmd                                  0x08001865   Thumb Code    20  stm32f10x_adc.o(.text)
    ADC_DMACmd                               0x08001879   Thumb Code    20  stm32f10x_adc.o(.text)
    ADC_ITConfig                             0x0800188d   Thumb Code    18  stm32f10x_adc.o(.text)
    ADC_ResetCalibration                     0x0800189f   Thumb Code    10  stm32f10x_adc.o(.text)
    ADC_GetResetCalibrationStatus            0x080018a9   Thumb Code    14  stm32f10x_adc.o(.text)
    ADC_StartCalibration                     0x080018b7   Thumb Code    10  stm32f10x_adc.o(.text)
    ADC_GetCalibrationStatus                 0x080018c1   Thumb Code    14  stm32f10x_adc.o(.text)
    ADC_SoftwareStartConvCmd                 0x080018cf   Thumb Code    20  stm32f10x_adc.o(.text)
    ADC_GetSoftwareStartConvStatus           0x080018e3   Thumb Code    14  stm32f10x_adc.o(.text)
    ADC_DiscModeChannelCountConfig           0x080018f1   Thumb Code    16  stm32f10x_adc.o(.text)
    ADC_DiscModeCmd                          0x08001901   Thumb Code    20  stm32f10x_adc.o(.text)
    ADC_RegularChannelConfig                 0x08001915   Thumb Code   116  stm32f10x_adc.o(.text)
    ADC_ExternalTrigConvCmd                  0x08001989   Thumb Code    20  stm32f10x_adc.o(.text)
    ADC_GetConversionValue                   0x0800199d   Thumb Code     6  stm32f10x_adc.o(.text)
    ADC_GetDualModeConversionValue           0x080019a3   Thumb Code     8  stm32f10x_adc.o(.text)
    ADC_AutoInjectedConvCmd                  0x080019ab   Thumb Code    20  stm32f10x_adc.o(.text)
    ADC_InjectedDiscModeCmd                  0x080019bf   Thumb Code    20  stm32f10x_adc.o(.text)
    ADC_ExternalTrigInjectedConvConfig       0x080019d3   Thumb Code    12  stm32f10x_adc.o(.text)
    ADC_ExternalTrigInjectedConvCmd          0x080019df   Thumb Code    20  stm32f10x_adc.o(.text)
    ADC_SoftwareStartInjectedConvCmd         0x080019f3   Thumb Code    20  stm32f10x_adc.o(.text)
    ADC_GetSoftwareStartInjectedConvCmdStatus 0x08001a07   Thumb Code    14  stm32f10x_adc.o(.text)
    ADC_InjectedChannelConfig                0x08001a15   Thumb Code    74  stm32f10x_adc.o(.text)
    ADC_InjectedSequencerLengthConfig        0x08001a5f   Thumb Code    16  stm32f10x_adc.o(.text)
    ADC_SetInjectedOffset                    0x08001a6f   Thumb Code     4  stm32f10x_adc.o(.text)
    ADC_GetInjectedConversionValue           0x08001a73   Thumb Code     8  stm32f10x_adc.o(.text)
    ADC_AnalogWatchdogCmd                    0x08001a7b   Thumb Code    12  stm32f10x_adc.o(.text)
    ADC_AnalogWatchdogThresholdsConfig       0x08001a87   Thumb Code     6  stm32f10x_adc.o(.text)
    ADC_AnalogWatchdogSingleChannelConfig    0x08001a8d   Thumb Code    12  stm32f10x_adc.o(.text)
    ADC_TempSensorVrefintCmd                 0x08001a99   Thumb Code    24  stm32f10x_adc.o(.text)
    ADC_GetFlagStatus                        0x08001ab1   Thumb Code    14  stm32f10x_adc.o(.text)
    ADC_ClearFlag                            0x08001abf   Thumb Code     6  stm32f10x_adc.o(.text)
    ADC_GetITStatus                          0x08001ac5   Thumb Code    28  stm32f10x_adc.o(.text)
    ADC_ClearITPendingBit                    0x08001ae1   Thumb Code     8  stm32f10x_adc.o(.text)
    GPIO_DeInit                              0x08001b01   Thumb Code   152  stm32f10x_gpio.o(.text)
    GPIO_AFIODeInit                          0x08001b99   Thumb Code    22  stm32f10x_gpio.o(.text)
    GPIO_Init                                0x08001baf   Thumb Code   156  stm32f10x_gpio.o(.text)
    GPIO_StructInit                          0x08001c4b   Thumb Code    16  stm32f10x_gpio.o(.text)
    GPIO_ReadInputDataBit                    0x08001c5b   Thumb Code    14  stm32f10x_gpio.o(.text)
    GPIO_ReadInputData                       0x08001c69   Thumb Code     6  stm32f10x_gpio.o(.text)
    GPIO_ReadOutputDataBit                   0x08001c6f   Thumb Code    14  stm32f10x_gpio.o(.text)
    GPIO_ReadOutputData                      0x08001c7d   Thumb Code     6  stm32f10x_gpio.o(.text)
    GPIO_SetBits                             0x08001c83   Thumb Code     4  stm32f10x_gpio.o(.text)
    GPIO_ResetBits                           0x08001c87   Thumb Code     4  stm32f10x_gpio.o(.text)
    GPIO_WriteBit                            0x08001c8b   Thumb Code    10  stm32f10x_gpio.o(.text)
    GPIO_Write                               0x08001c95   Thumb Code     4  stm32f10x_gpio.o(.text)
    GPIO_PinLockConfig                       0x08001c99   Thumb Code    16  stm32f10x_gpio.o(.text)
    GPIO_EventOutputConfig                   0x08001ca9   Thumb Code    22  stm32f10x_gpio.o(.text)
    GPIO_EventOutputCmd                      0x08001cbf   Thumb Code     6  stm32f10x_gpio.o(.text)
    GPIO_PinRemapConfig                      0x08001cc5   Thumb Code    82  stm32f10x_gpio.o(.text)
    GPIO_EXTILineConfig                      0x08001d17   Thumb Code    34  stm32f10x_gpio.o(.text)
    GPIO_ETH_MediaInterfaceConfig            0x08001d39   Thumb Code     6  stm32f10x_gpio.o(.text)
    I2C_DeInit                               0x08001d69   Thumb Code    38  stm32f10x_i2c.o(.text)
    I2C_Init                                 0x08001d8f   Thumb Code   176  stm32f10x_i2c.o(.text)
    I2C_StructInit                           0x08001e3f   Thumb Code    28  stm32f10x_i2c.o(.text)
    I2C_Cmd                                  0x08001e5b   Thumb Code    20  stm32f10x_i2c.o(.text)
    I2C_DMACmd                               0x08001e6f   Thumb Code    20  stm32f10x_i2c.o(.text)
    I2C_DMALastTransferCmd                   0x08001e83   Thumb Code    20  stm32f10x_i2c.o(.text)
    I2C_GenerateSTART                        0x08001e97   Thumb Code    20  stm32f10x_i2c.o(.text)
    I2C_GenerateSTOP                         0x08001eab   Thumb Code    20  stm32f10x_i2c.o(.text)
    I2C_AcknowledgeConfig                    0x08001ebf   Thumb Code    20  stm32f10x_i2c.o(.text)
    I2C_OwnAddress2Config                    0x08001ed3   Thumb Code    16  stm32f10x_i2c.o(.text)
    I2C_DualAddressCmd                       0x08001ee3   Thumb Code    20  stm32f10x_i2c.o(.text)
    I2C_GeneralCallCmd                       0x08001ef7   Thumb Code    20  stm32f10x_i2c.o(.text)
    I2C_ITConfig                             0x08001f0b   Thumb Code    16  stm32f10x_i2c.o(.text)
    I2C_SendData                             0x08001f1b   Thumb Code     4  stm32f10x_i2c.o(.text)
    I2C_ReceiveData                          0x08001f1f   Thumb Code     6  stm32f10x_i2c.o(.text)
    I2C_Send7bitAddress                      0x08001f25   Thumb Code    16  stm32f10x_i2c.o(.text)
    I2C_ReadRegister                         0x08001f35   Thumb Code     4  stm32f10x_i2c.o(.text)
    I2C_SoftwareResetCmd                     0x08001f39   Thumb Code    20  stm32f10x_i2c.o(.text)
    I2C_NACKPositionConfig                   0x08001f4d   Thumb Code    22  stm32f10x_i2c.o(.text)
    I2C_SMBusAlertConfig                     0x08001f63   Thumb Code    22  stm32f10x_i2c.o(.text)
    I2C_TransmitPEC                          0x08001f79   Thumb Code    20  stm32f10x_i2c.o(.text)
    I2C_PECPositionConfig                    0x08001f8d   Thumb Code    22  stm32f10x_i2c.o(.text)
    I2C_CalculatePEC                         0x08001fa3   Thumb Code    20  stm32f10x_i2c.o(.text)
    I2C_GetPEC                               0x08001fb7   Thumb Code     6  stm32f10x_i2c.o(.text)
    I2C_ARPCmd                               0x08001fbd   Thumb Code    20  stm32f10x_i2c.o(.text)
    I2C_StretchClockCmd                      0x08001fd1   Thumb Code    20  stm32f10x_i2c.o(.text)
    I2C_FastModeDutyCycleConfig              0x08001fe5   Thumb Code    22  stm32f10x_i2c.o(.text)
    I2C_CheckEvent                           0x08001ffb   Thumb Code    24  stm32f10x_i2c.o(.text)
    I2C_GetLastEvent                         0x08002013   Thumb Code    14  stm32f10x_i2c.o(.text)
    I2C_GetFlagStatus                        0x08002021   Thumb Code    30  stm32f10x_i2c.o(.text)
    I2C_ClearFlag                            0x0800203f   Thumb Code     6  stm32f10x_i2c.o(.text)
    I2C_GetITStatus                          0x08002045   Thumb Code    34  stm32f10x_i2c.o(.text)
    I2C_ClearITPendingBit                    0x08002067   Thumb Code     6  stm32f10x_i2c.o(.text)
    RCC_DeInit                               0x08002079   Thumb Code    54  stm32f10x_rcc.o(.text)
    RCC_HSEConfig                            0x080020af   Thumb Code    48  stm32f10x_rcc.o(.text)
    RCC_GetFlagStatus                        0x080020df   Thumb Code    42  stm32f10x_rcc.o(.text)
    RCC_WaitForHSEStartUp                    0x08002109   Thumb Code    38  stm32f10x_rcc.o(.text)
    RCC_AdjustHSICalibrationValue            0x0800212f   Thumb Code    16  stm32f10x_rcc.o(.text)
    RCC_HSICmd                               0x0800213f   Thumb Code     6  stm32f10x_rcc.o(.text)
    RCC_PLLConfig                            0x08002145   Thumb Code    16  stm32f10x_rcc.o(.text)
    RCC_PLLCmd                               0x08002155   Thumb Code     6  stm32f10x_rcc.o(.text)
    RCC_PREDIV1Config                        0x0800215b   Thumb Code    18  stm32f10x_rcc.o(.text)
    RCC_SYSCLKConfig                         0x0800216d   Thumb Code    14  stm32f10x_rcc.o(.text)
    RCC_GetSYSCLKSource                      0x0800217b   Thumb Code    10  stm32f10x_rcc.o(.text)
    RCC_HCLKConfig                           0x08002185   Thumb Code    14  stm32f10x_rcc.o(.text)
    RCC_PCLK1Config                          0x08002193   Thumb Code    14  stm32f10x_rcc.o(.text)
    RCC_PCLK2Config                          0x080021a1   Thumb Code    16  stm32f10x_rcc.o(.text)
    RCC_ITConfig                             0x080021b1   Thumb Code    18  stm32f10x_rcc.o(.text)
    RCC_USBCLKConfig                         0x080021c3   Thumb Code     6  stm32f10x_rcc.o(.text)
    RCC_ADCCLKConfig                         0x080021c9   Thumb Code    14  stm32f10x_rcc.o(.text)
    RCC_LSEConfig                            0x080021d7   Thumb Code    26  stm32f10x_rcc.o(.text)
    RCC_LSICmd                               0x080021f1   Thumb Code     6  stm32f10x_rcc.o(.text)
    RCC_RTCCLKConfig                         0x080021f7   Thumb Code    10  stm32f10x_rcc.o(.text)
    RCC_RTCCLKCmd                            0x08002201   Thumb Code     8  stm32f10x_rcc.o(.text)
    RCC_GetClocksFreq                        0x08002209   Thumb Code   146  stm32f10x_rcc.o(.text)
    RCC_AHBPeriphClockCmd                    0x0800229b   Thumb Code    18  stm32f10x_rcc.o(.text)
    RCC_APB2PeriphClockCmd                   0x080022ad   Thumb Code    18  stm32f10x_rcc.o(.text)
    RCC_APB1PeriphClockCmd                   0x080022bf   Thumb Code    18  stm32f10x_rcc.o(.text)
    RCC_APB2PeriphResetCmd                   0x080022d1   Thumb Code    18  stm32f10x_rcc.o(.text)
    RCC_APB1PeriphResetCmd                   0x080022e3   Thumb Code    18  stm32f10x_rcc.o(.text)
    RCC_BackupResetCmd                       0x080022f5   Thumb Code     8  stm32f10x_rcc.o(.text)
    RCC_ClockSecuritySystemCmd               0x080022fd   Thumb Code     6  stm32f10x_rcc.o(.text)
    RCC_MCOConfig                            0x08002303   Thumb Code     6  stm32f10x_rcc.o(.text)
    RCC_ClearFlag                            0x08002309   Thumb Code    12  stm32f10x_rcc.o(.text)
    RCC_GetITStatus                          0x08002315   Thumb Code    16  stm32f10x_rcc.o(.text)
    RCC_ClearITPendingBit                    0x08002325   Thumb Code     6  stm32f10x_rcc.o(.text)
    TIM_DeInit                               0x0800235d   Thumb Code   304  stm32f10x_tim.o(.text)
    TIM_TimeBaseInit                         0x0800248d   Thumb Code   114  stm32f10x_tim.o(.text)
    TIM_OC1Init                              0x080024ff   Thumb Code   106  stm32f10x_tim.o(.text)
    TIM_OC2Init                              0x08002569   Thumb Code   116  stm32f10x_tim.o(.text)
    TIM_OC3Init                              0x080025dd   Thumb Code   112  stm32f10x_tim.o(.text)
    TIM_OC4Init                              0x0800264d   Thumb Code    86  stm32f10x_tim.o(.text)
    TIM_SetIC4Prescaler                      0x080026a3   Thumb Code    18  stm32f10x_tim.o(.text)
    TIM_SetIC3Prescaler                      0x080026b5   Thumb Code    16  stm32f10x_tim.o(.text)
    TIM_SetIC2Prescaler                      0x080026c5   Thumb Code    18  stm32f10x_tim.o(.text)
    TIM_SetIC1Prescaler                      0x08002739   Thumb Code    80  stm32f10x_tim.o(.text)
    TIM_ICInit                               0x080027dd   Thumb Code   270  stm32f10x_tim.o(.text)
    TIM_PWMIConfig                           0x080028eb   Thumb Code   104  stm32f10x_tim.o(.text)
    TIM_BDTRConfig                           0x08002953   Thumb Code    34  stm32f10x_tim.o(.text)
    TIM_TimeBaseStructInit                   0x08002975   Thumb Code    18  stm32f10x_tim.o(.text)
    TIM_OCStructInit                         0x08002987   Thumb Code    20  stm32f10x_tim.o(.text)
    TIM_ICStructInit                         0x0800299b   Thumb Code    16  stm32f10x_tim.o(.text)
    TIM_BDTRStructInit                       0x080029ab   Thumb Code    18  stm32f10x_tim.o(.text)
    TIM_Cmd                                  0x080029bd   Thumb Code    20  stm32f10x_tim.o(.text)
    TIM_CtrlPWMOutputs                       0x080029d1   Thumb Code    22  stm32f10x_tim.o(.text)
    TIM_ITConfig                             0x080029e7   Thumb Code    16  stm32f10x_tim.o(.text)
    TIM_GenerateEvent                        0x080029f7   Thumb Code     4  stm32f10x_tim.o(.text)
    TIM_DMAConfig                            0x080029fb   Thumb Code     8  stm32f10x_tim.o(.text)
    TIM_DMACmd                               0x08002a03   Thumb Code    16  stm32f10x_tim.o(.text)
    TIM_InternalClockConfig                  0x08002a13   Thumb Code    10  stm32f10x_tim.o(.text)
    TIM_SelectInputTrigger                   0x08002a1d   Thumb Code    12  stm32f10x_tim.o(.text)
    TIM_ITRxExternalClockConfig              0x08002a29   Thumb Code    18  stm32f10x_tim.o(.text)
    TIM_TIxExternalClockConfig               0x08002a3b   Thumb Code    44  stm32f10x_tim.o(.text)
    TIM_ETRConfig                            0x08002a67   Thumb Code    18  stm32f10x_tim.o(.text)
    TIM_ETRClockMode1Config                  0x08002a79   Thumb Code    18  stm32f10x_tim.o(.text)
    TIM_ETRClockMode2Config                  0x08002a8b   Thumb Code    18  stm32f10x_tim.o(.text)
    TIM_PrescalerConfig                      0x08002a9d   Thumb Code     6  stm32f10x_tim.o(.text)
    TIM_CounterModeConfig                    0x08002aa3   Thumb Code    12  stm32f10x_tim.o(.text)
    TIM_EncoderInterfaceConfig               0x08002aaf   Thumb Code    44  stm32f10x_tim.o(.text)
    TIM_ForcedOC1Config                      0x08002adb   Thumb Code    12  stm32f10x_tim.o(.text)
    TIM_ForcedOC2Config                      0x08002ae7   Thumb Code    14  stm32f10x_tim.o(.text)
    TIM_ForcedOC3Config                      0x08002af5   Thumb Code    12  stm32f10x_tim.o(.text)
    TIM_ForcedOC4Config                      0x08002b01   Thumb Code    14  stm32f10x_tim.o(.text)
    TIM_ARRPreloadConfig                     0x08002b0f   Thumb Code    20  stm32f10x_tim.o(.text)
    TIM_SelectCOM                            0x08002b23   Thumb Code    20  stm32f10x_tim.o(.text)
    TIM_SelectCCDMA                          0x08002b37   Thumb Code    20  stm32f10x_tim.o(.text)
    TIM_CCPreloadControl                     0x08002b4b   Thumb Code    20  stm32f10x_tim.o(.text)
    TIM_OC1PreloadConfig                     0x08002b5f   Thumb Code    12  stm32f10x_tim.o(.text)
    TIM_OC2PreloadConfig                     0x08002b6b   Thumb Code    14  stm32f10x_tim.o(.text)
    TIM_OC3PreloadConfig                     0x08002b79   Thumb Code    32  stm32f10x_tim.o(.text)
    TIM_OC4PreloadConfig                     0x08002b99   Thumb Code    14  stm32f10x_tim.o(.text)
    TIM_OC1FastConfig                        0x08002ba7   Thumb Code    12  stm32f10x_tim.o(.text)
    TIM_OC2FastConfig                        0x08002bb3   Thumb Code    14  stm32f10x_tim.o(.text)
    TIM_OC3FastConfig                        0x08002bc1   Thumb Code    12  stm32f10x_tim.o(.text)
    TIM_OC4FastConfig                        0x08002bcd   Thumb Code    14  stm32f10x_tim.o(.text)
    TIM_ClearOC1Ref                          0x08002bdb   Thumb Code    12  stm32f10x_tim.o(.text)
    TIM_ClearOC2Ref                          0x08002be7   Thumb Code    14  stm32f10x_tim.o(.text)
    TIM_ClearOC3Ref                          0x08002bf5   Thumb Code    12  stm32f10x_tim.o(.text)
    TIM_ClearOC4Ref                          0x08002c01   Thumb Code    14  stm32f10x_tim.o(.text)
    TIM_OC1PolarityConfig                    0x08002c0f   Thumb Code    12  stm32f10x_tim.o(.text)
    TIM_OC1NPolarityConfig                   0x08002c1b   Thumb Code    12  stm32f10x_tim.o(.text)
    TIM_OC2PolarityConfig                    0x08002c27   Thumb Code    14  stm32f10x_tim.o(.text)
    TIM_OC2NPolarityConfig                   0x08002c35   Thumb Code    14  stm32f10x_tim.o(.text)
    TIM_OC3PolarityConfig                    0x08002c43   Thumb Code    14  stm32f10x_tim.o(.text)
    TIM_OC3NPolarityConfig                   0x08002c51   Thumb Code    14  stm32f10x_tim.o(.text)
    TIM_OC4PolarityConfig                    0x08002c5f   Thumb Code    14  stm32f10x_tim.o(.text)
    TIM_CCxCmd                               0x08002c6d   Thumb Code    22  stm32f10x_tim.o(.text)
    TIM_CCxNCmd                              0x08002c83   Thumb Code    22  stm32f10x_tim.o(.text)
    TIM_SelectOCxM                           0x08002c99   Thumb Code    66  stm32f10x_tim.o(.text)
    TIM_UpdateDisableConfig                  0x08002cdb   Thumb Code    20  stm32f10x_tim.o(.text)
    TIM_UpdateRequestConfig                  0x08002cef   Thumb Code    20  stm32f10x_tim.o(.text)
    TIM_SelectHallSensor                     0x08002d03   Thumb Code    20  stm32f10x_tim.o(.text)
    TIM_SelectOnePulseMode                   0x08002d17   Thumb Code    16  stm32f10x_tim.o(.text)
    TIM_SelectOutputTrigger                  0x08002d27   Thumb Code    16  stm32f10x_tim.o(.text)
    TIM_SelectSlaveMode                      0x08002d37   Thumb Code    16  stm32f10x_tim.o(.text)
    TIM_SelectMasterSlaveMode                0x08002d47   Thumb Code    16  stm32f10x_tim.o(.text)
    TIM_SetCounter                           0x08002d57   Thumb Code     4  stm32f10x_tim.o(.text)
    TIM_SetAutoreload                        0x08002d5b   Thumb Code     4  stm32f10x_tim.o(.text)
    TIM_SetCompare1                          0x08002d5f   Thumb Code     4  stm32f10x_tim.o(.text)
    TIM_SetCompare2                          0x08002d63   Thumb Code     4  stm32f10x_tim.o(.text)
    TIM_SetCompare3                          0x08002d67   Thumb Code     4  stm32f10x_tim.o(.text)
    TIM_SetCompare4                          0x08002d6b   Thumb Code     6  stm32f10x_tim.o(.text)
    TIM_SetClockDivision                     0x08002d71   Thumb Code    16  stm32f10x_tim.o(.text)
    TIM_GetCapture1                          0x08002d81   Thumb Code     4  stm32f10x_tim.o(.text)
    TIM_GetCapture2                          0x08002d85   Thumb Code     4  stm32f10x_tim.o(.text)
    TIM_GetCapture3                          0x08002d89   Thumb Code     4  stm32f10x_tim.o(.text)
    TIM_GetCapture4                          0x08002d8d   Thumb Code     6  stm32f10x_tim.o(.text)
    TIM_GetCounter                           0x08002d93   Thumb Code     4  stm32f10x_tim.o(.text)
    TIM_GetPrescaler                         0x08002d97   Thumb Code     4  stm32f10x_tim.o(.text)
    TIM_GetFlagStatus                        0x08002d9b   Thumb Code    14  stm32f10x_tim.o(.text)
    TIM_ClearFlag                            0x08002da9   Thumb Code     6  stm32f10x_tim.o(.text)
    TIM_GetITStatus                          0x08002daf   Thumb Code    24  stm32f10x_tim.o(.text)
    TIM_ClearITPendingBit                    0x08002dc7   Thumb Code     6  stm32f10x_tim.o(.text)
    USART_DeInit                             0x08002dcd   Thumb Code    96  stm32f10x_usart.o(.text)
    USART_Init                               0x08002e2d   Thumb Code   176  stm32f10x_usart.o(.text)
    USART_StructInit                         0x08002edd   Thumb Code    22  stm32f10x_usart.o(.text)
    USART_ClockInit                          0x08002ef3   Thumb Code    30  stm32f10x_usart.o(.text)
    USART_ClockStructInit                    0x08002f11   Thumb Code    12  stm32f10x_usart.o(.text)
    USART_Cmd                                0x08002f1d   Thumb Code    20  stm32f10x_usart.o(.text)
    USART_ITConfig                           0x08002f31   Thumb Code    48  stm32f10x_usart.o(.text)
    USART_DMACmd                             0x08002f61   Thumb Code    16  stm32f10x_usart.o(.text)
    USART_SetAddress                         0x08002f71   Thumb Code    16  stm32f10x_usart.o(.text)
    USART_WakeUpConfig                       0x08002f81   Thumb Code    16  stm32f10x_usart.o(.text)
    USART_ReceiverWakeUpCmd                  0x08002f91   Thumb Code    20  stm32f10x_usart.o(.text)
    USART_LINBreakDetectLengthConfig         0x08002fa5   Thumb Code    16  stm32f10x_usart.o(.text)
    USART_LINCmd                             0x08002fb5   Thumb Code    20  stm32f10x_usart.o(.text)
    USART_SendData                           0x08002fc9   Thumb Code     8  stm32f10x_usart.o(.text)
    USART_ReceiveData                        0x08002fd1   Thumb Code     8  stm32f10x_usart.o(.text)
    USART_SendBreak                          0x08002fd9   Thumb Code    10  stm32f10x_usart.o(.text)
    USART_SetGuardTime                       0x08002fe3   Thumb Code    16  stm32f10x_usart.o(.text)
    USART_SetPrescaler                       0x08002ff3   Thumb Code    16  stm32f10x_usart.o(.text)
    USART_SmartCardCmd                       0x08003003   Thumb Code    20  stm32f10x_usart.o(.text)
    USART_SmartCardNACKCmd                   0x08003017   Thumb Code    20  stm32f10x_usart.o(.text)
    USART_HalfDuplexCmd                      0x0800302b   Thumb Code    20  stm32f10x_usart.o(.text)
    USART_OverSampling8Cmd                   0x0800303f   Thumb Code    20  stm32f10x_usart.o(.text)
    USART_OneBitMethodCmd                    0x08003053   Thumb Code    20  stm32f10x_usart.o(.text)
    USART_IrDAConfig                         0x08003067   Thumb Code    16  stm32f10x_usart.o(.text)
    USART_IrDACmd                            0x08003077   Thumb Code    20  stm32f10x_usart.o(.text)
    USART_GetFlagStatus                      0x0800308b   Thumb Code    14  stm32f10x_usart.o(.text)
    USART_ClearFlag                          0x08003099   Thumb Code     6  stm32f10x_usart.o(.text)
    USART_GetITStatus                        0x0800309f   Thumb Code    62  stm32f10x_usart.o(.text)
    USART_ClearITPendingBit                  0x080030dd   Thumb Code    12  stm32f10x_usart.o(.text)
    Reset_Handler                            0x080030fd   Thumb Code     8  startup_stm32f10x_md_vl.o(.text)
    ADC1_IRQHandler                          0x08003117   Thumb Code     0  startup_stm32f10x_md_vl.o(.text)
    CEC_IRQHandler                           0x08003117   Thumb Code     0  startup_stm32f10x_md_vl.o(.text)
    DMA1_Channel1_IRQHandler                 0x08003117   Thumb Code     0  startup_stm32f10x_md_vl.o(.text)
    DMA1_Channel2_IRQHandler                 0x08003117   Thumb Code     0  startup_stm32f10x_md_vl.o(.text)
    DMA1_Channel3_IRQHandler                 0x08003117   Thumb Code     0  startup_stm32f10x_md_vl.o(.text)
    DMA1_Channel4_IRQHandler                 0x08003117   Thumb Code     0  startup_stm32f10x_md_vl.o(.text)
    DMA1_Channel5_IRQHandler                 0x08003117   Thumb Code     0  startup_stm32f10x_md_vl.o(.text)
    DMA1_Channel6_IRQHandler                 0x08003117   Thumb Code     0  startup_stm32f10x_md_vl.o(.text)
    DMA1_Channel7_IRQHandler                 0x08003117   Thumb Code     0  startup_stm32f10x_md_vl.o(.text)
    EXTI0_IRQHandler                         0x08003117   Thumb Code     0  startup_stm32f10x_md_vl.o(.text)
    EXTI15_10_IRQHandler                     0x08003117   Thumb Code     0  startup_stm32f10x_md_vl.o(.text)
    EXTI1_IRQHandler                         0x08003117   Thumb Code     0  startup_stm32f10x_md_vl.o(.text)
    EXTI2_IRQHandler                         0x08003117   Thumb Code     0  startup_stm32f10x_md_vl.o(.text)
    EXTI3_IRQHandler                         0x08003117   Thumb Code     0  startup_stm32f10x_md_vl.o(.text)
    EXTI4_IRQHandler                         0x08003117   Thumb Code     0  startup_stm32f10x_md_vl.o(.text)
    EXTI9_5_IRQHandler                       0x08003117   Thumb Code     0  startup_stm32f10x_md_vl.o(.text)
    FLASH_IRQHandler                         0x08003117   Thumb Code     0  startup_stm32f10x_md_vl.o(.text)
    I2C1_ER_IRQHandler                       0x08003117   Thumb Code     0  startup_stm32f10x_md_vl.o(.text)
    I2C2_ER_IRQHandler                       0x08003117   Thumb Code     0  startup_stm32f10x_md_vl.o(.text)
    PVD_IRQHandler                           0x08003117   Thumb Code     0  startup_stm32f10x_md_vl.o(.text)
    RCC_IRQHandler                           0x08003117   Thumb Code     0  startup_stm32f10x_md_vl.o(.text)
    RTCAlarm_IRQHandler                      0x08003117   Thumb Code     0  startup_stm32f10x_md_vl.o(.text)
    RTC_IRQHandler                           0x08003117   Thumb Code     0  startup_stm32f10x_md_vl.o(.text)
    SPI1_IRQHandler                          0x08003117   Thumb Code     0  startup_stm32f10x_md_vl.o(.text)
    SPI2_IRQHandler                          0x08003117   Thumb Code     0  startup_stm32f10x_md_vl.o(.text)
    TAMPER_IRQHandler                        0x08003117   Thumb Code     0  startup_stm32f10x_md_vl.o(.text)
    TIM1_BRK_TIM15_IRQHandler                0x08003117   Thumb Code     0  startup_stm32f10x_md_vl.o(.text)
    TIM1_CC_IRQHandler                       0x08003117   Thumb Code     0  startup_stm32f10x_md_vl.o(.text)
    TIM1_TRG_COM_TIM17_IRQHandler            0x08003117   Thumb Code     0  startup_stm32f10x_md_vl.o(.text)
    TIM1_UP_TIM16_IRQHandler                 0x08003117   Thumb Code     0  startup_stm32f10x_md_vl.o(.text)
    TIM2_IRQHandler                          0x08003117   Thumb Code     0  startup_stm32f10x_md_vl.o(.text)
    TIM3_IRQHandler                          0x08003117   Thumb Code     0  startup_stm32f10x_md_vl.o(.text)
    TIM4_IRQHandler                          0x08003117   Thumb Code     0  startup_stm32f10x_md_vl.o(.text)
    TIM6_DAC_IRQHandler                      0x08003117   Thumb Code     0  startup_stm32f10x_md_vl.o(.text)
    TIM7_IRQHandler                          0x08003117   Thumb Code     0  startup_stm32f10x_md_vl.o(.text)
    USART3_IRQHandler                        0x08003117   Thumb Code     0  startup_stm32f10x_md_vl.o(.text)
    WWDG_IRQHandler                          0x08003117   Thumb Code     0  startup_stm32f10x_md_vl.o(.text)
    __user_initial_stackheap                 0x08003119   Thumb Code     0  startup_stm32f10x_md_vl.o(.text)
    __aeabi_memcpy                           0x0800313d   Thumb Code     0  rt_memcpy_v6.o(.text)
    __rt_memcpy                              0x0800313d   Thumb Code   138  rt_memcpy_v6.o(.text)
    _memcpy_lastbytes                        0x080031a3   Thumb Code     0  rt_memcpy_v6.o(.text)
    __aeabi_memcpy4                          0x080031c7   Thumb Code     0  rt_memcpy_w.o(.text)
    __aeabi_memcpy8                          0x080031c7   Thumb Code     0  rt_memcpy_w.o(.text)
    __rt_memcpy_w                            0x080031c7   Thumb Code   100  rt_memcpy_w.o(.text)
    _memcpy_lastbytes_aligned                0x0800320f   Thumb Code     0  rt_memcpy_w.o(.text)
    __aeabi_memclr                           0x0800322b   Thumb Code     0  rt_memclr.o(.text)
    __rt_memclr                              0x0800322b   Thumb Code    68  rt_memclr.o(.text)
    _memset                                  0x0800322f   Thumb Code     0  rt_memclr.o(.text)
    __use_two_region_memory                  0x0800326f   Thumb Code     2  heapauxi.o(.text)
    __rt_heap_escrow$2region                 0x08003271   Thumb Code     2  heapauxi.o(.text)
    __rt_heap_expand$2region                 0x08003273   Thumb Code     2  heapauxi.o(.text)
    __aeabi_memclr4                          0x08003275   Thumb Code     0  rt_memclr_w.o(.text)
    __aeabi_memclr8                          0x08003275   Thumb Code     0  rt_memclr_w.o(.text)
    __rt_memclr_w                            0x08003275   Thumb Code    78  rt_memclr_w.o(.text)
    _memset_w                                0x08003279   Thumb Code     0  rt_memclr_w.o(.text)
    __user_setup_stackheap                   0x080032c3   Thumb Code    74  sys_stackheap_outer.o(.text)
    exit                                     0x0800330d   Thumb Code    12  exit.o(.text)
    __user_libspace                          0x08003319   Thumb Code     8  libspace.o(.text)
    __user_perproc_libspace                  0x08003319   Thumb Code     0  libspace.o(.text)
    __user_perthread_libspace                0x08003319   Thumb Code     0  libspace.o(.text)
    __rt_fp_status_addr                      0x08003321   Thumb Code     8  rt_fp_status_addr_intlibspace.o(.text)
    _sys_exit                                0x08003329   Thumb Code     8  sys_exit.o(.text)
    __I$use$semihosting                      0x08003335   Thumb Code     0  use_no_semi.o(.text)
    __use_no_semihosting_swi                 0x08003335   Thumb Code     2  use_no_semi.o(.text)
    __semihosting_library_function           0x08003337   Thumb Code     0  indicate_semi.o(.text)
    usdelay                                  0x08003339   Thumb Code    26  dev_spi.o(i.usdelay)
    __aeabi_d2f                              0x0800335d   Thumb Code     0  d2f.o(x$fpl$d2f)
    _d2f                                     0x0800335d   Thumb Code    98  d2f.o(x$fpl$d2f)
    __aeabi_dadd                             0x080033c1   Thumb Code     0  daddsub_clz.o(x$fpl$dadd)
    _dadd                                    0x080033c1   Thumb Code   332  daddsub_clz.o(x$fpl$dadd)
    __fpl_dcheck_NaN1                        0x08003511   Thumb Code    10  dcheck1.o(x$fpl$dcheck1)
    __aeabi_ddiv                             0x08003521   Thumb Code     0  ddiv.o(x$fpl$ddiv)
    _ddiv                                    0x08003521   Thumb Code   552  ddiv.o(x$fpl$ddiv)
    __aeabi_ui2d                             0x080037d1   Thumb Code     0  dflt_clz.o(x$fpl$dfltu)
    _dfltu                                   0x080037d1   Thumb Code    38  dflt_clz.o(x$fpl$dfltu)
    __aeabi_dmul                             0x080037f9   Thumb Code     0  dmul.o(x$fpl$dmul)
    _dmul                                    0x080037f9   Thumb Code   332  dmul.o(x$fpl$dmul)
    __fpl_dnaninf                            0x0800394d   Thumb Code   156  dnaninf.o(x$fpl$dnaninf)
    __fpl_dretinf                            0x080039e9   Thumb Code    12  dretinf.o(x$fpl$dretinf)
    __aeabi_drsub                            0x080039f5   Thumb Code     0  daddsub_clz.o(x$fpl$drsb)
    _drsb                                    0x080039f5   Thumb Code    22  daddsub_clz.o(x$fpl$drsb)
    __aeabi_dsub                             0x08003a0d   Thumb Code     0  daddsub_clz.o(x$fpl$dsub)
    _dsub                                    0x08003a0d   Thumb Code   464  daddsub_clz.o(x$fpl$dsub)
    __aeabi_f2iz                             0x08003be1   Thumb Code     0  ffix.o(x$fpl$ffix)
    _ffix                                    0x08003be1   Thumb Code    54  ffix.o(x$fpl$ffix)
    __fpl_fnaninf                            0x08003c17   Thumb Code   140  fnaninf.o(x$fpl$fnaninf)
    _fp_init                                 0x08003ca3   Thumb Code    14  fpinit.o(x$fpl$fpinit)
    __fplib_config_pureend_doubles           0x08003caf   Thumb Code     0  fpinit.o(x$fpl$fpinit)
    __fpl_fretinf                            0x08003cb1   Thumb Code    10  fretinf.o(x$fpl$fretinf)
    __fpl_return_NaN                         0x08003cbb   Thumb Code   100  retnan.o(x$fpl$retnan)
    __ARM_scalbn                             0x08003d1f   Thumb Code    96  scalbn.o(x$fpl$scalbn)
    __fpl_inf_scalbn                         0x08003d7d   Thumb Code     0  scalbn.o(x$fpl$scalbn)
    __fpl_cmpreturn                          0x08003d7f   Thumb Code    48  trapv.o(x$fpl$trapveneer)
    __I$use$fp                               0x08003daf   Thumb Code     0  usenofp.o(x$fpl$usenofp)
    attBus                                   0x08003dd0   Data          24  target.o(.constdata)
    Region$$Table$$Base                      0x08003ff8   Number         0  anon$$obj.o(Region$$Table)
    Region$$Table$$Limit                     0x08004018   Number         0  anon$$obj.o(Region$$Table)
    TaskControl                              0x08005001   Thumb Code    54  rf_control.o(POINTER)
    BootloaderV                              0x08005ff0   Data           1  rf_control.o(.ARM.__AT_0x08005FF0)
    SoftwareV                                0x08005ff4   Data           1  rf_control.o(.ARM.__AT_0x08005FF4)
    HardwareV                                0x08005ff8   Data           1  rf_control.o(.ARM.__AT_0x08005FF8)
    FLASH_SetLatency                         0x08007001   Thumb Code    14  stm32f10x_flash.o(.text)
    FLASH_HalfCycleAccessCmd                 0x0800700f   Thumb Code    18  stm32f10x_flash.o(.text)
    FLASH_PrefetchBufferCmd                  0x08007021   Thumb Code    18  stm32f10x_flash.o(.text)
    FLASH_Unlock                             0x08007033   Thumb Code    12  stm32f10x_flash.o(.text)
    FLASH_UnlockBank1                        0x0800703f   Thumb Code    12  stm32f10x_flash.o(.text)
    FLASH_Lock                               0x0800704b   Thumb Code    12  stm32f10x_flash.o(.text)
    FLASH_LockBank1                          0x08007057   Thumb Code    12  stm32f10x_flash.o(.text)
    FLASH_GetBank1Status                     0x08007063   Thumb Code    34  stm32f10x_flash.o(.text)
    FLASH_WaitForLastOperation               0x08007085   Thumb Code    34  stm32f10x_flash.o(.text)
    FLASH_ErasePage                          0x080070a7   Thumb Code    56  stm32f10x_flash.o(.text)
    FLASH_EraseAllPages                      0x080070df   Thumb Code    52  stm32f10x_flash.o(.text)
    FLASH_WaitForLastBank1Operation          0x08007113   Thumb Code    34  stm32f10x_flash.o(.text)
    FLASH_EraseAllBank1Pages                 0x08007135   Thumb Code    52  stm32f10x_flash.o(.text)
    FLASH_GetReadOutProtectionStatus         0x08007169   Thumb Code    14  stm32f10x_flash.o(.text)
    FLASH_EraseOptionBytes                   0x08007177   Thumb Code   108  stm32f10x_flash.o(.text)
    FLASH_ProgramWord                        0x080071e3   Thumb Code    64  stm32f10x_flash.o(.text)
    FLASH_ProgramHalfWord                    0x08007223   Thumb Code    48  stm32f10x_flash.o(.text)
    FLASH_ProgramOptionByteData              0x08007253   Thumb Code    62  stm32f10x_flash.o(.text)
    FLASH_EnableWriteProtection              0x08007291   Thumb Code   158  stm32f10x_flash.o(.text)
    FLASH_ReadOutProtection                  0x0800732f   Thumb Code   118  stm32f10x_flash.o(.text)
    FLASH_UserOptionByteConfig               0x080073a5   Thumb Code    92  stm32f10x_flash.o(.text)
    FLASH_GetUserOptionByte                  0x08007401   Thumb Code     8  stm32f10x_flash.o(.text)
    FLASH_GetWriteProtectionOptionByte       0x08007409   Thumb Code     6  stm32f10x_flash.o(.text)
    FLASH_GetPrefetchBufferStatus            0x0800740f   Thumb Code    14  stm32f10x_flash.o(.text)
    FLASH_ITConfig                           0x0800741d   Thumb Code    18  stm32f10x_flash.o(.text)
    FLASH_GetFlagStatus                      0x0800742f   Thumb Code    28  stm32f10x_flash.o(.text)
    FLASH_ClearFlag                          0x0800744b   Thumb Code     6  stm32f10x_flash.o(.text)
    FLASH_GetStatus                          0x08007451   Thumb Code    34  stm32f10x_flash.o(.text)
    IWDG_WriteAccessCmd                      0x08007479   Thumb Code     6  stm32f10x_iwdg.o(.text)
    IWDG_SetPrescaler                        0x0800747f   Thumb Code     6  stm32f10x_iwdg.o(.text)
    IWDG_SetReload                           0x08007485   Thumb Code     6  stm32f10x_iwdg.o(.text)
    IWDG_ReloadCounter                       0x0800748b   Thumb Code    10  stm32f10x_iwdg.o(.text)
    IWDG_Enable                              0x08007495   Thumb Code    10  stm32f10x_iwdg.o(.text)
    IWDG_GetFlagStatus                       0x0800749f   Thumb Code    16  stm32f10x_iwdg.o(.text)
    Bootloader                               0x080074b5   Thumb Code    86  user_flash.o(BOOTLOADER)
    modelAddr                                0x20000002   Data           1  rf_parameter.o(.data)
    modelFwCrc                               0x20000004   Data           2  rf_parameter.o(.data)
    modelReset                               0x20000006   Data           1  rf_parameter.o(.data)
    modelUpgrade                             0x20000007   Data           1  rf_parameter.o(.data)
    SystemCoreClock                          0x2000000c   Data           4  system_stm32f10x.o(.data)
    AHBPrescTable                            0x20000010   Data          16  system_stm32f10x.o(.data)
    i2c_slave_handle                         0x2000002c   Data           4  user_i2c.o(.data)
    uartBuf                                  0x2000070c   Data        1024  user_uart.o(.bss)
    __libspace_start                         0x20000f2c   Data          96  libspace.o(.bss)
    __temporary_stack_top$libspace           0x20000f8c   Data           0  libspace.o(.bss)



==============================================================================

Memory Map of the image

  Image Entry point : 0x08000121

  Load Region LR_IROM1 (Base: 0x08000000, Size: 0x00007514, Max: 0x00010000, ABSOLUTE)

    Execution Region ER_IROM1 (Base: 0x08000000, Size: 0x00004018, Max: 0x00010000, ABSOLUTE)

    Base Addr    Size         Type   Attr      Idx    E Section Name        Object

    0x08000000   0x00000120   Data   RO          671    RESET               startup_stm32f10x_md_vl.o
    0x08000120   0x00000008   Code   RO          686  * !!!main             c_w.l(__main.o)
    0x08000128   0x00000034   Code   RO          892    !!!scatter          c_w.l(__scatter.o)
    0x0800015c   0x0000001a   Code   RO          894    !!handler_copy      c_w.l(__scatter_copy.o)
    0x08000176   0x00000002   PAD
    0x08000178   0x0000001c   Code   RO          896    !!handler_zi        c_w.l(__scatter_zi.o)
    0x08000194   0x00000006   Code   RO          759    .ARM.Collect$$libinit$$00000000  c_w.l(libinit.o)
    0x0800019a   0x00000000   Code   RO          769    .ARM.Collect$$libinit$$00000006  c_w.l(libinit2.o)
    0x0800019a   0x00000000   Code   RO          771    .ARM.Collect$$libinit$$00000008  c_w.l(libinit2.o)
    0x0800019a   0x00000000   Code   RO          773    .ARM.Collect$$libinit$$0000000A  c_w.l(libinit2.o)
    0x0800019a   0x00000000   Code   RO          776    .ARM.Collect$$libinit$$0000000D  c_w.l(libinit2.o)
    0x0800019a   0x00000000   Code   RO          778    .ARM.Collect$$libinit$$0000000F  c_w.l(libinit2.o)
    0x0800019a   0x00000000   Code   RO          780    .ARM.Collect$$libinit$$00000011  c_w.l(libinit2.o)
    0x0800019a   0x00000000   Code   RO          782    .ARM.Collect$$libinit$$00000013  c_w.l(libinit2.o)
    0x0800019a   0x00000000   Code   RO          784    .ARM.Collect$$libinit$$00000015  c_w.l(libinit2.o)
    0x0800019a   0x00000000   Code   RO          786    .ARM.Collect$$libinit$$00000017  c_w.l(libinit2.o)
    0x0800019a   0x00000000   Code   RO          788    .ARM.Collect$$libinit$$00000019  c_w.l(libinit2.o)
    0x0800019a   0x00000000   Code   RO          790    .ARM.Collect$$libinit$$0000001B  c_w.l(libinit2.o)
    0x0800019a   0x00000000   Code   RO          792    .ARM.Collect$$libinit$$0000001D  c_w.l(libinit2.o)
    0x0800019a   0x00000000   Code   RO          794    .ARM.Collect$$libinit$$0000001F  c_w.l(libinit2.o)
    0x0800019a   0x00000000   Code   RO          796    .ARM.Collect$$libinit$$00000021  c_w.l(libinit2.o)
    0x0800019a   0x00000000   Code   RO          800    .ARM.Collect$$libinit$$00000028  c_w.l(libinit2.o)
    0x0800019a   0x00000000   Code   RO          802    .ARM.Collect$$libinit$$0000002A  c_w.l(libinit2.o)
    0x0800019a   0x00000000   Code   RO          804    .ARM.Collect$$libinit$$0000002C  c_w.l(libinit2.o)
    0x0800019a   0x00000000   Code   RO          806    .ARM.Collect$$libinit$$0000002E  c_w.l(libinit2.o)
    0x0800019a   0x00000002   Code   RO          807    .ARM.Collect$$libinit$$0000002F  c_w.l(libinit2.o)
    0x0800019c   0x00000002   Code   RO          833    .ARM.Collect$$libshutdown$$00000000  c_w.l(libshutdown.o)
    0x0800019e   0x00000000   Code   RO          847    .ARM.Collect$$libshutdown$$00000003  c_w.l(libshutdown2.o)
    0x0800019e   0x00000000   Code   RO          850    .ARM.Collect$$libshutdown$$00000006  c_w.l(libshutdown2.o)
    0x0800019e   0x00000000   Code   RO          853    .ARM.Collect$$libshutdown$$00000009  c_w.l(libshutdown2.o)
    0x0800019e   0x00000000   Code   RO          855    .ARM.Collect$$libshutdown$$0000000B  c_w.l(libshutdown2.o)
    0x0800019e   0x00000000   Code   RO          858    .ARM.Collect$$libshutdown$$0000000E  c_w.l(libshutdown2.o)
    0x0800019e   0x00000002   Code   RO          859    .ARM.Collect$$libshutdown$$0000000F  c_w.l(libshutdown2.o)
    0x080001a0   0x00000000   Code   RO          714    .ARM.Collect$$rtentry$$00000000  c_w.l(rtentry.o)
    0x080001a0   0x00000000   Code   RO          730    .ARM.Collect$$rtentry$$00000002  c_w.l(rtentry2.o)
    0x080001a0   0x00000006   Code   RO          745    .ARM.Collect$$rtentry$$00000004  c_w.l(rtentry4.o)
    0x080001a6   0x00000000   Code   RO          732    .ARM.Collect$$rtentry$$00000009  c_w.l(rtentry2.o)
    0x080001a6   0x00000004   Code   RO          733    .ARM.Collect$$rtentry$$0000000A  c_w.l(rtentry2.o)
    0x080001aa   0x00000000   Code   RO          735    .ARM.Collect$$rtentry$$0000000C  c_w.l(rtentry2.o)
    0x080001aa   0x00000008   Code   RO          736    .ARM.Collect$$rtentry$$0000000D  c_w.l(rtentry2.o)
    0x080001b2   0x00000002   Code   RO          765    .ARM.Collect$$rtexit$$00000000  c_w.l(rtexit.o)
    0x080001b4   0x00000000   Code   RO          811    .ARM.Collect$$rtexit$$00000002  c_w.l(rtexit2.o)
    0x080001b4   0x00000004   Code   RO          812    .ARM.Collect$$rtexit$$00000003  c_w.l(rtexit2.o)
    0x080001b8   0x00000006   Code   RO          813    .ARM.Collect$$rtexit$$00000004  c_w.l(rtexit2.o)
    0x080001be   0x00000002   PAD
    0x080001c0   0x00000078   Code   RO            1    .text               main.o
    0x08000238   0x00000460   Code   RO          212    .text               rf_protocol.o
    0x08000698   0x00000194   Code   RO          230    .text               rf_parameter.o
    0x0800082c   0x00000100   Code   RO          250    .text               task.o
    0x0800092c   0x000000b0   Code   RO          268    .text               target.o
    0x080009dc   0x00000012   Code   RO          288    .text               stm32f10x_it.o
    0x080009ee   0x00000002   PAD
    0x080009f0   0x000000c0   Code   RO          351    .text               system_stm32f10x.o
    0x08000ab0   0x00000168   Code   RO          369    .text               dev_spi.o
    0x08000c18   0x00000040   Code   RO          399    .text               dev_att.o
    0x08000c58   0x0000008c   Code   RO          414    .text               dev_e2prom.o
    0x08000ce4   0x00000040   Code   RO          429    .text               dev_temp.o
    0x08000d24   0x000000ac   Code   RO          444    .text               user_timer.o
    0x08000dd0   0x00000164   Code   RO          460    .text               user_adc.o
    0x08000f34   0x00000328   Code   RO          475    .text               user_i2c.o
    0x0800125c   0x00000278   Code   RO          494    .text               user_uart.o
    0x080014d4   0x00000258   Code   RO          512    .text               user_flash.o
    0x0800172c   0x000000b0   Code   RO          534    .text               misc.o
    0x080017dc   0x00000324   Code   RO          546    .text               stm32f10x_adc.o
    0x08001b00   0x00000268   Code   RO          558    .text               stm32f10x_gpio.o
    0x08001d68   0x00000310   Code   RO          570    .text               stm32f10x_i2c.o
    0x08002078   0x000002e4   Code   RO          582    .text               stm32f10x_rcc.o
    0x0800235c   0x00000a70   Code   RO          596    .text               stm32f10x_tim.o
    0x08002dcc   0x00000330   Code   RO          609    .text               stm32f10x_usart.o
    0x080030fc   0x00000040   Code   RO          672    .text               startup_stm32f10x_md_vl.o
    0x0800313c   0x0000008a   Code   RO          678    .text               c_w.l(rt_memcpy_v6.o)
    0x080031c6   0x00000064   Code   RO          680    .text               c_w.l(rt_memcpy_w.o)
    0x0800322a   0x00000044   Code   RO          682    .text               c_w.l(rt_memclr.o)
    0x0800326e   0x00000006   Code   RO          684    .text               c_w.l(heapauxi.o)
    0x08003274   0x0000004e   Code   RO          716    .text               c_w.l(rt_memclr_w.o)
    0x080032c2   0x0000004a   Code   RO          749    .text               c_w.l(sys_stackheap_outer.o)
    0x0800330c   0x0000000c   Code   RO          751    .text               c_w.l(exit.o)
    0x08003318   0x00000008   Code   RO          762    .text               c_w.l(libspace.o)
    0x08003320   0x00000008   Code   RO          821    .text               c_w.l(rt_fp_status_addr_intlibspace.o)
    0x08003328   0x0000000c   Code   RO          825    .text               c_w.l(sys_exit.o)
    0x08003334   0x00000002   Code   RO          836    .text               c_w.l(use_no_semi.o)
    0x08003336   0x00000000   Code   RO          838    .text               c_w.l(indicate_semi.o)
    0x08003336   0x00000002   PAD
    0x08003338   0x00000024   Code   RO          378    i.usdelay           dev_spi.o
    0x0800335c   0x00000062   Code   RO          688    x$fpl$d2f           fz_ws.l(d2f.o)
    0x080033be   0x00000002   PAD
    0x080033c0   0x00000150   Code   RO          690    x$fpl$dadd          fz_ws.l(daddsub_clz.o)
    0x08003510   0x00000010   Code   RO          718    x$fpl$dcheck1       fz_ws.l(dcheck1.o)
    0x08003520   0x000002b0   Code   RO          697    x$fpl$ddiv          fz_ws.l(ddiv.o)
    0x080037d0   0x00000026   Code   RO          700    x$fpl$dfltu         fz_ws.l(dflt_clz.o)
    0x080037f6   0x00000002   PAD
    0x080037f8   0x00000154   Code   RO          706    x$fpl$dmul          fz_ws.l(dmul.o)
    0x0800394c   0x0000009c   Code   RO          720    x$fpl$dnaninf       fz_ws.l(dnaninf.o)
    0x080039e8   0x0000000c   Code   RO          722    x$fpl$dretinf       fz_ws.l(dretinf.o)
    0x080039f4   0x00000016   Code   RO          691    x$fpl$drsb          fz_ws.l(daddsub_clz.o)
    0x08003a0a   0x00000002   PAD
    0x08003a0c   0x000001d4   Code   RO          692    x$fpl$dsub          fz_ws.l(daddsub_clz.o)
    0x08003be0   0x00000036   Code   RO          708    x$fpl$ffix          fz_ws.l(ffix.o)
    0x08003c16   0x0000008c   Code   RO          724    x$fpl$fnaninf       fz_ws.l(fnaninf.o)
    0x08003ca2   0x0000000e   Code   RO          808    x$fpl$fpinit        fz_ws.l(fpinit.o)
    0x08003cb0   0x0000000a   Code   RO          726    x$fpl$fretinf       fz_ws.l(fretinf.o)
    0x08003cba   0x00000064   Code   RO          747    x$fpl$retnan        fz_ws.l(retnan.o)
    0x08003d1e   0x00000060   Code   RO          712    x$fpl$scalbn        fz_ws.l(scalbn.o)
    0x08003d7e   0x00000030   Code   RO          760    x$fpl$trapveneer    fz_ws.l(trapv.o)
    0x08003dae   0x00000000   Code   RO          728    x$fpl$usenofp       fz_ws.l(usenofp.o)
    0x08003dae   0x00000002   PAD
    0x08003db0   0x00000020   Data   RO          213    .constdata          rf_protocol.o
    0x08003dd0   0x00000018   Data   RO          269    .constdata          target.o
    0x08003de8   0x00000210   Data   RO          270    .constdata          target.o
    0x08003ff8   0x00000020   Data   RO          890    Region$$Table       anon$$obj.o


    Execution Region EX_1 (Base: 0x08005000, Size: 0x00000ffc, Max: 0x00001000, ABSOLUTE, FIXED)

    Base Addr    Size         Type   Attr      Idx    E Section Name        Object

    0x08005000   0x00000036   Code   RO          158    POINTER             rf_control.o
    0x08005036   0x00000002   PAD
    0x08005038   0x0000088c   Code   RO          157    .text               rf_control.o
    0x080058c4   0x00000390   Data   RO          163    .constdata          rf_control.o
    0x08005c54   0x0000039c   PAD
    0x08005ff0   0x00000001   Data   RO          159    .ARM.__AT_0x08005FF0  rf_control.o
    0x08005ff1   0x00000003   PAD
    0x08005ff4   0x00000001   Data   RO          160    .ARM.__AT_0x08005FF4  rf_control.o
    0x08005ff5   0x00000003   PAD
    0x08005ff8   0x00000001   Data   RO          161    .ARM.__AT_0x08005FF8  rf_control.o


    Execution Region EX_2 (Base: 0x08007000, Size: 0x00000514, Max: 0x00001000, ABSOLUTE, FIXED)

    Base Addr    Size         Type   Attr      Idx    E Section Name        Object

    0x08007000   0x00000478   Code   RO          621    .text               stm32f10x_flash.o
    0x08007478   0x0000003c   Code   RO          634    .text               stm32f10x_iwdg.o
    0x080074b4   0x00000060   Code   RO          513    BOOTLOADER          user_flash.o


    Execution Region RW_IRAM1 (Base: 0x20000000, Size: 0x00001590, Max: 0x00002000, ABSOLUTE)

    Base Addr    Size         Type   Attr      Idx    E Section Name        Object

    0x20000000   0x00000002   Data   RW          214    .data               rf_protocol.o
    0x20000002   0x00000001   Data   RW          231    .data               rf_parameter.o
    0x20000003   0x00000001   PAD
    0x20000004   0x00000002   Data   RW          232    .data               rf_parameter.o
    0x20000006   0x00000002   Data   RW          233    .data               rf_parameter.o
    0x20000008   0x00000001   Data   RW          252    .data               task.o
    0x20000009   0x00000003   PAD
    0x2000000c   0x00000014   Data   RW          352    .data               system_stm32f10x.o
    0x20000020   0x00000010   Data   RW          477    .data               user_i2c.o
    0x20000030   0x00000014   Data   RW          583    .data               stm32f10x_rcc.o
    0x20000044   0x000003e8   Zero   RW          162    .bss                rf_control.o
    0x2000042c   0x000000c8   Zero   RW          251    .bss                task.o
    0x200004f4   0x00000200   Zero   RW          476    .bss                user_i2c.o
    0x200006f4   0x00000430   Zero   RW          495    .bss                user_uart.o
    0x20000b24   0x00000408   Zero   RW          514    .bss                user_flash.o
    0x20000f2c   0x00000060   Zero   RW          763    .bss                c_w.l(libspace.o)
    0x20000f8c   0x00000004   PAD
    0x20000f90   0x00000200   Zero   RW          670    HEAP                startup_stm32f10x_md_vl.o
    0x20001190   0x00000400   Zero   RW          669    STACK               startup_stm32f10x_md_vl.o


==============================================================================

Image component sizes


      Code (inc. data)   RO Data    RW Data    ZI Data      Debug   Object Name

         0          0          0          0          0         32   core_cm3.o
        64          6          0          0          0        898   dev_att.o
       140          6          0          0          0       1445   dev_e2prom.o
       396         26          0          0          0       3344   dev_spi.o
        64          6          0          0          0       1198   dev_temp.o
       120         26          0          0          0     264719   main.o
       176         18          0          0          0       1833   misc.o
      2242         80        915          0       1000      27343   rf_control.o
       404         40          0          5          0       3747   rf_parameter.o
      1120         38         32          2          0       4947   rf_protocol.o
        64         26        288          0       1536        784   startup_stm32f10x_md_vl.o
       804         24          0          0          0      11097   stm32f10x_adc.o
      1144         22          0          0          0       9160   stm32f10x_flash.o
       616         42          0          0          0       5901   stm32f10x_gpio.o
       784         12          0          0          0       9479   stm32f10x_i2c.o
        18          0          0          0          0      70778   stm32f10x_it.o
        60          6          0          0          0       1277   stm32f10x_iwdg.o
       740         50          0         20          0       9242   stm32f10x_rcc.o
      2672         84          0          0          0      23714   stm32f10x_tim.o
       816         20          0          0          0       8832   stm32f10x_usart.o
       192         34          0         20          0       1467   system_stm32f10x.o
       176         14        552          0          0       3760   target.o
       256          8          0          1        200       2043   task.o
       356         26          0          0          0       1534   user_adc.o
       696         38          0          0       1032       3577   user_flash.o
       808         48          0         16        512       4952   user_i2c.o
       172          6          0          0          0       2111   user_timer.o
       632         16          0          0       1072       3607   user_uart.o

    ----------------------------------------------------------------------
     15736        722       2752         68       5352     482821   Object Totals
         0          0         32          0          0          0   (incl. Generated)
         4          0        933          4          0          0   (incl. Padding)

    ----------------------------------------------------------------------

      Code (inc. data)   RO Data    RW Data    ZI Data      Debug   Library Member Name

         8          0          0          0          0         68   __main.o
        52          8          0          0          0          0   __scatter.o
        26          0          0          0          0          0   __scatter_copy.o
        28          0          0          0          0          0   __scatter_zi.o
        12          0          0          0          0         72   exit.o
         6          0          0          0          0        152   heapauxi.o
         0          0          0          0          0          0   indicate_semi.o
         6          0          0          0          0          0   libinit.o
         2          0          0          0          0          0   libinit2.o
         2          0          0          0          0          0   libshutdown.o
         2          0          0          0          0          0   libshutdown2.o
         8          4          0          0         96         68   libspace.o
         8          4          0          0          0         68   rt_fp_status_addr_intlibspace.o
        68          0          0          0          0         68   rt_memclr.o
        78          0          0          0          0         80   rt_memclr_w.o
       138          0          0          0          0         68   rt_memcpy_v6.o
       100          0          0          0          0         80   rt_memcpy_w.o
         0          0          0          0          0          0   rtentry.o
        12          0          0          0          0          0   rtentry2.o
         6          0          0          0          0          0   rtentry4.o
         2          0          0          0          0          0   rtexit.o
        10          0          0          0          0          0   rtexit2.o
        12          4          0          0          0         68   sys_exit.o
        74          0          0          0          0         80   sys_stackheap_outer.o
         2          0          0          0          0         68   use_no_semi.o
        98          4          0          0          0         92   d2f.o
       826         16          0          0          0        356   daddsub_clz.o
        16          4          0          0          0         68   dcheck1.o
       688        140          0          0          0        212   ddiv.o
        38          0          0          0          0         68   dflt_clz.o
       340         12          0          0          0        104   dmul.o
       156          4          0          0          0         92   dnaninf.o
        12          0          0          0          0         68   dretinf.o
        54          4          0          0          0         84   ffix.o
       140          4          0          0          0         84   fnaninf.o
        14          0          0          0          0         76   fpinit.o
        10          0          0          0          0         68   fretinf.o
       100          0          0          0          0         68   retnan.o
        96          0          0          0          0         68   scalbn.o
        48          0          0          0          0         68   trapv.o
         0          0          0          0          0          0   usenofp.o

    ----------------------------------------------------------------------
      3312        208          0          0        100       2516   Library Totals
        14          0          0          0          4          0   (incl. Padding)

    ----------------------------------------------------------------------

      Code (inc. data)   RO Data    RW Data    ZI Data      Debug   Library Name

       662         20          0          0         96        940   c_w.l
      2636        188          0          0          0       1576   fz_ws.l

    ----------------------------------------------------------------------
      3312        208          0          0        100       2516   Library Totals

    ----------------------------------------------------------------------

==============================================================================


      Code (inc. data)   RO Data    RW Data    ZI Data      Debug   

     19048        930       2752         68       5452     480657   Grand Totals
     19048        930       2752         68       5452     480657   ELF Image Totals
     19048        930       2752         68          0          0   ROM Totals

==============================================================================

    Total RO  Size (Code + RO Data)                21800 (  21.29kB)
    Total RW  Size (RW Data + ZI Data)              5520 (   5.39kB)
    Total ROM Size (Code + RO Data + RW Data)      21868 (  21.36kB)

==============================================================================

